Archive member included to satisfy reference by file (symbol)

g:/cubeide/stm32cubeide_1.6.1/stm32cubeide/plugins/com.st.stm32cube.ide.mcu.externaltools.gnu-tools-for-stm32.9-2020-q2-update.win32_2.0.0.202105311346/tools/bin/../lib/gcc/arm-none-eabi/9.3.1/../../../../arm-none-eabi/lib/thumb/v7e-m+fp/hard\libc_nano.a(lib_a-calloc.o)
                              ./Core/Src/tim.o (calloc)
g:/cubeide/stm32cubeide_1.6.1/stm32cubeide/plugins/com.st.stm32cube.ide.mcu.externaltools.gnu-tools-for-stm32.9-2020-q2-update.win32_2.0.0.202105311346/tools/bin/../lib/gcc/arm-none-eabi/9.3.1/../../../../arm-none-eabi/lib/thumb/v7e-m+fp/hard\libc_nano.a(lib_a-errno.o)
                              ./Core/Src/syscalls.o (__errno)
g:/cubeide/stm32cubeide_1.6.1/stm32cubeide/plugins/com.st.stm32cube.ide.mcu.externaltools.gnu-tools-for-stm32.9-2020-q2-update.win32_2.0.0.202105311346/tools/bin/../lib/gcc/arm-none-eabi/9.3.1/../../../../arm-none-eabi/lib/thumb/v7e-m+fp/hard\libc_nano.a(lib_a-exit.o)
                              g:/cubeide/stm32cubeide_1.6.1/stm32cubeide/plugins/com.st.stm32cube.ide.mcu.externaltools.gnu-tools-for-stm32.9-2020-q2-update.win32_2.0.0.202105311346/tools/bin/../lib/gcc/arm-none-eabi/9.3.1/../../../../arm-none-eabi/lib/thumb/v7e-m+fp/hard/crt0.o (exit)
g:/cubeide/stm32cubeide_1.6.1/stm32cubeide/plugins/com.st.stm32cube.ide.mcu.externaltools.gnu-tools-for-stm32.9-2020-q2-update.win32_2.0.0.202105311346/tools/bin/../lib/gcc/arm-none-eabi/9.3.1/../../../../arm-none-eabi/lib/thumb/v7e-m+fp/hard\libc_nano.a(lib_a-impure.o)
                              g:/cubeide/stm32cubeide_1.6.1/stm32cubeide/plugins/com.st.stm32cube.ide.mcu.externaltools.gnu-tools-for-stm32.9-2020-q2-update.win32_2.0.0.202105311346/tools/bin/../lib/gcc/arm-none-eabi/9.3.1/../../../../arm-none-eabi/lib/thumb/v7e-m+fp/hard\libc_nano.a(lib_a-exit.o) (_global_impure_ptr)
g:/cubeide/stm32cubeide_1.6.1/stm32cubeide/plugins/com.st.stm32cube.ide.mcu.externaltools.gnu-tools-for-stm32.9-2020-q2-update.win32_2.0.0.202105311346/tools/bin/../lib/gcc/arm-none-eabi/9.3.1/../../../../arm-none-eabi/lib/thumb/v7e-m+fp/hard\libc_nano.a(lib_a-init.o)
                              g:/cubeide/stm32cubeide_1.6.1/stm32cubeide/plugins/com.st.stm32cube.ide.mcu.externaltools.gnu-tools-for-stm32.9-2020-q2-update.win32_2.0.0.202105311346/tools/bin/../lib/gcc/arm-none-eabi/9.3.1/../../../../arm-none-eabi/lib/thumb/v7e-m+fp/hard/crt0.o (__libc_init_array)
g:/cubeide/stm32cubeide_1.6.1/stm32cubeide/plugins/com.st.stm32cube.ide.mcu.externaltools.gnu-tools-for-stm32.9-2020-q2-update.win32_2.0.0.202105311346/tools/bin/../lib/gcc/arm-none-eabi/9.3.1/../../../../arm-none-eabi/lib/thumb/v7e-m+fp/hard\libc_nano.a(lib_a-memset.o)
                              g:/cubeide/stm32cubeide_1.6.1/stm32cubeide/plugins/com.st.stm32cube.ide.mcu.externaltools.gnu-tools-for-stm32.9-2020-q2-update.win32_2.0.0.202105311346/tools/bin/../lib/gcc/arm-none-eabi/9.3.1/../../../../arm-none-eabi/lib/thumb/v7e-m+fp/hard/crt0.o (memset)
g:/cubeide/stm32cubeide_1.6.1/stm32cubeide/plugins/com.st.stm32cube.ide.mcu.externaltools.gnu-tools-for-stm32.9-2020-q2-update.win32_2.0.0.202105311346/tools/bin/../lib/gcc/arm-none-eabi/9.3.1/../../../../arm-none-eabi/lib/thumb/v7e-m+fp/hard\libc_nano.a(lib_a-nano-callocr.o)
                              g:/cubeide/stm32cubeide_1.6.1/stm32cubeide/plugins/com.st.stm32cube.ide.mcu.externaltools.gnu-tools-for-stm32.9-2020-q2-update.win32_2.0.0.202105311346/tools/bin/../lib/gcc/arm-none-eabi/9.3.1/../../../../arm-none-eabi/lib/thumb/v7e-m+fp/hard\libc_nano.a(lib_a-calloc.o) (_calloc_r)
g:/cubeide/stm32cubeide_1.6.1/stm32cubeide/plugins/com.st.stm32cube.ide.mcu.externaltools.gnu-tools-for-stm32.9-2020-q2-update.win32_2.0.0.202105311346/tools/bin/../lib/gcc/arm-none-eabi/9.3.1/../../../../arm-none-eabi/lib/thumb/v7e-m+fp/hard\libc_nano.a(lib_a-nano-mallocr.o)
                              g:/cubeide/stm32cubeide_1.6.1/stm32cubeide/plugins/com.st.stm32cube.ide.mcu.externaltools.gnu-tools-for-stm32.9-2020-q2-update.win32_2.0.0.202105311346/tools/bin/../lib/gcc/arm-none-eabi/9.3.1/../../../../arm-none-eabi/lib/thumb/v7e-m+fp/hard\libc_nano.a(lib_a-nano-callocr.o) (_malloc_r)
g:/cubeide/stm32cubeide_1.6.1/stm32cubeide/plugins/com.st.stm32cube.ide.mcu.externaltools.gnu-tools-for-stm32.9-2020-q2-update.win32_2.0.0.202105311346/tools/bin/../lib/gcc/arm-none-eabi/9.3.1/../../../../arm-none-eabi/lib/thumb/v7e-m+fp/hard\libc_nano.a(lib_a-sbrkr.o)
                              g:/cubeide/stm32cubeide_1.6.1/stm32cubeide/plugins/com.st.stm32cube.ide.mcu.externaltools.gnu-tools-for-stm32.9-2020-q2-update.win32_2.0.0.202105311346/tools/bin/../lib/gcc/arm-none-eabi/9.3.1/../../../../arm-none-eabi/lib/thumb/v7e-m+fp/hard\libc_nano.a(lib_a-nano-mallocr.o) (_sbrk_r)
[...]
Memory Configuration

Name             Origin             Length             Attributes
RAM              0x0000000020000000 0x0000000000050000 xrw
FLASH            0x0000000008000000 0x0000000000100000 xr
*default*        0x0000000000000000 0xffffffffffffffff

Linker script and memory map

LOAD g:/cubeide/stm32cubeide_1.6.1/stm32cubeide/plugins/com.st.stm32cube.ide.mcu.externaltools.gnu-tools-for-stm32.9-2020-q2-update.win32_2.0.0.202105311346/tools/bin/../lib/gcc/arm-none-eabi/9.3.1/thumb/v7e-m+fp/hard/crti.o
LOAD g:/cubeide/stm32cubeide_1.6.1/stm32cubeide/plugins/com.st.stm32cube.ide.mcu.externaltools.gnu-tools-for-stm32.9-2020-q2-update.win32_2.0.0.202105311346/tools/bin/../lib/gcc/arm-none-eabi/9.3.1/thumb/v7e-m+fp/hard/crtbegin.o
LOAD g:/cubeide/stm32cubeide_1.6.1/stm32cubeide/plugins/com.st.stm32cube.ide.mcu.externaltools.gnu-tools-for-stm32.9-2020-q2-update.win32_2.0.0.202105311346/tools/bin/../lib/gcc/arm-none-eabi/9.3.1/../../../../arm-none-eabi/lib/thumb/v7e-m+fp/hard/crt0.o
LOAD ./Core/Src/adc.o
LOAD ./Core/Src/gpio.o
LOAD ./Core/Src/lcd.o
LOAD ./Core/Src/main.o
LOAD ./Core/Src/pid.o
LOAD ./Core/Src/stm32f7xx_hal_msp.o
LOAD ./Core/Src/stm32f7xx_it.o
LOAD ./Core/Src/syscalls.o
LOAD ./Core/Src/sysmem.o
LOAD ./Core/Src/system_stm32f7xx.o
LOAD ./Core/Src/tim.o
LOAD ./Core/Src/usart.o
LOAD ./Core/Src/usb_otg.o
LOAD ./Core/Startup/startup_stm32f746zgtx.o
LOAD ./Drivers/STM32F7xx_HAL_Driver/Src/stm32f7xx_hal.o
LOAD ./Drivers/STM32F7xx_HAL_Driver/Src/stm32f7xx_hal_adc.o
LOAD ./Drivers/STM32F7xx_HAL_Driver/Src/stm32f7xx_hal_adc_ex.o
LOAD ./Drivers/STM32F7xx_HAL_Driver/Src/stm32f7xx_hal_cortex.o
LOAD ./Drivers/STM32F7xx_HAL_Driver/Src/stm32f7xx_hal_dma.o
LOAD ./Drivers/STM32F7xx_HAL_Driver/Src/stm32f7xx_hal_dma_ex.o
LOAD ./Drivers/STM32F7xx_HAL_Driver/Src/stm32f7xx_hal_exti.o
LOAD ./Drivers/STM32F7xx_HAL_Driver/Src/stm32f7xx_hal_flash.o
LOAD ./Drivers/STM32F7xx_HAL_Driver/Src/stm32f7xx_hal_flash_ex.o
LOAD ./Drivers/STM32F7xx_HAL_Driver/Src/stm32f7xx_hal_gpio.o
LOAD ./Drivers/STM32F7xx_HAL_Driver/Src/stm32f7xx_hal_i2c.o
LOAD ./Drivers/STM32F7xx_HAL_Driver/Src/stm32f7xx_hal_i2c_ex.o
LOAD ./Drivers/STM32F7xx_HAL_Driver/Src/stm32f7xx_hal_pcd.o
LOAD ./Drivers/STM32F7xx_HAL_Driver/Src/stm32f7xx_hal_pcd_ex.o
LOAD ./Drivers/STM32F7xx_HAL_Driver/Src/stm32f7xx_hal_pwr.o
LOAD ./Drivers/STM32F7xx_HAL_Driver/Src/stm32f7xx_hal_pwr_ex.o
LOAD ./Drivers/STM32F7xx_HAL_Driver/Src/stm32f7xx_hal_rcc.o
LOAD ./Drivers/STM32F7xx_HAL_Driver/Src/stm32f7xx_hal_rcc_ex.o
LOAD ./Drivers/STM32F7xx_HAL_Driver/Src/stm32f7xx_hal_tim.o
LOAD ./Drivers/STM32F7xx_HAL_Driver/Src/stm32f7xx_hal_tim_ex.o
LOAD ./Drivers/STM32F7xx_HAL_Driver/Src/stm32f7xx_hal_uart.o
LOAD ./Drivers/STM32F7xx_HAL_Driver/Src/stm32f7xx_hal_uart_ex.o
LOAD ./Drivers/STM32F7xx_HAL_Driver/Src/stm32f7xx_ll_usb.o
START GROUP
LOAD g:/cubeide/stm32cubeide_1.6.1/stm32cubeide/plugins/com.st.stm32cube.ide.mcu.externaltools.gnu-tools-for-stm32.9-2020-q2-update.win32_2.0.0.202105311346/tools/bin/../lib/gcc/arm-none-eabi/9.3.1/../../../../arm-none-eabi/lib/thumb/v7e-m+fp/hard\libc_nano.a
LOAD g:/cubeide/stm32cubeide_1.6.1/stm32cubeide/plugins/com.st.stm32cube.ide.mcu.externaltools.gnu-tools-for-stm32.9-2020-q2-update.win32_2.0.0.202105311346/tools/bin/../lib/gcc/arm-none-eabi/9.3.1/../../../../arm-none-eabi/lib/thumb/v7e-m+fp/hard\libm.a
END GROUP
START GROUP
LOAD g:/cubeide/stm32cubeide_1.6.1/stm32cubeide/plugins/com.st.stm32cube.ide.mcu.externaltools.gnu-tools-for-stm32.9-2020-q2-update.win32_2.0.0.202105311346/tools/bin/../lib/gcc/arm-none-eabi/9.3.1/thumb/v7e-m+fp/hard\libgcc.a
LOAD g:/cubeide/stm32cubeide_1.6.1/stm32cubeide/plugins/com.st.stm32cube.ide.mcu.externaltools.gnu-tools-for-stm32.9-2020-q2-update.win32_2.0.0.202105311346/tools/bin/../lib/gcc/arm-none-eabi/9.3.1/../../../../arm-none-eabi/lib/thumb/v7e-m+fp/hard\libc_nano.a
END GROUP
START GROUP
LOAD g:/cubeide/stm32cubeide_1.6.1/stm32cubeide/plugins/com.st.stm32cube.ide.mcu.externaltools.gnu-tools-for-stm32.9-2020-q2-update.win32_2.0.0.202105311346/tools/bin/../lib/gcc/arm-none-eabi/9.3.1/thumb/v7e-m+fp/hard\libgcc.a
LOAD g:/cubeide/stm32cubeide_1.6.1/stm32cubeide/plugins/com.st.stm32cube.ide.mcu.externaltools.gnu-tools-for-stm32.9-2020-q2-update.win32_2.0.0.202105311346/tools/bin/../lib/gcc/arm-none-eabi/9.3.1/../../../../arm-none-eabi/lib/thumb/v7e-m+fp/hard\libc_nano.a
LOAD g:/cubeide/stm32cubeide_1.6.1/stm32cubeide/plugins/com.st.stm32cube.ide.mcu.externaltools.gnu-tools-for-stm32.9-2020-q2-update.win32_2.0.0.202105311346/tools/bin/../lib/gcc/arm-none-eabi/9.3.1/../../../../arm-none-eabi/lib/thumb/v7e-m+fp/hard\libnosys.a
END GROUP
START GROUP
LOAD g:/cubeide/stm32cubeide_1.6.1/stm32cubeide/plugins/com.st.stm32cube.ide.mcu.externaltools.gnu-tools-for-stm32.9-2020-q2-update.win32_2.0.0.202105311346/tools/bin/../lib/gcc/arm-none-eabi/9.3.1/thumb/v7e-m+fp/hard\libgcc.a
LOAD g:/cubeide/stm32cubeide_1.6.1/stm32cubeide/plugins/com.st.stm32cube.ide.mcu.externaltools.gnu-tools-for-stm32.9-2020-q2-update.win32_2.0.0.202105311346/tools/bin/../lib/gcc/arm-none-eabi/9.3.1/../../../../arm-none-eabi/lib/thumb/v7e-m+fp/hard\libc_nano.a
LOAD g:/cubeide/stm32cubeide_1.6.1/stm32cubeide/plugins/com.st.stm32cube.ide.mcu.externaltools.gnu-tools-for-stm32.9-2020-q2-update.win32_2.0.0.202105311346/tools/bin/../lib/gcc/arm-none-eabi/9.3.1/../../../../arm-none-eabi/lib/thumb/v7e-m+fp/hard\libnosys.a
END GROUP
LOAD g:/cubeide/stm32cubeide_1.6.1/stm32cubeide/plugins/com.st.stm32cube.ide.mcu.externaltools.gnu-tools-for-stm32.9-2020-q2-update.win32_2.0.0.202105311346/tools/bin/../lib/gcc/arm-none-eabi/9.3.1/thumb/v7e-m+fp/hard/crtend.o
LOAD g:/cubeide/stm32cubeide_1.6.1/stm32cubeide/plugins/com.st.stm32cube.ide.mcu.externaltools.gnu-tools-for-stm32.9-2020-q2-update.win32_2.0.0.202105311346/tools/bin/../lib/gcc/arm-none-eabi/9.3.1/thumb/v7e-m+fp/hard/crtn.o
                0x0000000020050000                _estack = (ORIGIN (RAM) + LENGTH (RAM))
                0x0000000000000200                _Min_Heap_Size = 0x200
                0x0000000000000400                _Min_Stack_Size = 0x400

.isr_vector     0x0000000008000000      0x1c8
                0x0000000008000000                . = ALIGN (0x4)
 *(.isr_vector)
 .isr_vector    0x0000000008000000      0x1c8 ./Core/Startup/startup_stm32f746zgtx.o
                0x0000000008000000                g_pfnVectors
                0x00000000080001c8                . = ALIGN (0x4)

.text           0x00000000080001d0     0x6a8c
                0x00000000080001d0                . = ALIGN (0x4)
 *(.text)
 .text          0x00000000080001d0       0x40 g:/cubeide/stm32cubeide_1.6.1/stm32cubeide/plugins/com.st.stm32cube.ide.mcu.externaltools.gnu-tools-for-stm32.9-2020-q2-update.win32_2.0.0.202105311346/tools/bin/../lib/gcc/arm-none-eabi/9.3.1/thumb/v7e-m+fp/hard/crtbegin.o
 .text          0x0000000008000210       0xa0 g:/cubeide/stm32cubeide_1.6.1/stm32cubeide/plugins/com.st.stm32cube.ide.mcu.externaltools.gnu-tools-for-stm32.9-2020-q2-update.win32_2.0.0.202105311346/tools/bin/../lib/gcc/arm-none-eabi/9.3.1/../../../../arm-none-eabi/lib/thumb/v7e-m+fp/hard\libc_nano.a(lib_a-memchr.o)
                0x0000000008000210                memchr
 .text          0x00000000080002b0      0x378 g:/cubeide/stm32cubeide_1.6.1/stm32cubeide/plugins/com.st.stm32cube.ide.mcu.externaltools.gnu-tools-for-stm32.9-2020-q2-update.win32_2.0.0.202105311346/tools/bin/../lib/gcc/arm-none-eabi/9.3.1/thumb/v7e-m+fp/hard\libgcc.a(_arm_addsubdf3.o)
                0x00000000080002b0                __aeabi_drsub
                0x00000000080002b8                __aeabi_dsub
                0x00000000080002b8                __subdf3
                0x00000000080002bc                __aeabi_dadd
                0x00000000080002bc                __adddf3
                0x0000000008000534                __floatunsidf
                0x0000000008000534                __aeabi_ui2d
                0x0000000008000554                __floatsidf
                0x0000000008000554                __aeabi_i2d
                0x0000000008000578                __aeabi_f2d
                0x0000000008000578                __extendsfdf2
                0x00000000080005bc                __floatundidf
                0x00000000080005bc                __aeabi_ul2d
                0x00000000080005cc                __floatdidf
                0x00000000080005cc                __aeabi_l2d
 .text          0x0000000008000628      0x424 g:/cubeide/stm32cubeide_1.6.1/stm32cubeide/plugins/com.st.stm32cube.ide.mcu.externaltools.gnu-tools-for-stm32.9-2020-q2-update.win32_2.0.0.202105311346/tools/bin/../lib/gcc/arm-none-eabi/9.3.1/thumb/v7e-m+fp/hard\libgcc.a(_arm_muldivdf3.o)
                0x0000000008000628                __aeabi_dmul
                0x0000000008000628                __muldf3
                0x000000000800087c                __divdf3
                0x000000000800087c                __aeabi_ddiv
 .text          0x0000000008000a4c       0x50 g:/cubeide/stm32cubeide_1.6.1/stm32cubeide/plugins/com.st.stm32cube.ide.mcu.externaltools.gnu-tools-for-stm32.9-2020-q2-update.win32_2.0.0.202105311346/tools/bin/../lib/gcc/arm-none-eabi/9.3.1/thumb/v7e-m+fp/hard\libgcc.a(_arm_fixdfsi.o)
                0x0000000008000a4c                __aeabi_d2iz
                0x0000000008000a4c                __fixdfsi
 .text          0x0000000008000a9c       0x40 g:/cubeide/stm32cubeide_1.6.1/stm32cubeide/plugins/com.st.stm32cube.ide.mcu.externaltools.gnu-tools-for-stm32.9-2020-q2-update.win32_2.0.0.202105311346/tools/bin/../lib/gcc/arm-none-eabi/9.3.1/thumb/v7e-m+fp/hard\libgcc.a(_arm_fixunsdfsi.o)
                0x0000000008000a9c                __aeabi_d2uiz
                0x0000000008000a9c                __fixunsdfsi
 .text          0x0000000008000adc       0x30 g:/cubeide/stm32cubeide_1.6.1/stm32cubeide/plugins/com.st.stm32cube.ide.mcu.externaltools.gnu-tools-for-stm32.9-2020-q2-update.win32_2.0.0.202105311346/tools/bin/../lib/gcc/arm-none-eabi/9.3.1/thumb/v7e-m+fp/hard\libgcc.a(_aeabi_uldivmod.o)
                0x0000000008000adc                __aeabi_uldivmod
 .text          0x0000000008000b0c      0x2c4 g:/cubeide/stm32cubeide_1.6.1/stm32cubeide/plugins/com.st.stm32cube.ide.mcu.externaltools.gnu-tools-for-stm32.9-2020-q2-update.win32_2.0.0.202105311346/tools/bin/../lib/gcc/arm-none-eabi/9.3.1/thumb/v7e-m+fp/hard\libgcc.a(_udivmoddi4.o)
                0x0000000008000b0c                __udivmoddi4
 .text          0x0000000008000dd0        0x4 g:/cubeide/stm32cubeide_1.6.1/stm32cubeide/plugins/com.st.stm32cube.ide.mcu.externaltools.gnu-tools-for-stm32.9-2020-q2-update.win32_2.0.0.202105311346/tools/bin/../lib/gcc/arm-none-eabi/9.3.1/thumb/v7e-m+fp/hard\libgcc.a(_dvmd_tls.o)
                0x0000000008000dd0                __aeabi_idiv0
                0x0000000008000dd0                __aeabi_ldiv0
 *(.text*)
 .text.MX_ADC1_Init
                0x0000000008000dd4       0xa4 ./Core/Src/adc.o
                0x0000000008000dd4                MX_ADC1_Init
 .text.HAL_ADC_MspInit
                0x0000000008000e78       0x80 ./Core/Src/adc.o
                0x0000000008000e78                HAL_ADC_MspInit
 .text.MX_GPIO_Init
                0x0000000008000ef8      0x278 ./Core/Src/gpio.o
                0x0000000008000ef8                MX_GPIO_Init
 .text.main     0x0000000008001170       0xc0 ./Core/Src/main.o
                0x0000000008001170                main
 .text.SystemClock_Config
                0x0000000008001230      0x120 ./Core/Src/main.o
                0x0000000008001230                SystemClock_Config
 .text.Error_Handler
                0x0000000008001350        0xa ./Core/Src/main.o
                0x0000000008001350                Error_Handler
 *fill*         0x000000000800135a        0x2 
 .text.HAL_MspInit
                0x000000000800135c       0x48 ./Core/Src/stm32f7xx_hal_msp.o
                0x000000000800135c                HAL_MspInit
 .text.NMI_Handler
                0x00000000080013a4        0x6 ./Core/Src/stm32f7xx_it.o
                0x00000000080013a4                NMI_Handler
 .text.HardFault_Handler
                0x00000000080013aa        0x6 ./Core/Src/stm32f7xx_it.o
                0x00000000080013aa                HardFault_Handler
 .text.MemManage_Handler
                0x00000000080013b0        0x6 ./Core/Src/stm32f7xx_it.o
                0x00000000080013b0                MemManage_Handler
 .text.BusFault_Handler
                0x00000000080013b6        0x6 ./Core/Src/stm32f7xx_it.o
                0x00000000080013b6                BusFault_Handler
 .text.UsageFault_Handler
                0x00000000080013bc        0x6 ./Core/Src/stm32f7xx_it.o
                0x00000000080013bc                UsageFault_Handler
 .text.SVC_Handler
                0x00000000080013c2        0xe ./Core/Src/stm32f7xx_it.o
                0x00000000080013c2                SVC_Handler
 .text.DebugMon_Handler
                0x00000000080013d0        0xe ./Core/Src/stm32f7xx_it.o
                0x00000000080013d0                DebugMon_Handler
 .text.PendSV_Handler
                0x00000000080013de        0xe ./Core/Src/stm32f7xx_it.o
                0x00000000080013de                PendSV_Handler
 .text.SysTick_Handler
                0x00000000080013ec        0xc ./Core/Src/stm32f7xx_it.o
                0x00000000080013ec                SysTick_Handler
 .text.TIM4_IRQHandler
                0x00000000080013f8       0x14 ./Core/Src/stm32f7xx_it.o
                0x00000000080013f8                TIM4_IRQHandler
 .text._sbrk    0x000000000800140c       0x6c ./Core/Src/sysmem.o
                0x000000000800140c                _sbrk
 .text.SystemInit
                0x0000000008001478       0x24 ./Core/Src/system_stm32f7xx.o
                0x0000000008001478                SystemInit
 .text.MX_TIM1_Init
                0x000000000800149c      0x158 ./Core/Src/tim.o
                0x000000000800149c                MX_TIM1_Init
 .text.MX_TIM3_Init
                0x00000000080015f4       0xac ./Core/Src/tim.o
                0x00000000080015f4                MX_TIM3_Init
 .text.MX_TIM4_Init
                0x00000000080016a0       0x9c ./Core/Src/tim.o
                0x00000000080016a0                MX_TIM4_Init
 .text.HAL_TIM_Base_MspInit
                0x000000000800173c       0x74 ./Core/Src/tim.o
                0x000000000800173c                HAL_TIM_Base_MspInit
 .text.HAL_TIM_Encoder_MspInit
                0x00000000080017b0       0xc4 ./Core/Src/tim.o
                0x00000000080017b0                HAL_TIM_Encoder_MspInit
 .text.HAL_TIM_MspPostInit
                0x0000000008001874       0x70 ./Core/Src/tim.o
                0x0000000008001874                HAL_TIM_MspPostInit
 *fill*         0x00000000080018e4        0x4 
 .text.HAL_TIM_PeriodElapsedCallback
                0x00000000080018e8      0x174 ./Core/Src/tim.o
                0x00000000080018e8                HAL_TIM_PeriodElapsedCallback
 .text.GetEncoderValue
                0x0000000008001a5c       0x24 ./Core/Src/tim.o
                0x0000000008001a5c                GetEncoderValue
 .text.MX_USART3_UART_Init
                0x0000000008001a80       0x60 ./Core/Src/usart.o
                0x0000000008001a80                MX_USART3_UART_Init
 .text.HAL_UART_MspInit
                0x0000000008001ae0       0x88 ./Core/Src/usart.o
                0x0000000008001ae0                HAL_UART_MspInit
 .text.MX_USB_OTG_FS_PCD_Init
                0x0000000008001b68       0x5c ./Core/Src/usb_otg.o
                0x0000000008001b68                MX_USB_OTG_FS_PCD_Init
 .text.HAL_PCD_MspInit
                0x0000000008001bc4       0xb8 ./Core/Src/usb_otg.o
                0x0000000008001bc4                HAL_PCD_MspInit
 .text.Reset_Handler
                0x0000000008001c7c       0x50 ./Core/Startup/startup_stm32f746zgtx.o
                0x0000000008001c7c                Reset_Handler
 .text.Default_Handler
                0x0000000008001ccc        0x2 ./Core/Startup/startup_stm32f746zgtx.o
                0x0000000008001ccc                RTC_Alarm_IRQHandler
                0x0000000008001ccc                EXTI2_IRQHandler
                0x0000000008001ccc                TIM8_CC_IRQHandler
                0x0000000008001ccc                UART8_IRQHandler
                0x0000000008001ccc                SPI4_IRQHandler
                0x0000000008001ccc                TIM1_CC_IRQHandler
                0x0000000008001ccc                DMA2_Stream5_IRQHandler
                0x0000000008001ccc                DMA1_Stream5_IRQHandler
                0x0000000008001ccc                PVD_IRQHandler
                0x0000000008001ccc                TAMP_STAMP_IRQHandler
                0x0000000008001ccc                CAN2_RX1_IRQHandler
                0x0000000008001ccc                EXTI3_IRQHandler
                0x0000000008001ccc                TIM8_TRG_COM_TIM14_IRQHandler
                0x0000000008001ccc                TIM1_UP_TIM10_IRQHandler
                0x0000000008001ccc                TIM8_UP_TIM13_IRQHandler
                0x0000000008001ccc                I2C3_ER_IRQHandler
                0x0000000008001ccc                EXTI0_IRQHandler
                0x0000000008001ccc                I2C2_EV_IRQHandler
                0x0000000008001ccc                DMA1_Stream2_IRQHandler
                0x0000000008001ccc                CAN1_RX0_IRQHandler
                0x0000000008001ccc                FPU_IRQHandler
                0x0000000008001ccc                OTG_HS_WKUP_IRQHandler
                0x0000000008001ccc                LTDC_ER_IRQHandler
                0x0000000008001ccc                CAN2_SCE_IRQHandler
                0x0000000008001ccc                DMA2_Stream2_IRQHandler
                0x0000000008001ccc                SPI1_IRQHandler
                0x0000000008001ccc                TIM6_DAC_IRQHandler
                0x0000000008001ccc                TIM1_BRK_TIM9_IRQHandler
                0x0000000008001ccc                DCMI_IRQHandler
                0x0000000008001ccc                CAN2_RX0_IRQHandler
                0x0000000008001ccc                DMA2_Stream3_IRQHandler
                0x0000000008001ccc                SAI2_IRQHandler
                0x0000000008001ccc                USART6_IRQHandler
                0x0000000008001ccc                USART3_IRQHandler
                0x0000000008001ccc                CAN1_RX1_IRQHandler
                0x0000000008001ccc                UART5_IRQHandler
                0x0000000008001ccc                DMA2_Stream0_IRQHandler
                0x0000000008001ccc                QUADSPI_IRQHandler
                0x0000000008001ccc                I2C1_EV_IRQHandler
                0x0000000008001ccc                DMA1_Stream6_IRQHandler
                0x0000000008001ccc                DMA1_Stream1_IRQHandler
                0x0000000008001ccc                UART4_IRQHandler
                0x0000000008001ccc                TIM3_IRQHandler
                0x0000000008001ccc                RCC_IRQHandler
                0x0000000008001ccc                TIM8_BRK_TIM12_IRQHandler
                0x0000000008001ccc                Default_Handler
                0x0000000008001ccc                CEC_IRQHandler
                0x0000000008001ccc                EXTI15_10_IRQHandler
                0x0000000008001ccc                ADC_IRQHandler
                0x0000000008001ccc                DMA1_Stream7_IRQHandler
                0x0000000008001ccc                SPI5_IRQHandler
                0x0000000008001ccc                TIM7_IRQHandler
                0x0000000008001ccc                SDMMC1_IRQHandler
                0x0000000008001ccc                CAN2_TX_IRQHandler
                0x0000000008001ccc                TIM5_IRQHandler
                0x0000000008001ccc                DMA2_Stream7_IRQHandler
                0x0000000008001ccc                I2C3_EV_IRQHandler
                0x0000000008001ccc                EXTI9_5_IRQHandler
                0x0000000008001ccc                RTC_WKUP_IRQHandler
                0x0000000008001ccc                LTDC_IRQHandler
                0x0000000008001ccc                ETH_WKUP_IRQHandler
                0x0000000008001ccc                SPDIF_RX_IRQHandler
                0x0000000008001ccc                SPI2_IRQHandler
                0x0000000008001ccc                OTG_HS_EP1_IN_IRQHandler
                0x0000000008001ccc                DMA1_Stream0_IRQHandler
                0x0000000008001ccc                CAN1_TX_IRQHandler
                0x0000000008001ccc                EXTI4_IRQHandler
                0x0000000008001ccc                RNG_IRQHandler
                0x0000000008001ccc                ETH_IRQHandler
                0x0000000008001ccc                OTG_HS_EP1_OUT_IRQHandler
                0x0000000008001ccc                WWDG_IRQHandler
                0x0000000008001ccc                SPI6_IRQHandler
                0x0000000008001ccc                I2C4_EV_IRQHandler
                0x0000000008001ccc                TIM2_IRQHandler
                0x0000000008001ccc                OTG_FS_WKUP_IRQHandler
                0x0000000008001ccc                TIM1_TRG_COM_TIM11_IRQHandler
                0x0000000008001ccc                OTG_HS_IRQHandler
                0x0000000008001ccc                DMA2D_IRQHandler
                0x0000000008001ccc                EXTI1_IRQHandler
                0x0000000008001ccc                UART7_IRQHandler
                0x0000000008001ccc                USART2_IRQHandler
                0x0000000008001ccc                I2C2_ER_IRQHandler
                0x0000000008001ccc                DMA2_Stream1_IRQHandler
                0x0000000008001ccc                CAN1_SCE_IRQHandler
                0x0000000008001ccc                FLASH_IRQHandler
                0x0000000008001ccc                DMA2_Stream4_IRQHandler
                0x0000000008001ccc                USART1_IRQHandler
                0x0000000008001ccc                OTG_FS_IRQHandler
                0x0000000008001ccc                SPI3_IRQHandler
                0x0000000008001ccc                DMA1_Stream4_IRQHandler
                0x0000000008001ccc                I2C1_ER_IRQHandler
                0x0000000008001ccc                FMC_IRQHandler
                0x0000000008001ccc                LPTIM1_IRQHandler
                0x0000000008001ccc                I2C4_ER_IRQHandler
                0x0000000008001ccc                DMA2_Stream6_IRQHandler
                0x0000000008001ccc                SAI1_IRQHandler
                0x0000000008001ccc                DMA1_Stream3_IRQHandler
 .text.HAL_Init
                0x0000000008001cce       0x1a ./Drivers/STM32F7xx_HAL_Driver/Src/stm32f7xx_hal.o
                0x0000000008001cce                HAL_Init
 .text.HAL_InitTick
                0x0000000008001ce8       0x60 ./Drivers/STM32F7xx_HAL_Driver/Src/stm32f7xx_hal.o
                0x0000000008001ce8                HAL_InitTick
 .text.HAL_IncTick
                0x0000000008001d48       0x28 ./Drivers/STM32F7xx_HAL_Driver/Src/stm32f7xx_hal.o
                0x0000000008001d48                HAL_IncTick
 .text.HAL_GetTick
                0x0000000008001d70       0x18 ./Drivers/STM32F7xx_HAL_Driver/Src/stm32f7xx_hal.o
                0x0000000008001d70                HAL_GetTick
 .text.HAL_Delay
                0x0000000008001d88       0x48 ./Drivers/STM32F7xx_HAL_Driver/Src/stm32f7xx_hal.o
                0x0000000008001d88                HAL_Delay
 .text.HAL_ADC_Init
                0x0000000008001dd0       0x88 ./Drivers/STM32F7xx_HAL_Driver/Src/stm32f7xx_hal_adc.o
                0x0000000008001dd0                HAL_ADC_Init
 .text.HAL_ADC_ConfigChannel
                0x0000000008001e58      0x2ac ./Drivers/STM32F7xx_HAL_Driver/Src/stm32f7xx_hal_adc.o
                0x0000000008001e58                HAL_ADC_ConfigChannel
 .text.ADC_Init
                0x0000000008002104      0x1f4 ./Drivers/STM32F7xx_HAL_Driver/Src/stm32f7xx_hal_adc.o
 .text.__NVIC_SetPriorityGrouping
                0x00000000080022f8       0x48 ./Drivers/STM32F7xx_HAL_Driver/Src/stm32f7xx_hal_cortex.o
 .text.__NVIC_GetPriorityGrouping
                0x0000000008002340       0x1c ./Drivers/STM32F7xx_HAL_Driver/Src/stm32f7xx_hal_cortex.o
 .text.__NVIC_EnableIRQ
                0x000000000800235c       0x3c ./Drivers/STM32F7xx_HAL_Driver/Src/stm32f7xx_hal_cortex.o
 .text.__NVIC_SetPriority
                0x0000000008002398       0x54 ./Drivers/STM32F7xx_HAL_Driver/Src/stm32f7xx_hal_cortex.o
 .text.NVIC_EncodePriority
                0x00000000080023ec       0x66 ./Drivers/STM32F7xx_HAL_Driver/Src/stm32f7xx_hal_cortex.o
 *fill*         0x0000000008002452        0x2 
 .text.SysTick_Config
                0x0000000008002454       0x44 ./Drivers/STM32F7xx_HAL_Driver/Src/stm32f7xx_hal_cortex.o
 .text.HAL_NVIC_SetPriorityGrouping
                0x0000000008002498       0x16 ./Drivers/STM32F7xx_HAL_Driver/Src/stm32f7xx_hal_cortex.o
                0x0000000008002498                HAL_NVIC_SetPriorityGrouping
 .text.HAL_NVIC_SetPriority
                0x00000000080024ae       0x38 ./Drivers/STM32F7xx_HAL_Driver/Src/stm32f7xx_hal_cortex.o
                0x00000000080024ae                HAL_NVIC_SetPriority
 .text.HAL_NVIC_EnableIRQ
                0x00000000080024e6       0x1c ./Drivers/STM32F7xx_HAL_Driver/Src/stm32f7xx_hal_cortex.o
                0x00000000080024e6                HAL_NVIC_EnableIRQ
 .text.HAL_SYSTICK_Config
                0x0000000008002502       0x18 ./Drivers/STM32F7xx_HAL_Driver/Src/stm32f7xx_hal_cortex.o
                0x0000000008002502                HAL_SYSTICK_Config
 *fill*         0x000000000800251a        0x2 
 .text.HAL_GPIO_Init
                0x000000000800251c      0x358 ./Drivers/STM32F7xx_HAL_Driver/Src/stm32f7xx_hal_gpio.o
                0x000000000800251c                HAL_GPIO_Init
 .text.HAL_GPIO_WritePin
                0x0000000008002874       0x32 ./Drivers/STM32F7xx_HAL_Driver/Src/stm32f7xx_hal_gpio.o
                0x0000000008002874                HAL_GPIO_WritePin
 .text.HAL_PCD_Init
                0x00000000080028a6      0x248 ./Drivers/STM32F7xx_HAL_Driver/Src/stm32f7xx_hal_pcd.o
                0x00000000080028a6                HAL_PCD_Init
 *fill*         0x0000000008002aee        0x2 
 .text.HAL_PCDEx_ActivateLPM
                0x0000000008002af0       0x48 ./Drivers/STM32F7xx_HAL_Driver/Src/stm32f7xx_hal_pcd_ex.o
                0x0000000008002af0                HAL_PCDEx_ActivateLPM
 .text.HAL_PWR_EnableBkUpAccess
                0x0000000008002b38       0x20 ./Drivers/STM32F7xx_HAL_Driver/Src/stm32f7xx_hal_pwr.o
                0x0000000008002b38                HAL_PWR_EnableBkUpAccess
 .text.HAL_RCC_OscConfig
                0x0000000008002b58      0x548 ./Drivers/STM32F7xx_HAL_Driver/Src/stm32f7xx_hal_rcc.o
                0x0000000008002b58                HAL_RCC_OscConfig
 .text.HAL_RCC_ClockConfig
                0x00000000080030a0      0x1d8 ./Drivers/STM32F7xx_HAL_Driver/Src/stm32f7xx_hal_rcc.o
                0x00000000080030a0                HAL_RCC_ClockConfig
 .text.HAL_RCC_GetSysClockFreq
                0x0000000008003278      0x1c4 ./Drivers/STM32F7xx_HAL_Driver/Src/stm32f7xx_hal_rcc.o
                0x0000000008003278                HAL_RCC_GetSysClockFreq
 .text.HAL_RCC_GetHCLKFreq
                0x000000000800343c       0x18 ./Drivers/STM32F7xx_HAL_Driver/Src/stm32f7xx_hal_rcc.o
                0x000000000800343c                HAL_RCC_GetHCLKFreq
 .text.HAL_RCC_GetPCLK1Freq
                0x0000000008003454       0x28 ./Drivers/STM32F7xx_HAL_Driver/Src/stm32f7xx_hal_rcc.o
                0x0000000008003454                HAL_RCC_GetPCLK1Freq
 .text.HAL_RCC_GetPCLK2Freq
                0x000000000800347c       0x28 ./Drivers/STM32F7xx_HAL_Driver/Src/stm32f7xx_hal_rcc.o
                0x000000000800347c                HAL_RCC_GetPCLK2Freq
 .text.HAL_RCCEx_PeriphCLKConfig
                0x00000000080034a4      0x7e0 ./Drivers/STM32F7xx_HAL_Driver/Src/stm32f7xx_hal_rcc_ex.o
                0x00000000080034a4                HAL_RCCEx_PeriphCLKConfig
 .text.HAL_TIM_Base_Init
                0x0000000008003c84       0xae ./Drivers/STM32F7xx_HAL_Driver/Src/stm32f7xx_hal_tim.o
                0x0000000008003c84                HAL_TIM_Base_Init
 *fill*         0x0000000008003d32        0x2 
 .text.HAL_TIM_Base_Start_IT
                0x0000000008003d34       0xf0 ./Drivers/STM32F7xx_HAL_Driver/Src/stm32f7xx_hal_tim.o
                0x0000000008003d34                HAL_TIM_Base_Start_IT
 .text.HAL_TIM_Base_Stop_IT
                0x0000000008003e24       0x5e ./Drivers/STM32F7xx_HAL_Driver/Src/stm32f7xx_hal_tim.o
                0x0000000008003e24                HAL_TIM_Base_Stop_IT
 .text.HAL_TIM_PWM_Init
                0x0000000008003e82       0xae ./Drivers/STM32F7xx_HAL_Driver/Src/stm32f7xx_hal_tim.o
                0x0000000008003e82                HAL_TIM_PWM_Init
 .text.HAL_TIM_PWM_MspInit
                0x0000000008003f30       0x14 ./Drivers/STM32F7xx_HAL_Driver/Src/stm32f7xx_hal_tim.o
                0x0000000008003f30                HAL_TIM_PWM_MspInit
 .text.HAL_TIM_PWM_Start
                0x0000000008003f44      0x1f4 ./Drivers/STM32F7xx_HAL_Driver/Src/stm32f7xx_hal_tim.o
                0x0000000008003f44                HAL_TIM_PWM_Start
 .text.HAL_TIM_Encoder_Init
                0x0000000008004138      0x14c ./Drivers/STM32F7xx_HAL_Driver/Src/stm32f7xx_hal_tim.o
                0x0000000008004138                HAL_TIM_Encoder_Init
 .text.HAL_TIM_Encoder_Start
                0x0000000008004284      0x11c ./Drivers/STM32F7xx_HAL_Driver/Src/stm32f7xx_hal_tim.o
                0x0000000008004284                HAL_TIM_Encoder_Start
 .text.HAL_TIM_IRQHandler
                0x00000000080043a0      0x23e ./Drivers/STM32F7xx_HAL_Driver/Src/stm32f7xx_hal_tim.o
                0x00000000080043a0                HAL_TIM_IRQHandler
 *fill*         0x00000000080045de        0x2 
 .text.HAL_TIM_PWM_ConfigChannel
                0x00000000080045e0      0x228 ./Drivers/STM32F7xx_HAL_Driver/Src/stm32f7xx_hal_tim.o
                0x00000000080045e0                HAL_TIM_PWM_ConfigChannel
 .text.HAL_TIM_ConfigClockSource
                0x0000000008004808      0x194 ./Drivers/STM32F7xx_HAL_Driver/Src/stm32f7xx_hal_tim.o
                0x0000000008004808                HAL_TIM_ConfigClockSource
 .text.HAL_TIM_OC_DelayElapsedCallback
                0x000000000800499c       0x14 ./Drivers/STM32F7xx_HAL_Driver/Src/stm32f7xx_hal_tim.o
                0x000000000800499c                HAL_TIM_OC_DelayElapsedCallback
 .text.HAL_TIM_IC_CaptureCallback
                0x00000000080049b0       0x14 ./Drivers/STM32F7xx_HAL_Driver/Src/stm32f7xx_hal_tim.o
                0x00000000080049b0                HAL_TIM_IC_CaptureCallback
 .text.HAL_TIM_PWM_PulseFinishedCallback
                0x00000000080049c4       0x14 ./Drivers/STM32F7xx_HAL_Driver/Src/stm32f7xx_hal_tim.o
                0x00000000080049c4                HAL_TIM_PWM_PulseFinishedCallback
 .text.HAL_TIM_TriggerCallback
                0x00000000080049d8       0x14 ./Drivers/STM32F7xx_HAL_Driver/Src/stm32f7xx_hal_tim.o
                0x00000000080049d8                HAL_TIM_TriggerCallback
 .text.TIM_Base_SetConfig
                0x00000000080049ec      0x140 ./Drivers/STM32F7xx_HAL_Driver/Src/stm32f7xx_hal_tim.o
                0x00000000080049ec                TIM_Base_SetConfig
 .text.TIM_OC1_SetConfig
                0x0000000008004b2c       0xe4 ./Drivers/STM32F7xx_HAL_Driver/Src/stm32f7xx_hal_tim.o
 .text.TIM_OC2_SetConfig
                0x0000000008004c10       0xf0 ./Drivers/STM32F7xx_HAL_Driver/Src/stm32f7xx_hal_tim.o
                0x0000000008004c10                TIM_OC2_SetConfig
 .text.TIM_OC3_SetConfig
                0x0000000008004d00       0xec ./Drivers/STM32F7xx_HAL_Driver/Src/stm32f7xx_hal_tim.o
 .text.TIM_OC4_SetConfig
                0x0000000008004dec       0xb0 ./Drivers/STM32F7xx_HAL_Driver/Src/stm32f7xx_hal_tim.o
 .text.TIM_OC5_SetConfig
                0x0000000008004e9c       0xa4 ./Drivers/STM32F7xx_HAL_Driver/Src/stm32f7xx_hal_tim.o
 .text.TIM_OC6_SetConfig
                0x0000000008004f40       0xa8 ./Drivers/STM32F7xx_HAL_Driver/Src/stm32f7xx_hal_tim.o
 .text.TIM_TI1_ConfigInputStage
                0x0000000008004fe8       0x5e ./Drivers/STM32F7xx_HAL_Driver/Src/stm32f7xx_hal_tim.o
 .text.TIM_TI2_ConfigInputStage
                0x0000000008005046       0x60 ./Drivers/STM32F7xx_HAL_Driver/Src/stm32f7xx_hal_tim.o
 .text.TIM_ITRx_SetConfig
                0x00000000080050a6       0x36 ./Drivers/STM32F7xx_HAL_Driver/Src/stm32f7xx_hal_tim.o
 .text.TIM_ETR_SetConfig
                0x00000000080050dc       0x40 ./Drivers/STM32F7xx_HAL_Driver/Src/stm32f7xx_hal_tim.o
                0x00000000080050dc                TIM_ETR_SetConfig
 .text.TIM_CCxChannelCmd
                0x000000000800511c       0x4a ./Drivers/STM32F7xx_HAL_Driver/Src/stm32f7xx_hal_tim.o
                0x000000000800511c                TIM_CCxChannelCmd
 *fill*         0x0000000008005166        0x2 
 .text.HAL_TIMEx_MasterConfigSynchronization
                0x0000000008005168      0x11c ./Drivers/STM32F7xx_HAL_Driver/Src/stm32f7xx_hal_tim_ex.o
                0x0000000008005168                HAL_TIMEx_MasterConfigSynchronization
 .text.HAL_TIMEx_ConfigBreakDeadTime
                0x0000000008005284       0xfc ./Drivers/STM32F7xx_HAL_Driver/Src/stm32f7xx_hal_tim_ex.o
                0x0000000008005284                HAL_TIMEx_ConfigBreakDeadTime
 .text.HAL_TIMEx_CommutCallback
                0x0000000008005380       0x14 ./Drivers/STM32F7xx_HAL_Driver/Src/stm32f7xx_hal_tim_ex.o
                0x0000000008005380                HAL_TIMEx_CommutCallback
 .text.HAL_TIMEx_BreakCallback
                0x0000000008005394       0x14 ./Drivers/STM32F7xx_HAL_Driver/Src/stm32f7xx_hal_tim_ex.o
                0x0000000008005394                HAL_TIMEx_BreakCallback
 .text.HAL_TIMEx_Break2Callback
                0x00000000080053a8       0x14 ./Drivers/STM32F7xx_HAL_Driver/Src/stm32f7xx_hal_tim_ex.o
                0x00000000080053a8                HAL_TIMEx_Break2Callback
 .text.HAL_UART_Init
                0x00000000080053bc       0x9c ./Drivers/STM32F7xx_HAL_Driver/Src/stm32f7xx_hal_uart.o
                0x00000000080053bc                HAL_UART_Init
 .text.HAL_UART_Transmit
                0x0000000008005458      0x126 ./Drivers/STM32F7xx_HAL_Driver/Src/stm32f7xx_hal_uart.o
                0x0000000008005458                HAL_UART_Transmit
 *fill*         0x000000000800557e        0x2 
 .text.UART_SetConfig
                0x0000000008005580      0x4c4 ./Drivers/STM32F7xx_HAL_Driver/Src/stm32f7xx_hal_uart.o
                0x0000000008005580                UART_SetConfig
 .text.UART_AdvFeatureConfig
                0x0000000008005a44      0x144 ./Drivers/STM32F7xx_HAL_Driver/Src/stm32f7xx_hal_uart.o
                0x0000000008005a44                UART_AdvFeatureConfig
 .text.UART_CheckIdleState
                0x0000000008005b88       0x66 ./Drivers/STM32F7xx_HAL_Driver/Src/stm32f7xx_hal_uart.o
                0x0000000008005b88                UART_CheckIdleState
 .text.UART_WaitOnFlagUntilTimeout
                0x0000000008005bee      0x188 ./Drivers/STM32F7xx_HAL_Driver/Src/stm32f7xx_hal_uart.o
                0x0000000008005bee                UART_WaitOnFlagUntilTimeout
 *fill*         0x0000000008005d76        0x2 
 .text.USB_CoreInit
                0x0000000008005d78       0xb0 ./Drivers/STM32F7xx_HAL_Driver/Src/stm32f7xx_ll_usb.o
                0x0000000008005d78                USB_CoreInit
 .text.USB_DisableGlobalInt
                0x0000000008005e28       0x22 ./Drivers/STM32F7xx_HAL_Driver/Src/stm32f7xx_ll_usb.o
                0x0000000008005e28                USB_DisableGlobalInt
 .text.USB_SetCurrentMode
                0x0000000008005e4a       0x98 ./Drivers/STM32F7xx_HAL_Driver/Src/stm32f7xx_ll_usb.o
                0x0000000008005e4a                USB_SetCurrentMode
 *fill*         0x0000000008005ee2        0x2 
 .text.USB_DevInit
                0x0000000008005ee4      0x2bc ./Drivers/STM32F7xx_HAL_Driver/Src/stm32f7xx_ll_usb.o
                0x0000000008005ee4                USB_DevInit
 .text.USB_FlushTxFifo
                0x00000000080061a0       0x64 ./Drivers/STM32F7xx_HAL_Driver/Src/stm32f7xx_ll_usb.o
                0x00000000080061a0                USB_FlushTxFifo
 .text.USB_FlushRxFifo
                0x0000000008006204       0x5c ./Drivers/STM32F7xx_HAL_Driver/Src/stm32f7xx_ll_usb.o
                0x0000000008006204                USB_FlushRxFifo
 .text.USB_SetDevSpeed
                0x0000000008006260       0x32 ./Drivers/STM32F7xx_HAL_Driver/Src/stm32f7xx_ll_usb.o
                0x0000000008006260                USB_SetDevSpeed
 .text.USB_DevDisconnect
                0x0000000008006292       0x42 ./Drivers/STM32F7xx_HAL_Driver/Src/stm32f7xx_ll_usb.o
                0x0000000008006292                USB_DevDisconnect
 .text.USB_GetMode
                0x00000000080062d4       0x1c ./Drivers/STM32F7xx_HAL_Driver/Src/stm32f7xx_ll_usb.o
                0x00000000080062d4                USB_GetMode
 .text.USB_CoreReset
                0x00000000080062f0       0x64 ./Drivers/STM32F7xx_HAL_Driver/Src/stm32f7xx_ll_usb.o
 .text.calloc   0x0000000008006354       0x10 g:/cubeide/stm32cubeide_1.6.1/stm32cubeide/plugins/com.st.stm32cube.ide.mcu.externaltools.gnu-tools-for-stm32.9-2020-q2-update.win32_2.0.0.202105311346/tools/bin/../lib/gcc/arm-none-eabi/9.3.1/../../../../arm-none-eabi/lib/thumb/v7e-m+fp/hard\libc_nano.a(lib_a-calloc.o)
                0x0000000008006354                calloc
 .text.__errno  0x0000000008006364        0xc g:/cubeide/stm32cubeide_1.6.1/stm32cubeide/plugins/com.st.stm32cube.ide.mcu.externaltools.gnu-tools-for-stm32.9-2020-q2-update.win32_2.0.0.202105311346/tools/bin/../lib/gcc/arm-none-eabi/9.3.1/../../../../arm-none-eabi/lib/thumb/v7e-m+fp/hard\libc_nano.a(lib_a-errno.o)
                0x0000000008006364                __errno
 .text.__libc_init_array
                0x0000000008006370       0x48 g:/cubeide/stm32cubeide_1.6.1/stm32cubeide/plugins/com.st.stm32cube.ide.mcu.externaltools.gnu-tools-for-stm32.9-2020-q2-update.win32_2.0.0.202105311346/tools/bin/../lib/gcc/arm-none-eabi/9.3.1/../../../../arm-none-eabi/lib/thumb/v7e-m+fp/hard\libc_nano.a(lib_a-init.o)
                0x0000000008006370                __libc_init_array
 .text.memset   0x00000000080063b8       0x10 g:/cubeide/stm32cubeide_1.6.1/stm32cubeide/plugins/com.st.stm32cube.ide.mcu.externaltools.gnu-tools-for-stm32.9-2020-q2-update.win32_2.0.0.202105311346/tools/bin/../lib/gcc/arm-none-eabi/9.3.1/../../../../arm-none-eabi/lib/thumb/v7e-m+fp/hard\libc_nano.a(lib_a-memset.o)
                0x00000000080063b8                memset
 .text._calloc_r
                0x00000000080063c8       0x1e g:/cubeide/stm32cubeide_1.6.1/stm32cubeide/plugins/com.st.stm32cube.ide.mcu.externaltools.gnu-tools-for-stm32.9-2020-q2-update.win32_2.0.0.202105311346/tools/bin/../lib/gcc/arm-none-eabi/9.3.1/../../../../arm-none-eabi/lib/thumb/v7e-m+fp/hard\libc_nano.a(lib_a-nano-callocr.o)
                0x00000000080063c8                _calloc_r
 *fill*         0x00000000080063e6        0x2 
 .text._malloc_r
                0x00000000080063e8       0xb4 g:/cubeide/stm32cubeide_1.6.1/stm32cubeide/plugins/com.st.stm32cube.ide.mcu.externaltools.gnu-tools-for-stm32.9-2020-q2-update.win32_2.0.0.202105311346/tools/bin/../lib/gcc/arm-none-eabi/9.3.1/../../../../arm-none-eabi/lib/thumb/v7e-m+fp/hard\libc_nano.a(lib_a-nano-mallocr.o)
                0x00000000080063e8                _malloc_r
 .text._sbrk_r  0x000000000800649c       0x20 g:/cubeide/stm32cubeide_1.6.1/stm32cubeide/plugins/com.st.stm32cube.ide.mcu.externaltools.gnu-tools-for-stm32.9-2020-q2-update.win32_2.0.0.202105311346/tools/bin/../lib/gcc/arm-none-eabi/9.3.1/../../../../arm-none-eabi/lib/thumb/v7e-m+fp/hard\libc_nano.a(lib_a-sbrkr.o)
                0x000000000800649c                _sbrk_r
 .text.sprintf  0x00000000080064bc       0x40 g:/cubeide/stm32cubeide_1.6.1/stm32cubeide/plugins/com.st.stm32cube.ide.mcu.externaltools.gnu-tools-for-stm32.9-2020-q2-update.win32_2.0.0.202105311346/tools/bin/../lib/gcc/arm-none-eabi/9.3.1/../../../../arm-none-eabi/lib/thumb/v7e-m+fp/hard\libc_nano.a(lib_a-sprintf.o)
                0x00000000080064bc                siprintf
                0x00000000080064bc                sprintf
 .text.__malloc_lock
                0x00000000080064fc        0xc g:/cubeide/stm32cubeide_1.6.1/stm32cubeide/plugins/com.st.stm32cube.ide.mcu.externaltools.gnu-tools-for-stm32.9-2020-q2-update.win32_2.0.0.202105311346/tools/bin/../lib/gcc/arm-none-eabi/9.3.1/../../../../arm-none-eabi/lib/thumb/v7e-m+fp/hard\libc_nano.a(lib_a-mlock.o)
                0x00000000080064fc                __malloc_lock
 .text.__malloc_unlock
                0x0000000008006508        0xc g:/cubeide/stm32cubeide_1.6.1/stm32cubeide/plugins/com.st.stm32cube.ide.mcu.externaltools.gnu-tools-for-stm32.9-2020-q2-update.win32_2.0.0.202105311346/tools/bin/../lib/gcc/arm-none-eabi/9.3.1/../../../../arm-none-eabi/lib/thumb/v7e-m+fp/hard\libc_nano.a(lib_a-mlock.o)
                0x0000000008006508                __malloc_unlock
 .text.__ssputs_r
                0x0000000008006514       0xb6 g:/cubeide/stm32cubeide_1.6.1/stm32cubeide/plugins/com.st.stm32cube.ide.mcu.externaltools.gnu-tools-for-stm32.9-2020-q2-update.win32_2.0.0.202105311346/tools/bin/../lib/gcc/arm-none-eabi/9.3.1/../../../../arm-none-eabi/lib/thumb/v7e-m+fp/hard\libc_nano.a(lib_a-nano-svfprintf.o)
                0x0000000008006514                __ssputs_r
 *fill*         0x00000000080065ca        0x2 
 .text._svfprintf_r
                0x00000000080065cc      0x200 g:/cubeide/stm32cubeide_1.6.1/stm32cubeide/plugins/com.st.stm32cube.ide.mcu.externaltools.gnu-tools-for-stm32.9-2020-q2-update.win32_2.0.0.202105311346/tools/bin/../lib/gcc/arm-none-eabi/9.3.1/../../../../arm-none-eabi/lib/thumb/v7e-m+fp/hard\libc_nano.a(lib_a-nano-svfprintf.o)
                0x00000000080065cc                _svfiprintf_r
                0x00000000080065cc                _svfprintf_r
 .text._printf_common
                0x00000000080067cc       0xda g:/cubeide/stm32cubeide_1.6.1/stm32cubeide/plugins/com.st.stm32cube.ide.mcu.externaltools.gnu-tools-for-stm32.9-2020-q2-update.win32_2.0.0.202105311346/tools/bin/../lib/gcc/arm-none-eabi/9.3.1/../../../../arm-none-eabi/lib/thumb/v7e-m+fp/hard\libc_nano.a(lib_a-nano-vfprintf_i.o)
                0x00000000080067cc                _printf_common
 *fill*         0x00000000080068a6        0x2 
 .text._printf_i
                0x00000000080068a8      0x24c g:/cubeide/stm32cubeide_1.6.1/stm32cubeide/plugins/com.st.stm32cube.ide.mcu.externaltools.gnu-tools-for-stm32.9-2020-q2-update.win32_2.0.0.202105311346/tools/bin/../lib/gcc/arm-none-eabi/9.3.1/../../../../arm-none-eabi/lib/thumb/v7e-m+fp/hard\libc_nano.a(lib_a-nano-vfprintf_i.o)
                0x00000000080068a8                _printf_i
 .text.__retarget_lock_acquire_recursive
                0x0000000008006af4        0x2 g:/cubeide/stm32cubeide_1.6.1/stm32cubeide/plugins/com.st.stm32cube.ide.mcu.externaltools.gnu-tools-for-stm32.9-2020-q2-update.win32_2.0.0.202105311346/tools/bin/../lib/gcc/arm-none-eabi/9.3.1/../../../../arm-none-eabi/lib/thumb/v7e-m+fp/hard\libc_nano.a(lib_a-lock.o)
                0x0000000008006af4                __retarget_lock_acquire_recursive
 .text.__retarget_lock_release_recursive
                0x0000000008006af6        0x2 g:/cubeide/stm32cubeide_1.6.1/stm32cubeide/plugins/com.st.stm32cube.ide.mcu.externaltools.gnu-tools-for-stm32.9-2020-q2-update.win32_2.0.0.202105311346/tools/bin/../lib/gcc/arm-none-eabi/9.3.1/../../../../arm-none-eabi/lib/thumb/v7e-m+fp/hard\libc_nano.a(lib_a-lock.o)
                0x0000000008006af6                __retarget_lock_release_recursive
 .text.memcpy   0x0000000008006af8       0x1c g:/cubeide/stm32cubeide_1.6.1/stm32cubeide/plugins/com.st.stm32cube.ide.mcu.externaltools.gnu-tools-for-stm32.9-2020-q2-update.win32_2.0.0.202105311346/tools/bin/../lib/gcc/arm-none-eabi/9.3.1/../../../../arm-none-eabi/lib/thumb/v7e-m+fp/hard\libc_nano.a(lib_a-memcpy-stub.o)
                0x0000000008006af8                memcpy
 .text.memmove  0x0000000008006b14       0x34 g:/cubeide/stm32cubeide_1.6.1/stm32cubeide/plugins/com.st.stm32cube.ide.mcu.externaltools.gnu-tools-for-stm32.9-2020-q2-update.win32_2.0.0.202105311346/tools/bin/../lib/gcc/arm-none-eabi/9.3.1/../../../../arm-none-eabi/lib/thumb/v7e-m+fp/hard\libc_nano.a(lib_a-memmove.o)
                0x0000000008006b14                memmove
 .text._free_r  0x0000000008006b48       0xa0 g:/cubeide/stm32cubeide_1.6.1/stm32cubeide/plugins/com.st.stm32cube.ide.mcu.externaltools.gnu-tools-for-stm32.9-2020-q2-update.win32_2.0.0.202105311346/tools/bin/../lib/gcc/arm-none-eabi/9.3.1/../../../../arm-none-eabi/lib/thumb/v7e-m+fp/hard\libc_nano.a(lib_a-nano-freer.o)
                0x0000000008006b48                _free_r
 .text._realloc_r
                0x0000000008006be8       0x4c g:/cubeide/stm32cubeide_1.6.1/stm32cubeide/plugins/com.st.stm32cube.ide.mcu.externaltools.gnu-tools-for-stm32.9-2020-q2-update.win32_2.0.0.202105311346/tools/bin/../lib/gcc/arm-none-eabi/9.3.1/../../../../arm-none-eabi/lib/thumb/v7e-m+fp/hard\libc_nano.a(lib_a-nano-reallocr.o)
                0x0000000008006be8                _realloc_r
 .text._malloc_usable_size_r
                0x0000000008006c34       0x10 g:/cubeide/stm32cubeide_1.6.1/stm32cubeide/plugins/com.st.stm32cube.ide.mcu.externaltools.gnu-tools-for-stm32.9-2020-q2-update.win32_2.0.0.202105311346/tools/bin/../lib/gcc/arm-none-eabi/9.3.1/../../../../arm-none-eabi/lib/thumb/v7e-m+fp/hard\libc_nano.a(lib_a-nano-msizer.o)
                0x0000000008006c34                _malloc_usable_size_r
 *(.glue_7)
 .glue_7        0x0000000008006c44        0x0 linker stubs
 *(.glue_7t)
 .glue_7t       0x0000000008006c44        0x0 linker stubs
 *(.eh_frame)
 .eh_frame      0x0000000008006c44        0x0 g:/cubeide/stm32cubeide_1.6.1/stm32cubeide/plugins/com.st.stm32cube.ide.mcu.externaltools.gnu-tools-for-stm32.9-2020-q2-update.win32_2.0.0.202105311346/tools/bin/../lib/gcc/arm-none-eabi/9.3.1/thumb/v7e-m+fp/hard/crtbegin.o
 *(.init)
 .init          0x0000000008006c44        0x4 g:/cubeide/stm32cubeide_1.6.1/stm32cubeide/plugins/com.st.stm32cube.ide.mcu.externaltools.gnu-tools-for-stm32.9-2020-q2-update.win32_2.0.0.202105311346/tools/bin/../lib/gcc/arm-none-eabi/9.3.1/thumb/v7e-m+fp/hard/crti.o
                0x0000000008006c44                _init
 .init          0x0000000008006c48        0x8 g:/cubeide/stm32cubeide_1.6.1/stm32cubeide/plugins/com.st.stm32cube.ide.mcu.externaltools.gnu-tools-for-stm32.9-2020-q2-update.win32_2.0.0.202105311346/tools/bin/../lib/gcc/arm-none-eabi/9.3.1/thumb/v7e-m+fp/hard/crtn.o
 *(.fini)
 .fini          0x0000000008006c50        0x4 g:/cubeide/stm32cubeide_1.6.1/stm32cubeide/plugins/com.st.stm32cube.ide.mcu.externaltools.gnu-tools-for-stm32.9-2020-q2-update.win32_2.0.0.202105311346/tools/bin/../lib/gcc/arm-none-eabi/9.3.1/thumb/v7e-m+fp/hard/crti.o
                0x0000000008006c50                _fini
 .fini          0x0000000008006c54        0x8 g:/cubeide/stm32cubeide_1.6.1/stm32cubeide/plugins/com.st.stm32cube.ide.mcu.externaltools.gnu-tools-for-stm32.9-2020-q2-update.win32_2.0.0.202105311346/tools/bin/../lib/gcc/arm-none-eabi/9.3.1/thumb/v7e-m+fp/hard/crtn.o
                0x0000000008006c5c                . = ALIGN (0x4)
                0x0000000008006c5c                _etext = .

.vfp11_veneer   0x0000000008006c5c        0x0
 .vfp11_veneer  0x0000000008006c5c        0x0 linker stubs

.v4_bx          0x0000000008006c5c        0x0
 .v4_bx         0x0000000008006c5c        0x0 linker stubs

.iplt           0x0000000008006c5c        0x0
 .iplt          0x0000000008006c5c        0x0 g:/cubeide/stm32cubeide_1.6.1/stm32cubeide/plugins/com.st.stm32cube.ide.mcu.externaltools.gnu-tools-for-stm32.9-2020-q2-update.win32_2.0.0.202105311346/tools/bin/../lib/gcc/arm-none-eabi/9.3.1/thumb/v7e-m+fp/hard/crtbegin.o

.rodata         0x0000000008006c5c       0x54
                0x0000000008006c5c                . = ALIGN (0x4)
 *(.rodata)
 .rodata        0x0000000008006c5c        0x7 ./Core/Src/tim.o
 *(.rodata*)
 *fill*         0x0000000008006c63        0x1 
 .rodata.AHBPrescTable
                0x0000000008006c64       0x10 ./Core/Src/system_stm32f7xx.o
                0x0000000008006c64                AHBPrescTable
 .rodata.APBPrescTable
                0x0000000008006c74        0x8 ./Core/Src/system_stm32f7xx.o
                0x0000000008006c74                APBPrescTable
 .rodata._svfprintf_r.str1.1
                0x0000000008006c7c       0x11 g:/cubeide/stm32cubeide_1.6.1/stm32cubeide/plugins/com.st.stm32cube.ide.mcu.externaltools.gnu-tools-for-stm32.9-2020-q2-update.win32_2.0.0.202105311346/tools/bin/../lib/gcc/arm-none-eabi/9.3.1/../../../../arm-none-eabi/lib/thumb/v7e-m+fp/hard\libc_nano.a(lib_a-nano-svfprintf.o)
 .rodata._printf_i.str1.1
                0x0000000008006c8d       0x22 g:/cubeide/stm32cubeide_1.6.1/stm32cubeide/plugins/com.st.stm32cube.ide.mcu.externaltools.gnu-tools-for-stm32.9-2020-q2-update.win32_2.0.0.202105311346/tools/bin/../lib/gcc/arm-none-eabi/9.3.1/../../../../arm-none-eabi/lib/thumb/v7e-m+fp/hard\libc_nano.a(lib_a-nano-vfprintf_i.o)
                0x0000000008006cb0                . = ALIGN (0x4)
 *fill*         0x0000000008006caf        0x1 

.ARM.extab      0x0000000008006cb0        0x0
                0x0000000008006cb0                . = ALIGN (0x4)
 *(.ARM.extab* .gnu.linkonce.armextab.*)
                0x0000000008006cb0                . = ALIGN (0x4)

.ARM            0x0000000008006cb0        0x8
                0x0000000008006cb0                . = ALIGN (0x4)
                0x0000000008006cb0                __exidx_start = .
 *(.ARM.exidx*)
 .ARM.exidx     0x0000000008006cb0        0x8 g:/cubeide/stm32cubeide_1.6.1/stm32cubeide/plugins/com.st.stm32cube.ide.mcu.externaltools.gnu-tools-for-stm32.9-2020-q2-update.win32_2.0.0.202105311346/tools/bin/../lib/gcc/arm-none-eabi/9.3.1/thumb/v7e-m+fp/hard\libgcc.a(_udivmoddi4.o)
                0x0000000008006cb8                __exidx_end = .
                0x0000000008006cb8                . = ALIGN (0x4)

.rel.dyn        0x0000000008006cb8        0x0
 .rel.iplt      0x0000000008006cb8        0x0 g:/cubeide/stm32cubeide_1.6.1/stm32cubeide/plugins/com.st.stm32cube.ide.mcu.externaltools.gnu-tools-for-stm32.9-2020-q2-update.win32_2.0.0.202105311346/tools/bin/../lib/gcc/arm-none-eabi/9.3.1/thumb/v7e-m+fp/hard/crtbegin.o

.preinit_array  0x0000000008006cb8        0x0
                0x0000000008006cb8                . = ALIGN (0x4)
                0x0000000008006cb8                PROVIDE (__preinit_array_start = .)
 *(.preinit_array*)
                0x0000000008006cb8                PROVIDE (__preinit_array_end = .)
                0x0000000008006cb8                . = ALIGN (0x4)

.init_array     0x0000000008006cb8        0x4
                0x0000000008006cb8                . = ALIGN (0x4)
                0x0000000008006cb8                PROVIDE (__init_array_start = .)
 *(SORT_BY_NAME(.init_array.*))
 *(.init_array*)
 .init_array    0x0000000008006cb8        0x4 g:/cubeide/stm32cubeide_1.6.1/stm32cubeide/plugins/com.st.stm32cube.ide.mcu.externaltools.gnu-tools-for-stm32.9-2020-q2-update.win32_2.0.0.202105311346/tools/bin/../lib/gcc/arm-none-eabi/9.3.1/thumb/v7e-m+fp/hard/crtbegin.o
                0x0000000008006cbc                PROVIDE (__init_array_end = .)
                0x0000000008006cbc                . = ALIGN (0x4)

.fini_array     0x0000000008006cbc        0x4
                0x0000000008006cbc                . = ALIGN (0x4)
                [!provide]                        PROVIDE (__fini_array_start = .)
 *(SORT_BY_NAME(.fini_array.*))
 *(.fini_array*)
 .fini_array    0x0000000008006cbc        0x4 g:/cubeide/stm32cubeide_1.6.1/stm32cubeide/plugins/com.st.stm32cube.ide.mcu.externaltools.gnu-tools-for-stm32.9-2020-q2-update.win32_2.0.0.202105311346/tools/bin/../lib/gcc/arm-none-eabi/9.3.1/thumb/v7e-m+fp/hard/crtbegin.o
                [!provide]                        PROVIDE (__fini_array_end = .)
                0x0000000008006cc0                . = ALIGN (0x4)
                0x0000000008006cc0                _sidata = LOADADDR (.data)

.data           0x0000000020000000       0x70 load address 0x0000000008006cc0
                0x0000000020000000                . = ALIGN (0x4)
                0x0000000020000000                _sdata = .
 *(.data)
 *(.data*)
 .data.SystemCoreClock
                0x0000000020000000        0x4 ./Core/Src/system_stm32f7xx.o
                0x0000000020000000                SystemCoreClock
 .data.uwTickPrio
                0x0000000020000004        0x4 ./Drivers/STM32F7xx_HAL_Driver/Src/stm32f7xx_hal.o
                0x0000000020000004                uwTickPrio
 .data.uwTickFreq
                0x0000000020000008        0x1 ./Drivers/STM32F7xx_HAL_Driver/Src/stm32f7xx_hal.o
                0x0000000020000008                uwTickFreq
 *fill*         0x0000000020000009        0x3 
 .data._impure_ptr
                0x000000002000000c        0x4 g:/cubeide/stm32cubeide_1.6.1/stm32cubeide/plugins/com.st.stm32cube.ide.mcu.externaltools.gnu-tools-for-stm32.9-2020-q2-update.win32_2.0.0.202105311346/tools/bin/../lib/gcc/arm-none-eabi/9.3.1/../../../../arm-none-eabi/lib/thumb/v7e-m+fp/hard\libc_nano.a(lib_a-impure.o)
                0x000000002000000c                _impure_ptr
 .data.impure_data
                0x0000000020000010       0x60 g:/cubeide/stm32cubeide_1.6.1/stm32cubeide/plugins/com.st.stm32cube.ide.mcu.externaltools.gnu-tools-for-stm32.9-2020-q2-update.win32_2.0.0.202105311346/tools/bin/../lib/gcc/arm-none-eabi/9.3.1/../../../../arm-none-eabi/lib/thumb/v7e-m+fp/hard\libc_nano.a(lib_a-impure.o)
 *(.RamFunc)
 *(.RamFunc*)
                0x0000000020000070                . = ALIGN (0x4)
                0x0000000020000070                _edata = .

.igot.plt       0x0000000020000070        0x0 load address 0x0000000008006d30
 .igot.plt      0x0000000020000070        0x0 g:/cubeide/stm32cubeide_1.6.1/stm32cubeide/plugins/com.st.stm32cube.ide.mcu.externaltools.gnu-tools-for-stm32.9-2020-q2-update.win32_2.0.0.202105311346/tools/bin/../lib/gcc/arm-none-eabi/9.3.1/thumb/v7e-m+fp/hard/crtbegin.o
                0x0000000020000070                . = ALIGN (0x4)

.bss            0x0000000020000070     0x1de0 load address 0x0000000008006d30
                0x0000000020000070                _sbss = .
                0x0000000020000070                __bss_start__ = _sbss
 *(.bss)
 .bss           0x0000000020000070       0x1c g:/cubeide/stm32cubeide_1.6.1/stm32cubeide/plugins/com.st.stm32cube.ide.mcu.externaltools.gnu-tools-for-stm32.9-2020-q2-update.win32_2.0.0.202105311346/tools/bin/../lib/gcc/arm-none-eabi/9.3.1/thumb/v7e-m+fp/hard/crtbegin.o
 *(.bss*)
 .bss.__sbrk_heap_end
                0x000000002000008c        0x4 ./Core/Src/sysmem.o
 .bss.encoderValue
                0x0000000020000090        0x4 ./Core/Src/tim.o
                0x0000000020000090                encoderValue
 *fill*         0x0000000020000094        0x4 
 .bss.RPM       0x0000000020000098        0x8 ./Core/Src/tim.o
                0x0000000020000098                RPM
 .bss.lastEncoder
                0x00000000200000a0        0x4 ./Core/Src/tim.o
                0x00000000200000a0                lastEncoder
 .bss.difference
                0x00000000200000a4        0x4 ./Core/Src/tim.o
                0x00000000200000a4                difference
 .bss.k         0x00000000200000a8        0x4 ./Core/Src/tim.o
                0x00000000200000a8                k
 .bss.messagesReady
                0x00000000200000ac        0x1 ./Core/Src/tim.o
                0x00000000200000ac                messagesReady
 *fill*         0x00000000200000ad        0x3 
 .bss.__malloc_free_list
                0x00000000200000b0        0x4 g:/cubeide/stm32cubeide_1.6.1/stm32cubeide/plugins/com.st.stm32cube.ide.mcu.externaltools.gnu-tools-for-stm32.9-2020-q2-update.win32_2.0.0.202105311346/tools/bin/../lib/gcc/arm-none-eabi/9.3.1/../../../../arm-none-eabi/lib/thumb/v7e-m+fp/hard\libc_nano.a(lib_a-nano-mallocr.o)
                0x00000000200000b0                __malloc_free_list
 .bss.__malloc_sbrk_start
                0x00000000200000b4        0x4 g:/cubeide/stm32cubeide_1.6.1/stm32cubeide/plugins/com.st.stm32cube.ide.mcu.externaltools.gnu-tools-for-stm32.9-2020-q2-update.win32_2.0.0.202105311346/tools/bin/../lib/gcc/arm-none-eabi/9.3.1/../../../../arm-none-eabi/lib/thumb/v7e-m+fp/hard\libc_nano.a(lib_a-nano-mallocr.o)
                0x00000000200000b4                __malloc_sbrk_start
 *(COMMON)
 COMMON         0x00000000200000b8       0x48 ./Core/Src/adc.o
                0x00000000200000b8                hadc1
 COMMON         0x0000000020000100       0x60 ./Core/Src/pid.o
                0x0000000020000100                pidController
                0x0000000020000138                measurmentsVector
 COMMON         0x0000000020000160     0x1854 ./Core/Src/tim.o
                0x0000000020000160                uartMessages
                0x00000000200018d0                htim4
                0x000000002000191c                htim3
                0x0000000020001968                htim1
 COMMON         0x00000000200019b4       0x84 ./Core/Src/usart.o
                0x00000000200019b4                huart3
 COMMON         0x0000000020001a38      0x404 ./Core/Src/usb_otg.o
                0x0000000020001a38                hpcd_USB_OTG_FS
 COMMON         0x0000000020001e3c        0x4 ./Drivers/STM32F7xx_HAL_Driver/Src/stm32f7xx_hal.o
                0x0000000020001e3c                uwTick
 COMMON         0x0000000020001e40        0x4 g:/cubeide/stm32cubeide_1.6.1/stm32cubeide/plugins/com.st.stm32cube.ide.mcu.externaltools.gnu-tools-for-stm32.9-2020-q2-update.win32_2.0.0.202105311346/tools/bin/../lib/gcc/arm-none-eabi/9.3.1/../../../../arm-none-eabi/lib/thumb/v7e-m+fp/hard\libc_nano.a(lib_a-reent.o)
                0x0000000020001e40                errno
 COMMON         0x0000000020001e44        0x9 g:/cubeide/stm32cubeide_1.6.1/stm32cubeide/plugins/com.st.stm32cube.ide.mcu.externaltools.gnu-tools-for-stm32.9-2020-q2-update.win32_2.0.0.202105311346/tools/bin/../lib/gcc/arm-none-eabi/9.3.1/../../../../arm-none-eabi/lib/thumb/v7e-m+fp/hard\libc_nano.a(lib_a-lock.o)
                0x0000000020001e44                __lock___atexit_recursive_mutex
                0x0000000020001e45                __lock___arc4random_mutex
                0x0000000020001e46                __lock___env_recursive_mutex
                0x0000000020001e47                __lock___sinit_recursive_mutex
                0x0000000020001e48                __lock___malloc_recursive_mutex
                0x0000000020001e49                __lock___at_quick_exit_mutex
                0x0000000020001e4a                __lock___dd_hash_mutex
                0x0000000020001e4b                __lock___tz_mutex
                0x0000000020001e4c                __lock___sfp_recursive_mutex
                0x0000000020001e50                . = ALIGN (0x4)
 *fill*         0x0000000020001e4d        0x3 
                0x0000000020001e50                _ebss = .
                0x0000000020001e50                __bss_end__ = _ebss

._user_heap_stack
                0x0000000020001e50      0x600 load address 0x0000000008006d30
                0x0000000020001e50                . = ALIGN (0x8)
                [!provide]                        PROVIDE (end = .)
                0x0000000020001e50                PROVIDE (_end = .)
                0x0000000020002050                . = (. + _Min_Heap_Size)
 *fill*         0x0000000020001e50      0x200 
                0x0000000020002450                . = (. + _Min_Stack_Size)
 *fill*         0x0000000020002050      0x400 
                0x0000000020002450                . = ALIGN (0x8)

/DISCARD/
 libc.a(*)
 libm.a(*)
 libgcc.a(*)

.ARM.attributes
                0x0000000000000000       0x30
 *(.ARM.attributes)
 .ARM.attributes
                0x0000000000000000       0x1e g:/cubeide/stm32cubeide_1.6.1/stm32cubeide/plugins/com.st.stm32cube.ide.mcu.externaltools.gnu-tools-for-stm32.9-2020-q2-update.win32_2.0.0.202105311346/tools/bin/../lib/gcc/arm-none-eabi/9.3.1/thumb/v7e-m+fp/hard/crti.o
 .ARM.attributes
                0x000000000000001e       0x34 g:/cubeide/stm32cubeide_1.6.1/stm32cubeide/plugins/com.st.stm32cube.ide.mcu.externaltools.gnu-tools-for-stm32.9-2020-q2-update.win32_2.0.0.202105311346/tools/bin/../lib/gcc/arm-none-eabi/9.3.1/thumb/v7e-m+fp/hard/crtbegin.o
 .ARM.attributes
                0x0000000000000052       0x34 ./Core/Src/adc.o
 .ARM.attributes
                0x0000000000000086       0x34 ./Core/Src/gpio.o
 .ARM.attributes
                0x00000000000000ba       0x34 ./Core/Src/main.o
 .ARM.attributes
                0x00000000000000ee       0x34 ./Core/Src/pid.o
 .ARM.attributes
                0x0000000000000122       0x34 ./Core/Src/stm32f7xx_hal_msp.o
 .ARM.attributes
                0x0000000000000156       0x34 ./Core/Src/stm32f7xx_it.o
 .ARM.attributes
                0x000000000000018a       0x34 ./Core/Src/sysmem.o
 .ARM.attributes
                0x00000000000001be       0x34 ./Core/Src/system_stm32f7xx.o
 .ARM.attributes
                0x00000000000001f2       0x34 ./Core/Src/tim.o
 .ARM.attributes
                0x0000000000000226       0x34 ./Core/Src/usart.o
 .ARM.attributes
                0x000000000000025a       0x34 ./Core/Src/usb_otg.o
 .ARM.attributes
                0x000000000000028e       0x21 ./Core/Startup/startup_stm32f746zgtx.o
 .ARM.attributes
                0x00000000000002af       0x34 ./Drivers/STM32F7xx_HAL_Driver/Src/stm32f7xx_hal.o
 .ARM.attributes
                0x00000000000002e3       0x34 ./Drivers/STM32F7xx_HAL_Driver/Src/stm32f7xx_hal_adc.o
 .ARM.attributes
                0x0000000000000317       0x34 ./Drivers/STM32F7xx_HAL_Driver/Src/stm32f7xx_hal_cortex.o
 .ARM.attributes
                0x000000000000034b       0x34 ./Drivers/STM32F7xx_HAL_Driver/Src/stm32f7xx_hal_gpio.o
 .ARM.attributes
                0x000000000000037f       0x34 ./Drivers/STM32F7xx_HAL_Driver/Src/stm32f7xx_hal_pcd.o
 .ARM.attributes
                0x00000000000003b3       0x34 ./Drivers/STM32F7xx_HAL_Driver/Src/stm32f7xx_hal_pcd_ex.o
 .ARM.attributes
                0x00000000000003e7       0x34 ./Drivers/STM32F7xx_HAL_Driver/Src/stm32f7xx_hal_pwr.o
 .ARM.attributes
                0x000000000000041b       0x34 ./Drivers/STM32F7xx_HAL_Driver/Src/stm32f7xx_hal_rcc.o
 .ARM.attributes
                0x000000000000044f       0x34 ./Drivers/STM32F7xx_HAL_Driver/Src/stm32f7xx_hal_rcc_ex.o
 .ARM.attributes
                0x0000000000000483       0x34 ./Drivers/STM32F7xx_HAL_Driver/Src/stm32f7xx_hal_tim.o
 .ARM.attributes
                0x00000000000004b7       0x34 ./Drivers/STM32F7xx_HAL_Driver/Src/stm32f7xx_hal_tim_ex.o
 .ARM.attributes
                0x00000000000004eb       0x34 ./Drivers/STM32F7xx_HAL_Driver/Src/stm32f7xx_hal_uart.o
 .ARM.attributes
                0x000000000000051f       0x34 ./Drivers/STM32F7xx_HAL_Driver/Src/stm32f7xx_ll_usb.o
 .ARM.attributes
                0x0000000000000553       0x34 g:/cubeide/stm32cubeide_1.6.1/stm32cubeide/plugins/com.st.stm32cube.ide.mcu.externaltools.gnu-tools-for-stm32.9-2020-q2-update.win32_2.0.0.202105311346/tools/bin/../lib/gcc/arm-none-eabi/9.3.1/../../../../arm-none-eabi/lib/thumb/v7e-m+fp/hard\libc_nano.a(lib_a-calloc.o)
 .ARM.attributes
                0x0000000000000587       0x34 g:/cubeide/stm32cubeide_1.6.1/stm32cubeide/plugins/com.st.stm32cube.ide.mcu.externaltools.gnu-tools-for-stm32.9-2020-q2-update.win32_2.0.0.202105311346/tools/bin/../lib/gcc/arm-none-eabi/9.3.1/../../../../arm-none-eabi/lib/thumb/v7e-m+fp/hard\libc_nano.a(lib_a-errno.o)
 .ARM.attributes
                0x00000000000005bb       0x32 g:/cubeide/stm32cubeide_1.6.1/stm32cubeide/plugins/com.st.stm32cube.ide.mcu.externaltools.gnu-tools-for-stm32.9-2020-q2-update.win32_2.0.0.202105311346/tools/bin/../lib/gcc/arm-none-eabi/9.3.1/../../../../arm-none-eabi/lib/thumb/v7e-m+fp/hard\libc_nano.a(lib_a-impure.o)
 .ARM.attributes
                0x00000000000005ed       0x34 g:/cubeide/stm32cubeide_1.6.1/stm32cubeide/plugins/com.st.stm32cube.ide.mcu.externaltools.gnu-tools-for-stm32.9-2020-q2-update.win32_2.0.0.202105311346/tools/bin/../lib/gcc/arm-none-eabi/9.3.1/../../../../arm-none-eabi/lib/thumb/v7e-m+fp/hard\libc_nano.a(lib_a-init.o)
 .ARM.attributes
                0x0000000000000621       0x34 g:/cubeide/stm32cubeide_1.6.1/stm32cubeide/plugins/com.st.stm32cube.ide.mcu.externaltools.gnu-tools-for-stm32.9-2020-q2-update.win32_2.0.0.202105311346/tools/bin/../lib/gcc/arm-none-eabi/9.3.1/../../../../arm-none-eabi/lib/thumb/v7e-m+fp/hard\libc_nano.a(lib_a-memset.o)
 .ARM.attributes
                0x0000000000000655       0x34 g:/cubeide/stm32cubeide_1.6.1/stm32cubeide/plugins/com.st.stm32cube.ide.mcu.externaltools.gnu-tools-for-stm32.9-2020-q2-update.win32_2.0.0.202105311346/tools/bin/../lib/gcc/arm-none-eabi/9.3.1/../../../../arm-none-eabi/lib/thumb/v7e-m+fp/hard\libc_nano.a(lib_a-nano-callocr.o)
 .ARM.attributes
                0x0000000000000689       0x34 g:/cubeide/stm32cubeide_1.6.1/stm32cubeide/plugins/com.st.stm32cube.ide.mcu.externaltools.gnu-tools-for-stm32.9-2020-q2-update.win32_2.0.0.202105311346/tools/bin/../lib/gcc/arm-none-eabi/9.3.1/../../../../arm-none-eabi/lib/thumb/v7e-m+fp/hard\libc_nano.a(lib_a-nano-mallocr.o)
 .ARM.attributes
                0x00000000000006bd       0x34 g:/cubeide/stm32cubeide_1.6.1/stm32cubeide/plugins/com.st.stm32cube.ide.mcu.externaltools.gnu-tools-for-stm32.9-2020-q2-update.win32_2.0.0.202105311346/tools/bin/../lib/gcc/arm-none-eabi/9.3.1/../../../../arm-none-eabi/lib/thumb/v7e-m+fp/hard\libc_nano.a(lib_a-sbrkr.o)
 .ARM.attributes
                0x00000000000006f1       0x34 g:/cubeide/stm32cubeide_1.6.1/stm32cubeide/plugins/com.st.stm32cube.ide.mcu.externaltools.gnu-tools-for-stm32.9-2020-q2-update.win32_2.0.0.202105311346/tools/bin/../lib/gcc/arm-none-eabi/9.3.1/../../../../arm-none-eabi/lib/thumb/v7e-m+fp/hard\libc_nano.a(lib_a-sprintf.o)
 .ARM.attributes
                0x0000000000000725       0x34 g:/cubeide/stm32cubeide_1.6.1/stm32cubeide/plugins/com.st.stm32cube.ide.mcu.externaltools.gnu-tools-for-stm32.9-2020-q2-update.win32_2.0.0.202105311346/tools/bin/../lib/gcc/arm-none-eabi/9.3.1/../../../../arm-none-eabi/lib/thumb/v7e-m+fp/hard\libc_nano.a(lib_a-mlock.o)
 .ARM.attributes
                0x0000000000000759       0x34 g:/cubeide/stm32cubeide_1.6.1/stm32cubeide/plugins/com.st.stm32cube.ide.mcu.externaltools.gnu-tools-for-stm32.9-2020-q2-update.win32_2.0.0.202105311346/tools/bin/../lib/gcc/arm-none-eabi/9.3.1/../../../../arm-none-eabi/lib/thumb/v7e-m+fp/hard\libc_nano.a(lib_a-nano-svfprintf.o)
 .ARM.attributes
                0x000000000000078d       0x34 g:/cubeide/stm32cubeide_1.6.1/stm32cubeide/plugins/com.st.stm32cube.ide.mcu.externaltools.gnu-tools-for-stm32.9-2020-q2-update.win32_2.0.0.202105311346/tools/bin/../lib/gcc/arm-none-eabi/9.3.1/../../../../arm-none-eabi/lib/thumb/v7e-m+fp/hard\libc_nano.a(lib_a-nano-vfprintf_i.o)
 .ARM.attributes
                0x00000000000007c1       0x34 g:/cubeide/stm32cubeide_1.6.1/stm32cubeide/plugins/com.st.stm32cube.ide.mcu.externaltools.gnu-tools-for-stm32.9-2020-q2-update.win32_2.0.0.202105311346/tools/bin/../lib/gcc/arm-none-eabi/9.3.1/../../../../arm-none-eabi/lib/thumb/v7e-m+fp/hard\libc_nano.a(lib_a-reent.o)
 .ARM.attributes
                0x00000000000007f5       0x34 g:/cubeide/stm32cubeide_1.6.1/stm32cubeide/plugins/com.st.stm32cube.ide.mcu.externaltools.gnu-tools-for-stm32.9-2020-q2-update.win32_2.0.0.202105311346/tools/bin/../lib/gcc/arm-none-eabi/9.3.1/../../../../arm-none-eabi/lib/thumb/v7e-m+fp/hard\libc_nano.a(lib_a-lock.o)
 .ARM.attributes
                0x0000000000000829       0x1c g:/cubeide/stm32cubeide_1.6.1/stm32cubeide/plugins/com.st.stm32cube.ide.mcu.externaltools.gnu-tools-for-stm32.9-2020-q2-update.win32_2.0.0.202105311346/tools/bin/../lib/gcc/arm-none-eabi/9.3.1/../../../../arm-none-eabi/lib/thumb/v7e-m+fp/hard\libc_nano.a(lib_a-memchr.o)
 .ARM.attributes
                0x0000000000000845       0x34 g:/cubeide/stm32cubeide_1.6.1/stm32cubeide/plugins/com.st.stm32cube.ide.mcu.externaltools.gnu-tools-for-stm32.9-2020-q2-update.win32_2.0.0.202105311346/tools/bin/../lib/gcc/arm-none-eabi/9.3.1/../../../../arm-none-eabi/lib/thumb/v7e-m+fp/hard\libc_nano.a(lib_a-memcpy-stub.o)
 .ARM.attributes
                0x0000000000000879       0x34 g:/cubeide/stm32cubeide_1.6.1/stm32cubeide/plugins/com.st.stm32cube.ide.mcu.externaltools.gnu-tools-for-stm32.9-2020-q2-update.win32_2.0.0.202105311346/tools/bin/../lib/gcc/arm-none-eabi/9.3.1/../../../../arm-none-eabi/lib/thumb/v7e-m+fp/hard\libc_nano.a(lib_a-memmove.o)
 .ARM.attributes
                0x00000000000008ad       0x34 g:/cubeide/stm32cubeide_1.6.1/stm32cubeide/plugins/com.st.stm32cube.ide.mcu.externaltools.gnu-tools-for-stm32.9-2020-q2-update.win32_2.0.0.202105311346/tools/bin/../lib/gcc/arm-none-eabi/9.3.1/../../../../arm-none-eabi/lib/thumb/v7e-m+fp/hard\libc_nano.a(lib_a-nano-freer.o)
 .ARM.attributes
                0x00000000000008e1       0x34 g:/cubeide/stm32cubeide_1.6.1/stm32cubeide/plugins/com.st.stm32cube.ide.mcu.externaltools.gnu-tools-for-stm32.9-2020-q2-update.win32_2.0.0.202105311346/tools/bin/../lib/gcc/arm-none-eabi/9.3.1/../../../../arm-none-eabi/lib/thumb/v7e-m+fp/hard\libc_nano.a(lib_a-nano-reallocr.o)
 .ARM.attributes
                0x0000000000000915       0x34 g:/cubeide/stm32cubeide_1.6.1/stm32cubeide/plugins/com.st.stm32cube.ide.mcu.externaltools.gnu-tools-for-stm32.9-2020-q2-update.win32_2.0.0.202105311346/tools/bin/../lib/gcc/arm-none-eabi/9.3.1/../../../../arm-none-eabi/lib/thumb/v7e-m+fp/hard\libc_nano.a(lib_a-nano-msizer.o)
 .ARM.attributes
                0x0000000000000949       0x1e g:/cubeide/stm32cubeide_1.6.1/stm32cubeide/plugins/com.st.stm32cube.ide.mcu.externaltools.gnu-tools-for-stm32.9-2020-q2-update.win32_2.0.0.202105311346/tools/bin/../lib/gcc/arm-none-eabi/9.3.1/thumb/v7e-m+fp/hard\libgcc.a(_arm_addsubdf3.o)
 .ARM.attributes
                0x0000000000000967       0x1e g:/cubeide/stm32cubeide_1.6.1/stm32cubeide/plugins/com.st.stm32cube.ide.mcu.externaltools.gnu-tools-for-stm32.9-2020-q2-update.win32_2.0.0.202105311346/tools/bin/../lib/gcc/arm-none-eabi/9.3.1/thumb/v7e-m+fp/hard\libgcc.a(_arm_muldivdf3.o)
 .ARM.attributes
                0x0000000000000985       0x1e g:/cubeide/stm32cubeide_1.6.1/stm32cubeide/plugins/com.st.stm32cube.ide.mcu.externaltools.gnu-tools-for-stm32.9-2020-q2-update.win32_2.0.0.202105311346/tools/bin/../lib/gcc/arm-none-eabi/9.3.1/thumb/v7e-m+fp/hard\libgcc.a(_arm_fixdfsi.o)
 .ARM.attributes
                0x00000000000009a3       0x1e g:/cubeide/stm32cubeide_1.6.1/stm32cubeide/plugins/com.st.stm32cube.ide.mcu.externaltools.gnu-tools-for-stm32.9-2020-q2-update.win32_2.0.0.202105311346/tools/bin/../lib/gcc/arm-none-eabi/9.3.1/thumb/v7e-m+fp/hard\libgcc.a(_arm_fixunsdfsi.o)
 .ARM.attributes
                0x00000000000009c1       0x1e g:/cubeide/stm32cubeide_1.6.1/stm32cubeide/plugins/com.st.stm32cube.ide.mcu.externaltools.gnu-tools-for-stm32.9-2020-q2-update.win32_2.0.0.202105311346/tools/bin/../lib/gcc/arm-none-eabi/9.3.1/thumb/v7e-m+fp/hard\libgcc.a(_aeabi_uldivmod.o)
 .ARM.attributes
                0x00000000000009df       0x34 g:/cubeide/stm32cubeide_1.6.1/stm32cubeide/plugins/com.st.stm32cube.ide.mcu.externaltools.gnu-tools-for-stm32.9-2020-q2-update.win32_2.0.0.202105311346/tools/bin/../lib/gcc/arm-none-eabi/9.3.1/thumb/v7e-m+fp/hard\libgcc.a(_udivmoddi4.o)
 .ARM.attributes
                0x0000000000000a13       0x1e g:/cubeide/stm32cubeide_1.6.1/stm32cubeide/plugins/com.st.stm32cube.ide.mcu.externaltools.gnu-tools-for-stm32.9-2020-q2-update.win32_2.0.0.202105311346/tools/bin/../lib/gcc/arm-none-eabi/9.3.1/thumb/v7e-m+fp/hard\libgcc.a(_dvmd_tls.o)
 .ARM.attributes
                0x0000000000000a31       0x1e g:/cubeide/stm32cubeide_1.6.1/stm32cubeide/plugins/com.st.stm32cube.ide.mcu.externaltools.gnu-tools-for-stm32.9-2020-q2-update.win32_2.0.0.202105311346/tools/bin/../lib/gcc/arm-none-eabi/9.3.1/thumb/v7e-m+fp/hard/crtn.o
OUTPUT(Projekt_Cube.elf elf32-littlearm)
LOAD linker stubs
LOAD g:/cubeide/stm32cubeide_1.6.1/stm32cubeide/plugins/com.st.stm32cube.ide.mcu.externaltools.gnu-tools-for-stm32.9-2020-q2-update.win32_2.0.0.202105311346/tools/bin/../lib/gcc/arm-none-eabi/9.3.1/../../../../arm-none-eabi/lib/thumb/v7e-m+fp/hard\libc.a
LOAD g:/cubeide/stm32cubeide_1.6.1/stm32cubeide/plugins/com.st.stm32cube.ide.mcu.externaltools.gnu-tools-for-stm32.9-2020-q2-update.win32_2.0.0.202105311346/tools/bin/../lib/gcc/arm-none-eabi/9.3.1/../../../../arm-none-eabi/lib/thumb/v7e-m+fp/hard\libm.a
LOAD g:/cubeide/stm32cubeide_1.6.1/stm32cubeide/plugins/com.st.stm32cube.ide.mcu.externaltools.gnu-tools-for-stm32.9-2020-q2-update.win32_2.0.0.202105311346/tools/bin/../lib/gcc/arm-none-eabi/9.3.1/thumb/v7e-m+fp/hard\libgcc.a

.debug_info     0x0000000000000000    0x19211
 .debug_info    0x0000000000000000      0xad2 ./Core/Src/adc.o
 .debug_info    0x0000000000000ad2      0x5b0 ./Core/Src/gpio.o
 .debug_info    0x0000000000001082     0x23bc ./Core/Src/main.o
 .debug_info    0x000000000000343e      0x1e3 ./Core/Src/pid.o
 .debug_info    0x0000000000003621      0x3be ./Core/Src/stm32f7xx_hal_msp.o
 .debug_info    0x00000000000039df      0x84c ./Core/Src/stm32f7xx_it.o
 .debug_info    0x000000000000422b      0xa25 ./Core/Src/sysmem.o
 .debug_info    0x0000000000004c50      0x7ad ./Core/Src/system_stm32f7xx.o
 .debug_info    0x00000000000053fd     0x231e ./Core/Src/tim.o
 .debug_info    0x000000000000771b      0xb20 ./Core/Src/usart.o
 .debug_info    0x000000000000823b      0xa76 ./Core/Src/usb_otg.o
 .debug_info    0x0000000000008cb1       0x22 ./Core/Startup/startup_stm32f746zgtx.o
 .debug_info    0x0000000000008cd3      0xa42 ./Drivers/STM32F7xx_HAL_Driver/Src/stm32f7xx_hal.o
 .debug_info    0x0000000000009715      0xd86 ./Drivers/STM32F7xx_HAL_Driver/Src/stm32f7xx_hal_adc.o
 .debug_info    0x000000000000a49b     0x1116 ./Drivers/STM32F7xx_HAL_Driver/Src/stm32f7xx_hal_cortex.o
 .debug_info    0x000000000000b5b1      0x868 ./Drivers/STM32F7xx_HAL_Driver/Src/stm32f7xx_hal_gpio.o
 .debug_info    0x000000000000be19     0x134f ./Drivers/STM32F7xx_HAL_Driver/Src/stm32f7xx_hal_pcd.o
 .debug_info    0x000000000000d168      0x88b ./Drivers/STM32F7xx_HAL_Driver/Src/stm32f7xx_hal_pcd_ex.o
 .debug_info    0x000000000000d9f3      0xa4c ./Drivers/STM32F7xx_HAL_Driver/Src/stm32f7xx_hal_pwr.o
 .debug_info    0x000000000000e43f      0x9cc ./Drivers/STM32F7xx_HAL_Driver/Src/stm32f7xx_hal_rcc.o
 .debug_info    0x000000000000ee0b      0x82c ./Drivers/STM32F7xx_HAL_Driver/Src/stm32f7xx_hal_rcc_ex.o
 .debug_info    0x000000000000f637     0x2d3e ./Drivers/STM32F7xx_HAL_Driver/Src/stm32f7xx_hal_tim.o
 .debug_info    0x0000000000012375     0x1688 ./Drivers/STM32F7xx_HAL_Driver/Src/stm32f7xx_hal_tim_ex.o
 .debug_info    0x00000000000139fd     0x3cd4 ./Drivers/STM32F7xx_HAL_Driver/Src/stm32f7xx_hal_uart.o
 .debug_info    0x00000000000176d1     0x1b40 ./Drivers/STM32F7xx_HAL_Driver/Src/stm32f7xx_ll_usb.o

.debug_abbrev   0x0000000000000000     0x314f
 .debug_abbrev  0x0000000000000000      0x1bb ./Core/Src/adc.o
 .debug_abbrev  0x00000000000001bb      0x14e ./Core/Src/gpio.o
 .debug_abbrev  0x0000000000000309      0x2e3 ./Core/Src/main.o
 .debug_abbrev  0x00000000000005ec      0x11c ./Core/Src/pid.o
 .debug_abbrev  0x0000000000000708      0x11d ./Core/Src/stm32f7xx_hal_msp.o
 .debug_abbrev  0x0000000000000825      0x176 ./Core/Src/stm32f7xx_it.o
 .debug_abbrev  0x000000000000099b      0x1bf ./Core/Src/sysmem.o
 .debug_abbrev  0x0000000000000b5a      0x165 ./Core/Src/system_stm32f7xx.o
 .debug_abbrev  0x0000000000000cbf      0x321 ./Core/Src/tim.o
 .debug_abbrev  0x0000000000000fe0      0x1bb ./Core/Src/usart.o
 .debug_abbrev  0x000000000000119b      0x1da ./Core/Src/usb_otg.o
 .debug_abbrev  0x0000000000001375       0x12 ./Core/Startup/startup_stm32f746zgtx.o
 .debug_abbrev  0x0000000000001387      0x1ed ./Drivers/STM32F7xx_HAL_Driver/Src/stm32f7xx_hal.o
 .debug_abbrev  0x0000000000001574      0x22f ./Drivers/STM32F7xx_HAL_Driver/Src/stm32f7xx_hal_adc.o
 .debug_abbrev  0x00000000000017a3      0x33c ./Drivers/STM32F7xx_HAL_Driver/Src/stm32f7xx_hal_cortex.o
 .debug_abbrev  0x0000000000001adf      0x1f1 ./Drivers/STM32F7xx_HAL_Driver/Src/stm32f7xx_hal_gpio.o
 .debug_abbrev  0x0000000000001cd0      0x2a0 ./Drivers/STM32F7xx_HAL_Driver/Src/stm32f7xx_hal_pcd.o
 .debug_abbrev  0x0000000000001f70      0x1ea ./Drivers/STM32F7xx_HAL_Driver/Src/stm32f7xx_hal_pcd_ex.o
 .debug_abbrev  0x000000000000215a      0x1de ./Drivers/STM32F7xx_HAL_Driver/Src/stm32f7xx_hal_pwr.o
 .debug_abbrev  0x0000000000002338      0x246 ./Drivers/STM32F7xx_HAL_Driver/Src/stm32f7xx_hal_rcc.o
 .debug_abbrev  0x000000000000257e      0x1d1 ./Drivers/STM32F7xx_HAL_Driver/Src/stm32f7xx_hal_rcc_ex.o
 .debug_abbrev  0x000000000000274f      0x25e ./Drivers/STM32F7xx_HAL_Driver/Src/stm32f7xx_hal_tim.o
 .debug_abbrev  0x00000000000029ad      0x266 ./Drivers/STM32F7xx_HAL_Driver/Src/stm32f7xx_hal_tim_ex.o
 .debug_abbrev  0x0000000000002c13      0x2b3 ./Drivers/STM32F7xx_HAL_Driver/Src/stm32f7xx_hal_uart.o
 .debug_abbrev  0x0000000000002ec6      0x289 ./Drivers/STM32F7xx_HAL_Driver/Src/stm32f7xx_ll_usb.o

.debug_aranges  0x0000000000000000     0x11e0
 .debug_aranges
                0x0000000000000000       0x30 ./Core/Src/adc.o
 .debug_aranges
                0x0000000000000030       0x20 ./Core/Src/gpio.o
 .debug_aranges
                0x0000000000000050       0x30 ./Core/Src/main.o
 .debug_aranges
                0x0000000000000080       0x28 ./Core/Src/pid.o
 .debug_aranges
                0x00000000000000a8       0x20 ./Core/Src/stm32f7xx_hal_msp.o
 .debug_aranges
                0x00000000000000c8       0x68 ./Core/Src/stm32f7xx_it.o
 .debug_aranges
                0x0000000000000130       0x20 ./Core/Src/sysmem.o
 .debug_aranges
                0x0000000000000150       0x28 ./Core/Src/system_stm32f7xx.o
 .debug_aranges
                0x0000000000000178       0x70 ./Core/Src/tim.o
 .debug_aranges
                0x00000000000001e8       0x30 ./Core/Src/usart.o
 .debug_aranges
                0x0000000000000218       0x30 ./Core/Src/usb_otg.o
 .debug_aranges
                0x0000000000000248       0x28 ./Core/Startup/startup_stm32f746zgtx.o
 .debug_aranges
                0x0000000000000270      0x100 ./Drivers/STM32F7xx_HAL_Driver/Src/stm32f7xx_hal.o
 .debug_aranges
                0x0000000000000370       0xe8 ./Drivers/STM32F7xx_HAL_Driver/Src/stm32f7xx_hal_adc.o
 .debug_aranges
                0x0000000000000458      0x118 ./Drivers/STM32F7xx_HAL_Driver/Src/stm32f7xx_hal_cortex.o
 .debug_aranges
                0x0000000000000570       0x58 ./Drivers/STM32F7xx_HAL_Driver/Src/stm32f7xx_hal_gpio.o
 .debug_aranges
                0x00000000000005c8      0x140 ./Drivers/STM32F7xx_HAL_Driver/Src/stm32f7xx_hal_pcd.o
 .debug_aranges
                0x0000000000000708       0x48 ./Drivers/STM32F7xx_HAL_Driver/Src/stm32f7xx_hal_pcd_ex.o
 .debug_aranges
                0x0000000000000750       0xa0 ./Drivers/STM32F7xx_HAL_Driver/Src/stm32f7xx_hal_pwr.o
 .debug_aranges
                0x00000000000007f0       0x88 ./Drivers/STM32F7xx_HAL_Driver/Src/stm32f7xx_hal_rcc.o
 .debug_aranges
                0x0000000000000878       0x50 ./Drivers/STM32F7xx_HAL_Driver/Src/stm32f7xx_hal_rcc_ex.o
 .debug_aranges
                0x00000000000008c8      0x3e0 ./Drivers/STM32F7xx_HAL_Driver/Src/stm32f7xx_hal_tim.o
 .debug_aranges
                0x0000000000000ca8      0x178 ./Drivers/STM32F7xx_HAL_Driver/Src/stm32f7xx_hal_tim_ex.o
 .debug_aranges
                0x0000000000000e20      0x228 ./Drivers/STM32F7xx_HAL_Driver/Src/stm32f7xx_hal_uart.o
 .debug_aranges
                0x0000000000001048      0x198 ./Drivers/STM32F7xx_HAL_Driver/Src/stm32f7xx_ll_usb.o

.debug_ranges   0x0000000000000000     0x1088
 .debug_ranges  0x0000000000000000       0x20 ./Core/Src/adc.o
 .debug_ranges  0x0000000000000020       0x10 ./Core/Src/gpio.o
 .debug_ranges  0x0000000000000030       0x20 ./Core/Src/main.o
 .debug_ranges  0x0000000000000050       0x18 ./Core/Src/pid.o
 .debug_ranges  0x0000000000000068       0x10 ./Core/Src/stm32f7xx_hal_msp.o
 .debug_ranges  0x0000000000000078       0x58 ./Core/Src/stm32f7xx_it.o
 .debug_ranges  0x00000000000000d0       0x10 ./Core/Src/sysmem.o
 .debug_ranges  0x00000000000000e0       0x18 ./Core/Src/system_stm32f7xx.o
 .debug_ranges  0x00000000000000f8       0x60 ./Core/Src/tim.o
 .debug_ranges  0x0000000000000158       0x20 ./Core/Src/usart.o
 .debug_ranges  0x0000000000000178       0x20 ./Core/Src/usb_otg.o
 .debug_ranges  0x0000000000000198       0x20 ./Core/Startup/startup_stm32f746zgtx.o
 .debug_ranges  0x00000000000001b8       0xf0 ./Drivers/STM32F7xx_HAL_Driver/Src/stm32f7xx_hal.o
 .debug_ranges  0x00000000000002a8       0xd8 ./Drivers/STM32F7xx_HAL_Driver/Src/stm32f7xx_hal_adc.o
 .debug_ranges  0x0000000000000380      0x108 ./Drivers/STM32F7xx_HAL_Driver/Src/stm32f7xx_hal_cortex.o
 .debug_ranges  0x0000000000000488       0x48 ./Drivers/STM32F7xx_HAL_Driver/Src/stm32f7xx_hal_gpio.o
 .debug_ranges  0x00000000000004d0      0x130 ./Drivers/STM32F7xx_HAL_Driver/Src/stm32f7xx_hal_pcd.o
 .debug_ranges  0x0000000000000600       0x38 ./Drivers/STM32F7xx_HAL_Driver/Src/stm32f7xx_hal_pcd_ex.o
 .debug_ranges  0x0000000000000638       0x90 ./Drivers/STM32F7xx_HAL_Driver/Src/stm32f7xx_hal_pwr.o
 .debug_ranges  0x00000000000006c8       0x78 ./Drivers/STM32F7xx_HAL_Driver/Src/stm32f7xx_hal_rcc.o
 .debug_ranges  0x0000000000000740       0x40 ./Drivers/STM32F7xx_HAL_Driver/Src/stm32f7xx_hal_rcc_ex.o
 .debug_ranges  0x0000000000000780      0x3d0 ./Drivers/STM32F7xx_HAL_Driver/Src/stm32f7xx_hal_tim.o
 .debug_ranges  0x0000000000000b50      0x168 ./Drivers/STM32F7xx_HAL_Driver/Src/stm32f7xx_hal_tim_ex.o
 .debug_ranges  0x0000000000000cb8      0x248 ./Drivers/STM32F7xx_HAL_Driver/Src/stm32f7xx_hal_uart.o
 .debug_ranges  0x0000000000000f00      0x188 ./Drivers/STM32F7xx_HAL_Driver/Src/stm32f7xx_ll_usb.o

.debug_macro    0x0000000000000000    0x27a9e
 .debug_macro   0x0000000000000000      0x241 ./Core/Src/adc.o
 .debug_macro   0x0000000000000241      0xaa8 ./Core/Src/adc.o
 .debug_macro   0x0000000000000ce9      0x29f ./Core/Src/adc.o
 .debug_macro   0x0000000000000f88       0x2e ./Core/Src/adc.o
 .debug_macro   0x0000000000000fb6       0x3b ./Core/Src/adc.o
 .debug_macro   0x0000000000000ff1       0x22 ./Core/Src/adc.o
 .debug_macro   0x0000000000001013       0x8e ./Core/Src/adc.o
 .debug_macro   0x00000000000010a1       0x51 ./Core/Src/adc.o
 .debug_macro   0x00000000000010f2      0x103 ./Core/Src/adc.o
 .debug_macro   0x00000000000011f5       0x6a ./Core/Src/adc.o
 .debug_macro   0x000000000000125f      0x1df ./Core/Src/adc.o
 .debug_macro   0x000000000000143e       0x1c ./Core/Src/adc.o
 .debug_macro   0x000000000000145a       0x22 ./Core/Src/adc.o
 .debug_macro   0x000000000000147c       0xdf ./Core/Src/adc.o
 .debug_macro   0x000000000000155b     0x12cd ./Core/Src/adc.o
 .debug_macro   0x0000000000002828      0x11f ./Core/Src/adc.o
 .debug_macro   0x0000000000002947       0x19 ./Core/Src/adc.o
 .debug_macro   0x0000000000002960    0x191da ./Core/Src/adc.o
 .debug_macro   0x000000000001bb3a       0x6d ./Core/Src/adc.o
 .debug_macro   0x000000000001bba7     0x3714 ./Core/Src/adc.o
 .debug_macro   0x000000000001f2bb      0x174 ./Core/Src/adc.o
 .debug_macro   0x000000000001f42f       0x63 ./Core/Src/adc.o
 .debug_macro   0x000000000001f492     0x18ad ./Core/Src/adc.o
 .debug_macro   0x0000000000020d3f      0x6c4 ./Core/Src/adc.o
 .debug_macro   0x0000000000021403      0x185 ./Core/Src/adc.o
 .debug_macro   0x0000000000021588      0x115 ./Core/Src/adc.o
 .debug_macro   0x000000000002169d      0x1fd ./Core/Src/adc.o
 .debug_macro   0x000000000002189a       0xa5 ./Core/Src/adc.o
 .debug_macro   0x000000000002193f      0x24f ./Core/Src/adc.o
 .debug_macro   0x0000000000021b8e       0x41 ./Core/Src/adc.o
 .debug_macro   0x0000000000021bcf       0x58 ./Core/Src/adc.o
 .debug_macro   0x0000000000021c27      0x236 ./Core/Src/adc.o
 .debug_macro   0x0000000000021e5d      0x416 ./Core/Src/adc.o
 .debug_macro   0x0000000000022273      0x153 ./Core/Src/adc.o
 .debug_macro   0x00000000000223c6      0x107 ./Core/Src/adc.o
 .debug_macro   0x00000000000224cd      0x14e ./Core/Src/adc.o
 .debug_macro   0x000000000002261b      0x25a ./Core/Src/adc.o
 .debug_macro   0x0000000000022875       0x12 ./Core/Src/adc.o
 .debug_macro   0x0000000000022887      0x22c ./Core/Src/adc.o
 .debug_macro   0x0000000000022ab3       0x61 ./Core/Src/adc.o
 .debug_macro   0x0000000000022b14       0xa5 ./Core/Src/adc.o
 .debug_macro   0x0000000000022bb9      0x12e ./Core/Src/adc.o
 .debug_macro   0x0000000000022ce7      0x108 ./Core/Src/adc.o
 .debug_macro   0x0000000000022def       0x35 ./Core/Src/adc.o
 .debug_macro   0x0000000000022e24      0xa60 ./Core/Src/adc.o
 .debug_macro   0x0000000000023884       0x59 ./Core/Src/adc.o
 .debug_macro   0x00000000000238dd      0x558 ./Core/Src/adc.o
 .debug_macro   0x0000000000023e35       0x44 ./Core/Src/adc.o
 .debug_macro   0x0000000000023e79      0x256 ./Core/Src/adc.o
 .debug_macro   0x00000000000240cf       0xba ./Core/Src/adc.o
 .debug_macro   0x0000000000024189      0x14d ./Core/Src/adc.o
 .debug_macro   0x00000000000242d6       0x22 ./Core/Src/adc.o
 .debug_macro   0x00000000000242f8      0x184 ./Core/Src/adc.o
 .debug_macro   0x000000000002447c      0x241 ./Core/Src/gpio.o
 .debug_macro   0x00000000000246bd      0x43f ./Core/Src/main.o
 .debug_macro   0x0000000000024afc       0x16 ./Core/Src/main.o
 .debug_macro   0x0000000000024b12       0x16 ./Core/Src/main.o
 .debug_macro   0x0000000000024b28       0x29 ./Core/Src/main.o
 .debug_macro   0x0000000000024b51       0x73 ./Core/Src/pid.o
 .debug_macro   0x0000000000024bc4      0x237 ./Core/Src/stm32f7xx_hal_msp.o
 .debug_macro   0x0000000000024dfb      0x241 ./Core/Src/stm32f7xx_it.o
 .debug_macro   0x000000000002503c       0xff ./Core/Src/sysmem.o
 .debug_macro   0x000000000002513b      0x23b ./Core/Src/sysmem.o
 .debug_macro   0x0000000000025376      0x21f ./Core/Src/system_stm32f7xx.o
 .debug_macro   0x0000000000025595      0x421 ./Core/Src/tim.o
 .debug_macro   0x00000000000259b6       0x10 ./Core/Src/tim.o
 .debug_macro   0x00000000000259c6       0x16 ./Core/Src/tim.o
 .debug_macro   0x00000000000259dc       0x16 ./Core/Src/tim.o
 .debug_macro   0x00000000000259f2      0x241 ./Core/Src/usart.o
 .debug_macro   0x0000000000025c33      0x241 ./Core/Src/usb_otg.o
 .debug_macro   0x0000000000025e74      0x243 ./Drivers/STM32F7xx_HAL_Driver/Src/stm32f7xx_hal.o
 .debug_macro   0x00000000000260b7      0x220 ./Drivers/STM32F7xx_HAL_Driver/Src/stm32f7xx_hal_adc.o
 .debug_macro   0x00000000000262d7      0x21f ./Drivers/STM32F7xx_HAL_Driver/Src/stm32f7xx_hal_cortex.o
 .debug_macro   0x00000000000264f6      0x225 ./Drivers/STM32F7xx_HAL_Driver/Src/stm32f7xx_hal_gpio.o
 .debug_macro   0x000000000002671b      0x22b ./Drivers/STM32F7xx_HAL_Driver/Src/stm32f7xx_hal_pcd.o
 .debug_macro   0x0000000000026946      0x21f ./Drivers/STM32F7xx_HAL_Driver/Src/stm32f7xx_hal_pcd_ex.o
 .debug_macro   0x0000000000026b65      0x23d ./Drivers/STM32F7xx_HAL_Driver/Src/stm32f7xx_hal_pwr.o
 .debug_macro   0x0000000000026da2      0x243 ./Drivers/STM32F7xx_HAL_Driver/Src/stm32f7xx_hal_rcc.o
 .debug_macro   0x0000000000026fe5      0x21f ./Drivers/STM32F7xx_HAL_Driver/Src/stm32f7xx_hal_rcc_ex.o
 .debug_macro   0x0000000000027204      0x220 ./Drivers/STM32F7xx_HAL_Driver/Src/stm32f7xx_hal_tim.o
 .debug_macro   0x0000000000027424      0x21f ./Drivers/STM32F7xx_HAL_Driver/Src/stm32f7xx_hal_tim_ex.o
 .debug_macro   0x0000000000027643      0x23c ./Drivers/STM32F7xx_HAL_Driver/Src/stm32f7xx_hal_uart.o
 .debug_macro   0x000000000002787f      0x21f ./Drivers/STM32F7xx_HAL_Driver/Src/stm32f7xx_ll_usb.o

.debug_line     0x0000000000000000    0x177ce
 .debug_line    0x0000000000000000      0x80a ./Core/Src/adc.o
 .debug_line    0x000000000000080a      0x82a ./Core/Src/gpio.o
 .debug_line    0x0000000000001034      0xac9 ./Core/Src/main.o
 .debug_line    0x0000000000001afd      0x447 ./Core/Src/pid.o
 .debug_line    0x0000000000001f44      0x78b ./Core/Src/stm32f7xx_hal_msp.o
 .debug_line    0x00000000000026cf      0x865 ./Core/Src/stm32f7xx_it.o
 .debug_line    0x0000000000002f34      0x511 ./Core/Src/sysmem.o
 .debug_line    0x0000000000003445      0x7fd ./Core/Src/system_stm32f7xx.o
 .debug_line    0x0000000000003c42      0xcce ./Core/Src/tim.o
 .debug_line    0x0000000000004910      0x7fa ./Core/Src/usart.o
 .debug_line    0x000000000000510a      0x807 ./Core/Src/usb_otg.o
 .debug_line    0x0000000000005911       0x88 ./Core/Startup/startup_stm32f746zgtx.o
 .debug_line    0x0000000000005999      0xa8e ./Drivers/STM32F7xx_HAL_Driver/Src/stm32f7xx_hal.o
 .debug_line    0x0000000000006427     0x12c6 ./Drivers/STM32F7xx_HAL_Driver/Src/stm32f7xx_hal_adc.o
 .debug_line    0x00000000000076ed      0xd14 ./Drivers/STM32F7xx_HAL_Driver/Src/stm32f7xx_hal_cortex.o
 .debug_line    0x0000000000008401      0xc02 ./Drivers/STM32F7xx_HAL_Driver/Src/stm32f7xx_hal_gpio.o
 .debug_line    0x0000000000009003     0x13aa ./Drivers/STM32F7xx_HAL_Driver/Src/stm32f7xx_hal_pcd.o
 .debug_line    0x000000000000a3ad      0x88f ./Drivers/STM32F7xx_HAL_Driver/Src/stm32f7xx_hal_pcd_ex.o
 .debug_line    0x000000000000ac3c      0x992 ./Drivers/STM32F7xx_HAL_Driver/Src/stm32f7xx_hal_pwr.o
 .debug_line    0x000000000000b5ce      0xed1 ./Drivers/STM32F7xx_HAL_Driver/Src/stm32f7xx_hal_rcc.o
 .debug_line    0x000000000000c49f      0xe8a ./Drivers/STM32F7xx_HAL_Driver/Src/stm32f7xx_hal_rcc_ex.o
 .debug_line    0x000000000000d329     0x3c7f ./Drivers/STM32F7xx_HAL_Driver/Src/stm32f7xx_hal_tim.o
 .debug_line    0x0000000000010fa8     0x1b84 ./Drivers/STM32F7xx_HAL_Driver/Src/stm32f7xx_hal_tim_ex.o
 .debug_line    0x0000000000012b2c     0x3258 ./Drivers/STM32F7xx_HAL_Driver/Src/stm32f7xx_hal_uart.o
 .debug_line    0x0000000000015d84     0x1a4a ./Drivers/STM32F7xx_HAL_Driver/Src/stm32f7xx_ll_usb.o

.debug_str      0x0000000000000000    0xf852d
 .debug_str     0x0000000000000000    0xeea0f ./Core/Src/adc.o
                                      0xef165 (size before relaxing)
 .debug_str     0x00000000000eea0f       0x48 ./Core/Src/gpio.o
                                      0xeed1c (size before relaxing)
 .debug_str     0x00000000000eea57     0x4fcf ./Core/Src/main.o
                                      0xf41fb (size before relaxing)
 .debug_str     0x00000000000f3a26       0xb5 ./Core/Src/pid.o
                                       0x3d95 (size before relaxing)
 .debug_str     0x00000000000f3adb       0x2c ./Core/Src/stm32f7xx_hal_msp.o
                                      0xeec7f (size before relaxing)
 .debug_str     0x00000000000f3b07       0xcd ./Core/Src/stm32f7xx_it.o
                                      0xef169 (size before relaxing)
 .debug_str     0x00000000000f3bd4      0x4e9 ./Core/Src/sysmem.o
                                       0x629a (size before relaxing)
 .debug_str     0x00000000000f40bd      0x178 ./Core/Src/system_stm32f7xx.o
                                      0xee7ad (size before relaxing)
 .debug_str     0x00000000000f4235      0x925 ./Core/Src/tim.o
                                      0xf427d (size before relaxing)
 .debug_str     0x00000000000f4b5a       0x57 ./Core/Src/usart.o
                                      0xef1ad (size before relaxing)
 .debug_str     0x00000000000f4bb1       0x59 ./Core/Src/usb_otg.o
                                      0xef120 (size before relaxing)
 .debug_str     0x00000000000f4c0a       0x36 ./Core/Startup/startup_stm32f746zgtx.o
                                         0x69 (size before relaxing)
 .debug_str     0x00000000000f4c40      0x38c ./Drivers/STM32F7xx_HAL_Driver/Src/stm32f7xx_hal.o
                                      0xef074 (size before relaxing)
 .debug_str     0x00000000000f4fcc      0x29d ./Drivers/STM32F7xx_HAL_Driver/Src/stm32f7xx_hal_adc.o
                                      0xeec74 (size before relaxing)
 .debug_str     0x00000000000f5269      0x388 ./Drivers/STM32F7xx_HAL_Driver/Src/stm32f7xx_hal_cortex.o
                                      0xef11b (size before relaxing)
 .debug_str     0x00000000000f55f1      0x143 ./Drivers/STM32F7xx_HAL_Driver/Src/stm32f7xx_hal_gpio.o
                                      0xee897 (size before relaxing)
 .debug_str     0x00000000000f5734      0x56a ./Drivers/STM32F7xx_HAL_Driver/Src/stm32f7xx_hal_pcd.o
                                      0xeeef9 (size before relaxing)
 .debug_str     0x00000000000f5c9e      0x16d ./Drivers/STM32F7xx_HAL_Driver/Src/stm32f7xx_hal_pcd_ex.o
                                      0xeeacf (size before relaxing)
 .debug_str     0x00000000000f5e0b      0x2c5 ./Drivers/STM32F7xx_HAL_Driver/Src/stm32f7xx_hal_pwr.o
                                      0xeea7a (size before relaxing)
 .debug_str     0x00000000000f60d0      0x278 ./Drivers/STM32F7xx_HAL_Driver/Src/stm32f7xx_hal_rcc.o
                                      0xeeadd (size before relaxing)
 .debug_str     0x00000000000f6348      0x169 ./Drivers/STM32F7xx_HAL_Driver/Src/stm32f7xx_hal_rcc_ex.o
                                      0xeea67 (size before relaxing)
 .debug_str     0x00000000000f64b1      0xcd3 ./Drivers/STM32F7xx_HAL_Driver/Src/stm32f7xx_hal_tim.o
                                      0xefa5c (size before relaxing)
 .debug_str     0x00000000000f7184      0x494 ./Drivers/STM32F7xx_HAL_Driver/Src/stm32f7xx_hal_tim_ex.o
                                      0xef260 (size before relaxing)
 .debug_str     0x00000000000f7618      0x872 ./Drivers/STM32F7xx_HAL_Driver/Src/stm32f7xx_hal_uart.o
                                      0xef3d1 (size before relaxing)
 .debug_str     0x00000000000f7e8a      0x6a3 ./Drivers/STM32F7xx_HAL_Driver/Src/stm32f7xx_ll_usb.o
                                      0xef02b (size before relaxing)

.comment        0x0000000000000000       0x53
 .comment       0x0000000000000000       0x53 ./Core/Src/adc.o
                                         0x54 (size before relaxing)