Archive member included to satisfy reference by file (symbol)

g:/cubeide/stm32cubeide_1.6.1/stm32cubeide/plugins/com.st.stm32cube.ide.mcu.externaltools.gnu-tools-for-stm32.9-2020-q2-update.win32_2.0.0.202105311346/tools/bin/../lib/gcc/arm-none-eabi/9.3.1/../../../../arm-none-eabi/lib/thumb/v7e-m+fp/hard\libc_nano.a(lib_a-errno.o)
                              ./Core/Src/syscalls.o (__errno)
g:/cubeide/stm32cubeide_1.6.1/stm32cubeide/plugins/com.st.stm32cube.ide.mcu.externaltools.gnu-tools-for-stm32.9-2020-q2-update.win32_2.0.0.202105311346/tools/bin/../lib/gcc/arm-none-eabi/9.3.1/../../../../arm-none-eabi/lib/thumb/v7e-m+fp/hard\libc_nano.a(lib_a-exit.o)
                              g:/cubeide/stm32cubeide_1.6.1/stm32cubeide/plugins/com.st.stm32cube.ide.mcu.externaltools.gnu-tools-for-stm32.9-2020-q2-update.win32_2.0.0.202105311346/tools/bin/../lib/gcc/arm-none-eabi/9.3.1/../../../../arm-none-eabi/lib/thumb/v7e-m+fp/hard/crt0.o (exit)
g:/cubeide/stm32cubeide_1.6.1/stm32cubeide/plugins/com.st.stm32cube.ide.mcu.externaltools.gnu-tools-for-stm32.9-2020-q2-update.win32_2.0.0.202105311346/tools/bin/../lib/gcc/arm-none-eabi/9.3.1/../../../../arm-none-eabi/lib/thumb/v7e-m+fp/hard\libc_nano.a(lib_a-impure.o)
                              g:/cubeide/stm32cubeide_1.6.1/stm32cubeide/plugins/com.st.stm32cube.ide.mcu.externaltools.gnu-tools-for-stm32.9-2020-q2-update.win32_2.0.0.202105311346/tools/bin/../lib/gcc/arm-none-eabi/9.3.1/../../../../arm-none-eabi/lib/thumb/v7e-m+fp/hard\libc_nano.a(lib_a-exit.o) (_global_impure_ptr)
g:/cubeide/stm32cubeide_1.6.1/stm32cubeide/plugins/com.st.stm32cube.ide.mcu.externaltools.gnu-tools-for-stm32.9-2020-q2-update.win32_2.0.0.202105311346/tools/bin/../lib/gcc/arm-none-eabi/9.3.1/../../../../arm-none-eabi/lib/thumb/v7e-m+fp/hard\libc_nano.a(lib_a-init.o)
                              g:/cubeide/stm32cubeide_1.6.1/stm32cubeide/plugins/com.st.stm32cube.ide.mcu.externaltools.gnu-tools-for-stm32.9-2020-q2-update.win32_2.0.0.202105311346/tools/bin/../lib/gcc/arm-none-eabi/9.3.1/../../../../arm-none-eabi/lib/thumb/v7e-m+fp/hard/crt0.o (__libc_init_array)
g:/cubeide/stm32cubeide_1.6.1/stm32cubeide/plugins/com.st.stm32cube.ide.mcu.externaltools.gnu-tools-for-stm32.9-2020-q2-update.win32_2.0.0.202105311346/tools/bin/../lib/gcc/arm-none-eabi/9.3.1/../../../../arm-none-eabi/lib/thumb/v7e-m+fp/hard\libc_nano.a(lib_a-memset.o)
                              g:/cubeide/stm32cubeide_1.6.1/stm32cubeide/plugins/com.st.stm32cube.ide.mcu.externaltools.gnu-tools-for-stm32.9-2020-q2-update.win32_2.0.0.202105311346/tools/bin/../lib/gcc/arm-none-eabi/9.3.1/../../../../arm-none-eabi/lib/thumb/v7e-m+fp/hard/crt0.o (memset)
g:/cubeide/stm32cubeide_1.6.1/stm32cubeide/plugins/com.st.stm32cube.ide.mcu.externaltools.gnu-tools-for-stm32.9-2020-q2-update.win32_2.0.0.202105311346/tools/bin/../lib/gcc/arm-none-eabi/9.3.1/thumb/v7e-m+fp/hard\libgcc.a(_arm_muldf3.o)
                              ./Core/Src/pid.o (__aeabi_dmul)
g:/cubeide/stm32cubeide_1.6.1/stm32cubeide/plugins/com.st.stm32cube.ide.mcu.externaltools.gnu-tools-for-stm32.9-2020-q2-update.win32_2.0.0.202105311346/tools/bin/../lib/gcc/arm-none-eabi/9.3.1/thumb/v7e-m+fp/hard\libgcc.a(_arm_addsubdf3.o)
                              ./Core/Src/pid.o (__aeabi_dadd)
g:/cubeide/stm32cubeide_1.6.1/stm32cubeide/plugins/com.st.stm32cube.ide.mcu.externaltools.gnu-tools-for-stm32.9-2020-q2-update.win32_2.0.0.202105311346/tools/bin/../lib/gcc/arm-none-eabi/9.3.1/thumb/v7e-m+fp/hard\libgcc.a(_arm_muldivdf3.o)
                              ./Core/Src/pid.o (__aeabi_ddiv)
g:/cubeide/stm32cubeide_1.6.1/stm32cubeide/plugins/com.st.stm32cube.ide.mcu.externaltools.gnu-tools-for-stm32.9-2020-q2-update.win32_2.0.0.202105311346/tools/bin/../lib/gcc/arm-none-eabi/9.3.1/thumb/v7e-m+fp/hard\libgcc.a(_aeabi_uldivmod.o)
                              ./Drivers/STM32F7xx_HAL_Driver/Src/stm32f7xx_hal_rcc.o (__aeabi_uldivmod)
g:/cubeide/stm32cubeide_1.6.1/stm32cubeide/plugins/com.st.stm32cube.ide.mcu.externaltools.gnu-tools-for-stm32.9-2020-q2-update.win32_2.0.0.202105311346/tools/bin/../lib/gcc/arm-none-eabi/9.3.1/thumb/v7e-m+fp/hard\libgcc.a(_udivmoddi4.o)
                              g:/cubeide/stm32cubeide_1.6.1/stm32cubeide/plugins/com.st.stm32cube.ide.mcu.externaltools.gnu-tools-for-stm32.9-2020-q2-update.win32_2.0.0.202105311346/tools/bin/../lib/gcc/arm-none-eabi/9.3.1/thumb/v7e-m+fp/hard\libgcc.a(_aeabi_uldivmod.o) (__udivmoddi4)
g:/cubeide/stm32cubeide_1.6.1/stm32cubeide/plugins/com.st.stm32cube.ide.mcu.externaltools.gnu-tools-for-stm32.9-2020-q2-update.win32_2.0.0.202105311346/tools/bin/../lib/gcc/arm-none-eabi/9.3.1/thumb/v7e-m+fp/hard\libgcc.a(_dvmd_tls.o)
                              g:/cubeide/stm32cubeide_1.6.1/stm32cubeide/plugins/com.st.stm32cube.ide.mcu.externaltools.gnu-tools-for-stm32.9-2020-q2-update.win32_2.0.0.202105311346/tools/bin/../lib/gcc/arm-none-eabi/9.3.1/thumb/v7e-m+fp/hard\libgcc.a(_aeabi_uldivmod.o) (__aeabi_ldiv0)

Allocating common symbols
[...]
Memory Configuration

Name             Origin             Length             Attributes
RAM              0x0000000020000000 0x0000000000050000 xrw
FLASH            0x0000000008000000 0x0000000000100000 xr
*default*        0x0000000000000000 0xffffffffffffffff

Linker script and memory map

LOAD g:/cubeide/stm32cubeide_1.6.1/stm32cubeide/plugins/com.st.stm32cube.ide.mcu.externaltools.gnu-tools-for-stm32.9-2020-q2-update.win32_2.0.0.202105311346/tools/bin/../lib/gcc/arm-none-eabi/9.3.1/thumb/v7e-m+fp/hard/crti.o
LOAD g:/cubeide/stm32cubeide_1.6.1/stm32cubeide/plugins/com.st.stm32cube.ide.mcu.externaltools.gnu-tools-for-stm32.9-2020-q2-update.win32_2.0.0.202105311346/tools/bin/../lib/gcc/arm-none-eabi/9.3.1/thumb/v7e-m+fp/hard/crtbegin.o
LOAD g:/cubeide/stm32cubeide_1.6.1/stm32cubeide/plugins/com.st.stm32cube.ide.mcu.externaltools.gnu-tools-for-stm32.9-2020-q2-update.win32_2.0.0.202105311346/tools/bin/../lib/gcc/arm-none-eabi/9.3.1/../../../../arm-none-eabi/lib/thumb/v7e-m+fp/hard/crt0.o
LOAD ./Core/Src/adc.o
LOAD ./Core/Src/gpio.o
LOAD ./Core/Src/main.o
LOAD ./Core/Src/pid.o
LOAD ./Core/Src/stm32f7xx_hal_msp.o
LOAD ./Core/Src/stm32f7xx_it.o
LOAD ./Core/Src/syscalls.o
LOAD ./Core/Src/sysmem.o
LOAD ./Core/Src/system_stm32f7xx.o
LOAD ./Core/Src/tim.o
LOAD ./Core/Src/usart.o
LOAD ./Core/Src/usb_otg.o
LOAD ./Core/Startup/startup_stm32f746zgtx.o
LOAD ./Drivers/STM32F7xx_HAL_Driver/Src/stm32f7xx_hal.o
LOAD ./Drivers/STM32F7xx_HAL_Driver/Src/stm32f7xx_hal_adc.o
LOAD ./Drivers/STM32F7xx_HAL_Driver/Src/stm32f7xx_hal_adc_ex.o
LOAD ./Drivers/STM32F7xx_HAL_Driver/Src/stm32f7xx_hal_cortex.o
LOAD ./Drivers/STM32F7xx_HAL_Driver/Src/stm32f7xx_hal_dma.o
LOAD ./Drivers/STM32F7xx_HAL_Driver/Src/stm32f7xx_hal_dma_ex.o
LOAD ./Drivers/STM32F7xx_HAL_Driver/Src/stm32f7xx_hal_exti.o
LOAD ./Drivers/STM32F7xx_HAL_Driver/Src/stm32f7xx_hal_flash.o
LOAD ./Drivers/STM32F7xx_HAL_Driver/Src/stm32f7xx_hal_flash_ex.o
LOAD ./Drivers/STM32F7xx_HAL_Driver/Src/stm32f7xx_hal_gpio.o
LOAD ./Drivers/STM32F7xx_HAL_Driver/Src/stm32f7xx_hal_i2c.o
LOAD ./Drivers/STM32F7xx_HAL_Driver/Src/stm32f7xx_hal_i2c_ex.o
LOAD ./Drivers/STM32F7xx_HAL_Driver/Src/stm32f7xx_hal_pcd.o
LOAD ./Drivers/STM32F7xx_HAL_Driver/Src/stm32f7xx_hal_pcd_ex.o
LOAD ./Drivers/STM32F7xx_HAL_Driver/Src/stm32f7xx_hal_pwr.o
LOAD ./Drivers/STM32F7xx_HAL_Driver/Src/stm32f7xx_hal_pwr_ex.o
LOAD ./Drivers/STM32F7xx_HAL_Driver/Src/stm32f7xx_hal_rcc.o
LOAD ./Drivers/STM32F7xx_HAL_Driver/Src/stm32f7xx_hal_rcc_ex.o
LOAD ./Drivers/STM32F7xx_HAL_Driver/Src/stm32f7xx_hal_tim.o
LOAD ./Drivers/STM32F7xx_HAL_Driver/Src/stm32f7xx_hal_tim_ex.o
LOAD ./Drivers/STM32F7xx_HAL_Driver/Src/stm32f7xx_hal_uart.o
LOAD ./Drivers/STM32F7xx_HAL_Driver/Src/stm32f7xx_hal_uart_ex.o
LOAD ./Drivers/STM32F7xx_HAL_Driver/Src/stm32f7xx_ll_usb.o
START GROUP
LOAD g:/cubeide/stm32cubeide_1.6.1/stm32cubeide/plugins/com.st.stm32cube.ide.mcu.externaltools.gnu-tools-for-stm32.9-2020-q2-update.win32_2.0.0.202105311346/tools/bin/../lib/gcc/arm-none-eabi/9.3.1/../../../../arm-none-eabi/lib/thumb/v7e-m+fp/hard\libc_nano.a
LOAD g:/cubeide/stm32cubeide_1.6.1/stm32cubeide/plugins/com.st.stm32cube.ide.mcu.externaltools.gnu-tools-for-stm32.9-2020-q2-update.win32_2.0.0.202105311346/tools/bin/../lib/gcc/arm-none-eabi/9.3.1/../../../../arm-none-eabi/lib/thumb/v7e-m+fp/hard\libm.a
END GROUP
START GROUP
LOAD g:/cubeide/stm32cubeide_1.6.1/stm32cubeide/plugins/com.st.stm32cube.ide.mcu.externaltools.gnu-tools-for-stm32.9-2020-q2-update.win32_2.0.0.202105311346/tools/bin/../lib/gcc/arm-none-eabi/9.3.1/thumb/v7e-m+fp/hard\libgcc.a
LOAD g:/cubeide/stm32cubeide_1.6.1/stm32cubeide/plugins/com.st.stm32cube.ide.mcu.externaltools.gnu-tools-for-stm32.9-2020-q2-update.win32_2.0.0.202105311346/tools/bin/../lib/gcc/arm-none-eabi/9.3.1/../../../../arm-none-eabi/lib/thumb/v7e-m+fp/hard\libc_nano.a
END GROUP
START GROUP
LOAD g:/cubeide/stm32cubeide_1.6.1/stm32cubeide/plugins/com.st.stm32cube.ide.mcu.externaltools.gnu-tools-for-stm32.9-2020-q2-update.win32_2.0.0.202105311346/tools/bin/../lib/gcc/arm-none-eabi/9.3.1/thumb/v7e-m+fp/hard\libgcc.a
LOAD g:/cubeide/stm32cubeide_1.6.1/stm32cubeide/plugins/com.st.stm32cube.ide.mcu.externaltools.gnu-tools-for-stm32.9-2020-q2-update.win32_2.0.0.202105311346/tools/bin/../lib/gcc/arm-none-eabi/9.3.1/../../../../arm-none-eabi/lib/thumb/v7e-m+fp/hard\libc_nano.a
LOAD g:/cubeide/stm32cubeide_1.6.1/stm32cubeide/plugins/com.st.stm32cube.ide.mcu.externaltools.gnu-tools-for-stm32.9-2020-q2-update.win32_2.0.0.202105311346/tools/bin/../lib/gcc/arm-none-eabi/9.3.1/../../../../arm-none-eabi/lib/thumb/v7e-m+fp/hard\libnosys.a
END GROUP
START GROUP
LOAD g:/cubeide/stm32cubeide_1.6.1/stm32cubeide/plugins/com.st.stm32cube.ide.mcu.externaltools.gnu-tools-for-stm32.9-2020-q2-update.win32_2.0.0.202105311346/tools/bin/../lib/gcc/arm-none-eabi/9.3.1/thumb/v7e-m+fp/hard\libgcc.a
LOAD g:/cubeide/stm32cubeide_1.6.1/stm32cubeide/plugins/com.st.stm32cube.ide.mcu.externaltools.gnu-tools-for-stm32.9-2020-q2-update.win32_2.0.0.202105311346/tools/bin/../lib/gcc/arm-none-eabi/9.3.1/../../../../arm-none-eabi/lib/thumb/v7e-m+fp/hard\libc_nano.a
LOAD g:/cubeide/stm32cubeide_1.6.1/stm32cubeide/plugins/com.st.stm32cube.ide.mcu.externaltools.gnu-tools-for-stm32.9-2020-q2-update.win32_2.0.0.202105311346/tools/bin/../lib/gcc/arm-none-eabi/9.3.1/../../../../arm-none-eabi/lib/thumb/v7e-m+fp/hard\libnosys.a
END GROUP
LOAD g:/cubeide/stm32cubeide_1.6.1/stm32cubeide/plugins/com.st.stm32cube.ide.mcu.externaltools.gnu-tools-for-stm32.9-2020-q2-update.win32_2.0.0.202105311346/tools/bin/../lib/gcc/arm-none-eabi/9.3.1/thumb/v7e-m+fp/hard/crtend.o
LOAD g:/cubeide/stm32cubeide_1.6.1/stm32cubeide/plugins/com.st.stm32cube.ide.mcu.externaltools.gnu-tools-for-stm32.9-2020-q2-update.win32_2.0.0.202105311346/tools/bin/../lib/gcc/arm-none-eabi/9.3.1/thumb/v7e-m+fp/hard/crtn.o
                0x0000000020050000                _estack = (ORIGIN (RAM) + LENGTH (RAM))
                0x0000000000000200                _Min_Heap_Size = 0x200
                0x0000000000000400                _Min_Stack_Size = 0x400

.isr_vector     0x0000000008000000      0x1c8
                0x0000000008000000                . = ALIGN (0x4)
 *(.isr_vector)
 .isr_vector    0x0000000008000000      0x1c8 ./Core/Startup/startup_stm32f746zgtx.o
                0x0000000008000000                g_pfnVectors
                0x00000000080001c8                . = ALIGN (0x4)

.text           0x00000000080001c8     0x56f0
                0x00000000080001c8                . = ALIGN (0x4)
 *(.text)
 .text          0x00000000080001c8       0x40 g:/cubeide/stm32cubeide_1.6.1/stm32cubeide/plugins/com.st.stm32cube.ide.mcu.externaltools.gnu-tools-for-stm32.9-2020-q2-update.win32_2.0.0.202105311346/tools/bin/../lib/gcc/arm-none-eabi/9.3.1/thumb/v7e-m+fp/hard/crtbegin.o
 .text          0x0000000008000208       0x30 g:/cubeide/stm32cubeide_1.6.1/stm32cubeide/plugins/com.st.stm32cube.ide.mcu.externaltools.gnu-tools-for-stm32.9-2020-q2-update.win32_2.0.0.202105311346/tools/bin/../lib/gcc/arm-none-eabi/9.3.1/thumb/v7e-m+fp/hard\libgcc.a(_aeabi_uldivmod.o)
                0x0000000008000208                __aeabi_uldivmod
 .text          0x0000000008000238      0x2c4 g:/cubeide/stm32cubeide_1.6.1/stm32cubeide/plugins/com.st.stm32cube.ide.mcu.externaltools.gnu-tools-for-stm32.9-2020-q2-update.win32_2.0.0.202105311346/tools/bin/../lib/gcc/arm-none-eabi/9.3.1/thumb/v7e-m+fp/hard\libgcc.a(_udivmoddi4.o)
                0x0000000008000238                __udivmoddi4
 .text          0x00000000080004fc        0x4 g:/cubeide/stm32cubeide_1.6.1/stm32cubeide/plugins/com.st.stm32cube.ide.mcu.externaltools.gnu-tools-for-stm32.9-2020-q2-update.win32_2.0.0.202105311346/tools/bin/../lib/gcc/arm-none-eabi/9.3.1/thumb/v7e-m+fp/hard\libgcc.a(_dvmd_tls.o)
                0x00000000080004fc                __aeabi_idiv0
                0x00000000080004fc                __aeabi_ldiv0
 *(.text*)
 .text.MX_ADC1_Init
                0x0000000008000500       0xa4 ./Core/Src/adc.o
                0x0000000008000500                MX_ADC1_Init
 .text.HAL_ADC_MspInit
                0x00000000080005a4       0x80 ./Core/Src/adc.o
                0x00000000080005a4                HAL_ADC_MspInit
 .text.MX_GPIO_Init
                0x0000000008000624      0x1e4 ./Core/Src/gpio.o
                0x0000000008000624                MX_GPIO_Init
 .text.main     0x0000000008000808       0x40 ./Core/Src/main.o
                0x0000000008000808                main
 .text.SystemClock_Config
                0x0000000008000848      0x120 ./Core/Src/main.o
                0x0000000008000848                SystemClock_Config
 .text.Error_Handler
                0x0000000008000968        0xa ./Core/Src/main.o
                0x0000000008000968                Error_Handler
 *fill*         0x0000000008000972        0x2 
 .text.HAL_MspInit
                0x0000000008000974       0x48 ./Core/Src/stm32f7xx_hal_msp.o
                0x0000000008000974                HAL_MspInit
 .text.NMI_Handler
                0x00000000080009bc        0x6 ./Core/Src/stm32f7xx_it.o
                0x00000000080009bc                NMI_Handler
 .text.HardFault_Handler
                0x00000000080009c2        0x6 ./Core/Src/stm32f7xx_it.o
                0x00000000080009c2                HardFault_Handler
 .text.MemManage_Handler
                0x00000000080009c8        0x6 ./Core/Src/stm32f7xx_it.o
                0x00000000080009c8                MemManage_Handler
 .text.BusFault_Handler
                0x00000000080009ce        0x6 ./Core/Src/stm32f7xx_it.o
                0x00000000080009ce                BusFault_Handler
 .text.UsageFault_Handler
                0x00000000080009d4        0x6 ./Core/Src/stm32f7xx_it.o
                0x00000000080009d4                UsageFault_Handler
 .text.SVC_Handler
                0x00000000080009da        0xe ./Core/Src/stm32f7xx_it.o
                0x00000000080009da                SVC_Handler
 .text.DebugMon_Handler
                0x00000000080009e8        0xe ./Core/Src/stm32f7xx_it.o
                0x00000000080009e8                DebugMon_Handler
 .text.PendSV_Handler
                0x00000000080009f6        0xe ./Core/Src/stm32f7xx_it.o
                0x00000000080009f6                PendSV_Handler
 .text.SysTick_Handler
                0x0000000008000a04        0xc ./Core/Src/stm32f7xx_it.o
                0x0000000008000a04                SysTick_Handler
 .text.TIM4_IRQHandler
                0x0000000008000a10       0x14 ./Core/Src/stm32f7xx_it.o
                0x0000000008000a10                TIM4_IRQHandler
 .text.SystemInit
                0x0000000008000a24       0x24 ./Core/Src/system_stm32f7xx.o
                0x0000000008000a24                SystemInit
 .text.MX_TIM1_Init
                0x0000000008000a48      0x158 ./Core/Src/tim.o
                0x0000000008000a48                MX_TIM1_Init
 .text.MX_TIM3_Init
                0x0000000008000ba0       0xac ./Core/Src/tim.o
                0x0000000008000ba0                MX_TIM3_Init
 .text.MX_TIM4_Init
                0x0000000008000c4c       0xa0 ./Core/Src/tim.o
                0x0000000008000c4c                MX_TIM4_Init
 .text.HAL_TIM_Base_MspInit
                0x0000000008000cec       0x74 ./Core/Src/tim.o
                0x0000000008000cec                HAL_TIM_Base_MspInit
 .text.HAL_TIM_Encoder_MspInit
                0x0000000008000d60       0xc4 ./Core/Src/tim.o
                0x0000000008000d60                HAL_TIM_Encoder_MspInit
 .text.HAL_TIM_MspPostInit
                0x0000000008000e24       0x70 ./Core/Src/tim.o
                0x0000000008000e24                HAL_TIM_MspPostInit
 .text.SetPwmValue
                0x0000000008000e94       0x20 ./Core/Src/tim.o
                0x0000000008000e94                SetPwmValue
 .text.HAL_TIM_PeriodElapsedCallback
                0x0000000008000eb4       0x5c ./Core/Src/tim.o
                0x0000000008000eb4                HAL_TIM_PeriodElapsedCallback
 .text.GetEncoderValue
                0x0000000008000f10       0x38 ./Core/Src/tim.o
                0x0000000008000f10                GetEncoderValue
 .text.MX_USART3_UART_Init
                0x0000000008000f48       0x60 ./Core/Src/usart.o
                0x0000000008000f48                MX_USART3_UART_Init
 .text.HAL_UART_MspInit
                0x0000000008000fa8       0x88 ./Core/Src/usart.o
                0x0000000008000fa8                HAL_UART_MspInit
 .text.MX_USB_OTG_FS_PCD_Init
                0x0000000008001030       0x5c ./Core/Src/usb_otg.o
                0x0000000008001030                MX_USB_OTG_FS_PCD_Init
 .text.HAL_PCD_MspInit
                0x000000000800108c       0xb8 ./Core/Src/usb_otg.o
                0x000000000800108c                HAL_PCD_MspInit
 .text.Reset_Handler
                0x0000000008001144       0x50 ./Core/Startup/startup_stm32f746zgtx.o
                0x0000000008001144                Reset_Handler
 .text.Default_Handler
                0x0000000008001194        0x2 ./Core/Startup/startup_stm32f746zgtx.o
                0x0000000008001194                RTC_Alarm_IRQHandler
                0x0000000008001194                EXTI2_IRQHandler
                0x0000000008001194                TIM8_CC_IRQHandler
                0x0000000008001194                UART8_IRQHandler
                0x0000000008001194                SPI4_IRQHandler
                0x0000000008001194                TIM1_CC_IRQHandler
                0x0000000008001194                DMA2_Stream5_IRQHandler
                0x0000000008001194                DMA1_Stream5_IRQHandler
                0x0000000008001194                PVD_IRQHandler
                0x0000000008001194                TAMP_STAMP_IRQHandler
                0x0000000008001194                CAN2_RX1_IRQHandler
                0x0000000008001194                EXTI3_IRQHandler
                0x0000000008001194                TIM8_TRG_COM_TIM14_IRQHandler
                0x0000000008001194                TIM1_UP_TIM10_IRQHandler
                0x0000000008001194                TIM8_UP_TIM13_IRQHandler
                0x0000000008001194                I2C3_ER_IRQHandler
                0x0000000008001194                EXTI0_IRQHandler
                0x0000000008001194                I2C2_EV_IRQHandler
                0x0000000008001194                DMA1_Stream2_IRQHandler
                0x0000000008001194                CAN1_RX0_IRQHandler
                0x0000000008001194                FPU_IRQHandler
                0x0000000008001194                OTG_HS_WKUP_IRQHandler
                0x0000000008001194                LTDC_ER_IRQHandler
                0x0000000008001194                CAN2_SCE_IRQHandler
                0x0000000008001194                DMA2_Stream2_IRQHandler
                0x0000000008001194                SPI1_IRQHandler
                0x0000000008001194                TIM6_DAC_IRQHandler
                0x0000000008001194                TIM1_BRK_TIM9_IRQHandler
                0x0000000008001194                DCMI_IRQHandler
                0x0000000008001194                CAN2_RX0_IRQHandler
                0x0000000008001194                DMA2_Stream3_IRQHandler
                0x0000000008001194                SAI2_IRQHandler
                0x0000000008001194                USART6_IRQHandler
                0x0000000008001194                USART3_IRQHandler
                0x0000000008001194                CAN1_RX1_IRQHandler
                0x0000000008001194                UART5_IRQHandler
                0x0000000008001194                DMA2_Stream0_IRQHandler
                0x0000000008001194                QUADSPI_IRQHandler
                0x0000000008001194                I2C1_EV_IRQHandler
                0x0000000008001194                DMA1_Stream6_IRQHandler
                0x0000000008001194                DMA1_Stream1_IRQHandler
                0x0000000008001194                UART4_IRQHandler
                0x0000000008001194                TIM3_IRQHandler
                0x0000000008001194                RCC_IRQHandler
                0x0000000008001194                TIM8_BRK_TIM12_IRQHandler
                0x0000000008001194                Default_Handler
                0x0000000008001194                CEC_IRQHandler
                0x0000000008001194                EXTI15_10_IRQHandler
                0x0000000008001194                ADC_IRQHandler
                0x0000000008001194                DMA1_Stream7_IRQHandler
                0x0000000008001194                SPI5_IRQHandler
                0x0000000008001194                TIM7_IRQHandler
                0x0000000008001194                SDMMC1_IRQHandler
                0x0000000008001194                CAN2_TX_IRQHandler
                0x0000000008001194                TIM5_IRQHandler
                0x0000000008001194                DMA2_Stream7_IRQHandler
                0x0000000008001194                I2C3_EV_IRQHandler
                0x0000000008001194                EXTI9_5_IRQHandler
                0x0000000008001194                RTC_WKUP_IRQHandler
                0x0000000008001194                LTDC_IRQHandler
                0x0000000008001194                ETH_WKUP_IRQHandler
                0x0000000008001194                SPDIF_RX_IRQHandler
                0x0000000008001194                SPI2_IRQHandler
                0x0000000008001194                OTG_HS_EP1_IN_IRQHandler
                0x0000000008001194                DMA1_Stream0_IRQHandler
                0x0000000008001194                CAN1_TX_IRQHandler
                0x0000000008001194                EXTI4_IRQHandler
                0x0000000008001194                RNG_IRQHandler
                0x0000000008001194                ETH_IRQHandler
                0x0000000008001194                OTG_HS_EP1_OUT_IRQHandler
                0x0000000008001194                WWDG_IRQHandler
                0x0000000008001194                SPI6_IRQHandler
                0x0000000008001194                I2C4_EV_IRQHandler
                0x0000000008001194                TIM2_IRQHandler
                0x0000000008001194                OTG_FS_WKUP_IRQHandler
                0x0000000008001194                TIM1_TRG_COM_TIM11_IRQHandler
                0x0000000008001194                OTG_HS_IRQHandler
                0x0000000008001194                DMA2D_IRQHandler
                0x0000000008001194                EXTI1_IRQHandler
                0x0000000008001194                UART7_IRQHandler
                0x0000000008001194                USART2_IRQHandler
                0x0000000008001194                I2C2_ER_IRQHandler
                0x0000000008001194                DMA2_Stream1_IRQHandler
                0x0000000008001194                CAN1_SCE_IRQHandler
                0x0000000008001194                FLASH_IRQHandler
                0x0000000008001194                DMA2_Stream4_IRQHandler
                0x0000000008001194                USART1_IRQHandler
                0x0000000008001194                OTG_FS_IRQHandler
                0x0000000008001194                SPI3_IRQHandler
                0x0000000008001194                DMA1_Stream4_IRQHandler
                0x0000000008001194                I2C1_ER_IRQHandler
                0x0000000008001194                FMC_IRQHandler
                0x0000000008001194                LPTIM1_IRQHandler
                0x0000000008001194                I2C4_ER_IRQHandler
                0x0000000008001194                DMA2_Stream6_IRQHandler
                0x0000000008001194                SAI1_IRQHandler
                0x0000000008001194                DMA1_Stream3_IRQHandler
 .text.HAL_Init
                0x0000000008001196       0x1a ./Drivers/STM32F7xx_HAL_Driver/Src/stm32f7xx_hal.o
                0x0000000008001196                HAL_Init
 .text.HAL_InitTick
                0x00000000080011b0       0x60 ./Drivers/STM32F7xx_HAL_Driver/Src/stm32f7xx_hal.o
                0x00000000080011b0                HAL_InitTick
 .text.HAL_IncTick
                0x0000000008001210       0x28 ./Drivers/STM32F7xx_HAL_Driver/Src/stm32f7xx_hal.o
                0x0000000008001210                HAL_IncTick
 .text.HAL_GetTick
                0x0000000008001238       0x18 ./Drivers/STM32F7xx_HAL_Driver/Src/stm32f7xx_hal.o
                0x0000000008001238                HAL_GetTick
 .text.HAL_Delay
                0x0000000008001250       0x48 ./Drivers/STM32F7xx_HAL_Driver/Src/stm32f7xx_hal.o
                0x0000000008001250                HAL_Delay
 .text.HAL_ADC_Init
                0x0000000008001298       0x88 ./Drivers/STM32F7xx_HAL_Driver/Src/stm32f7xx_hal_adc.o
                0x0000000008001298                HAL_ADC_Init
 .text.HAL_ADC_Start
                0x0000000008001320      0x19c ./Drivers/STM32F7xx_HAL_Driver/Src/stm32f7xx_hal_adc.o
                0x0000000008001320                HAL_ADC_Start
 .text.HAL_ADC_PollForConversion
                0x00000000080014bc      0x116 ./Drivers/STM32F7xx_HAL_Driver/Src/stm32f7xx_hal_adc.o
                0x00000000080014bc                HAL_ADC_PollForConversion
 .text.HAL_ADC_GetValue
                0x00000000080015d2       0x1a ./Drivers/STM32F7xx_HAL_Driver/Src/stm32f7xx_hal_adc.o
                0x00000000080015d2                HAL_ADC_GetValue
 .text.HAL_ADC_ConfigChannel
                0x00000000080015ec      0x2ac ./Drivers/STM32F7xx_HAL_Driver/Src/stm32f7xx_hal_adc.o
                0x00000000080015ec                HAL_ADC_ConfigChannel
 .text.ADC_Init
                0x0000000008001898      0x1f4 ./Drivers/STM32F7xx_HAL_Driver/Src/stm32f7xx_hal_adc.o
 .text.__NVIC_SetPriorityGrouping
                0x0000000008001a8c       0x48 ./Drivers/STM32F7xx_HAL_Driver/Src/stm32f7xx_hal_cortex.o
 .text.__NVIC_GetPriorityGrouping
                0x0000000008001ad4       0x1c ./Drivers/STM32F7xx_HAL_Driver/Src/stm32f7xx_hal_cortex.o
 .text.__NVIC_EnableIRQ
                0x0000000008001af0       0x3c ./Drivers/STM32F7xx_HAL_Driver/Src/stm32f7xx_hal_cortex.o
 .text.__NVIC_SetPriority
                0x0000000008001b2c       0x54 ./Drivers/STM32F7xx_HAL_Driver/Src/stm32f7xx_hal_cortex.o
 .text.NVIC_EncodePriority
                0x0000000008001b80       0x66 ./Drivers/STM32F7xx_HAL_Driver/Src/stm32f7xx_hal_cortex.o
 *fill*         0x0000000008001be6        0x2 
 .text.SysTick_Config
                0x0000000008001be8       0x44 ./Drivers/STM32F7xx_HAL_Driver/Src/stm32f7xx_hal_cortex.o
 .text.HAL_NVIC_SetPriorityGrouping
                0x0000000008001c2c       0x16 ./Drivers/STM32F7xx_HAL_Driver/Src/stm32f7xx_hal_cortex.o
                0x0000000008001c2c                HAL_NVIC_SetPriorityGrouping
 .text.HAL_NVIC_SetPriority
                0x0000000008001c42       0x38 ./Drivers/STM32F7xx_HAL_Driver/Src/stm32f7xx_hal_cortex.o
                0x0000000008001c42                HAL_NVIC_SetPriority
 .text.HAL_NVIC_EnableIRQ
                0x0000000008001c7a       0x1c ./Drivers/STM32F7xx_HAL_Driver/Src/stm32f7xx_hal_cortex.o
                0x0000000008001c7a                HAL_NVIC_EnableIRQ
 .text.HAL_SYSTICK_Config
                0x0000000008001c96       0x18 ./Drivers/STM32F7xx_HAL_Driver/Src/stm32f7xx_hal_cortex.o
                0x0000000008001c96                HAL_SYSTICK_Config
 *fill*         0x0000000008001cae        0x2 
 .text.HAL_GPIO_Init
                0x0000000008001cb0      0x358 ./Drivers/STM32F7xx_HAL_Driver/Src/stm32f7xx_hal_gpio.o
                0x0000000008001cb0                HAL_GPIO_Init
 .text.HAL_GPIO_WritePin
                0x0000000008002008       0x32 ./Drivers/STM32F7xx_HAL_Driver/Src/stm32f7xx_hal_gpio.o
                0x0000000008002008                HAL_GPIO_WritePin
 .text.HAL_PCD_Init
                0x000000000800203a      0x248 ./Drivers/STM32F7xx_HAL_Driver/Src/stm32f7xx_hal_pcd.o
                0x000000000800203a                HAL_PCD_Init
 *fill*         0x0000000008002282        0x2 
 .text.HAL_PCDEx_ActivateLPM
                0x0000000008002284       0x48 ./Drivers/STM32F7xx_HAL_Driver/Src/stm32f7xx_hal_pcd_ex.o
                0x0000000008002284                HAL_PCDEx_ActivateLPM
 .text.HAL_PWR_EnableBkUpAccess
                0x00000000080022cc       0x20 ./Drivers/STM32F7xx_HAL_Driver/Src/stm32f7xx_hal_pwr.o
                0x00000000080022cc                HAL_PWR_EnableBkUpAccess
 .text.HAL_RCC_OscConfig
                0x00000000080022ec      0x548 ./Drivers/STM32F7xx_HAL_Driver/Src/stm32f7xx_hal_rcc.o
                0x00000000080022ec                HAL_RCC_OscConfig
 .text.HAL_RCC_ClockConfig
                0x0000000008002834      0x1d8 ./Drivers/STM32F7xx_HAL_Driver/Src/stm32f7xx_hal_rcc.o
                0x0000000008002834                HAL_RCC_ClockConfig
 .text.HAL_RCC_GetSysClockFreq
                0x0000000008002a0c      0x1c4 ./Drivers/STM32F7xx_HAL_Driver/Src/stm32f7xx_hal_rcc.o
                0x0000000008002a0c                HAL_RCC_GetSysClockFreq
 .text.HAL_RCC_GetHCLKFreq
                0x0000000008002bd0       0x18 ./Drivers/STM32F7xx_HAL_Driver/Src/stm32f7xx_hal_rcc.o
                0x0000000008002bd0                HAL_RCC_GetHCLKFreq
 .text.HAL_RCC_GetPCLK1Freq
                0x0000000008002be8       0x28 ./Drivers/STM32F7xx_HAL_Driver/Src/stm32f7xx_hal_rcc.o
                0x0000000008002be8                HAL_RCC_GetPCLK1Freq
 .text.HAL_RCC_GetPCLK2Freq
                0x0000000008002c10       0x28 ./Drivers/STM32F7xx_HAL_Driver/Src/stm32f7xx_hal_rcc.o
                0x0000000008002c10                HAL_RCC_GetPCLK2Freq
 .text.HAL_RCCEx_PeriphCLKConfig
                0x0000000008002c38      0x7e0 ./Drivers/STM32F7xx_HAL_Driver/Src/stm32f7xx_hal_rcc_ex.o
                0x0000000008002c38                HAL_RCCEx_PeriphCLKConfig
 .text.HAL_TIM_Base_Init
                0x0000000008003418       0xae ./Drivers/STM32F7xx_HAL_Driver/Src/stm32f7xx_hal_tim.o
                0x0000000008003418                HAL_TIM_Base_Init
 *fill*         0x00000000080034c6        0x2 
 .text.HAL_TIM_Base_Start_IT
                0x00000000080034c8       0xf0 ./Drivers/STM32F7xx_HAL_Driver/Src/stm32f7xx_hal_tim.o
                0x00000000080034c8                HAL_TIM_Base_Start_IT
 .text.HAL_TIM_PWM_Init
                0x00000000080035b8       0xae ./Drivers/STM32F7xx_HAL_Driver/Src/stm32f7xx_hal_tim.o
                0x00000000080035b8                HAL_TIM_PWM_Init
 .text.HAL_TIM_PWM_MspInit
                0x0000000008003666       0x14 ./Drivers/STM32F7xx_HAL_Driver/Src/stm32f7xx_hal_tim.o
                0x0000000008003666                HAL_TIM_PWM_MspInit
 *fill*         0x000000000800367a        0x2 
 .text.HAL_TIM_PWM_Start
                0x000000000800367c      0x1f4 ./Drivers/STM32F7xx_HAL_Driver/Src/stm32f7xx_hal_tim.o
                0x000000000800367c                HAL_TIM_PWM_Start
 .text.HAL_TIM_Encoder_Init
                0x0000000008003870      0x14c ./Drivers/STM32F7xx_HAL_Driver/Src/stm32f7xx_hal_tim.o
                0x0000000008003870                HAL_TIM_Encoder_Init
 .text.HAL_TIM_IRQHandler
                0x00000000080039bc      0x23e ./Drivers/STM32F7xx_HAL_Driver/Src/stm32f7xx_hal_tim.o
                0x00000000080039bc                HAL_TIM_IRQHandler
 *fill*         0x0000000008003bfa        0x2 
 .text.HAL_TIM_PWM_ConfigChannel
                0x0000000008003bfc      0x228 ./Drivers/STM32F7xx_HAL_Driver/Src/stm32f7xx_hal_tim.o
                0x0000000008003bfc                HAL_TIM_PWM_ConfigChannel
 .text.HAL_TIM_ConfigClockSource
                0x0000000008003e24      0x194 ./Drivers/STM32F7xx_HAL_Driver/Src/stm32f7xx_hal_tim.o
                0x0000000008003e24                HAL_TIM_ConfigClockSource
 .text.HAL_TIM_OC_DelayElapsedCallback
                0x0000000008003fb8       0x14 ./Drivers/STM32F7xx_HAL_Driver/Src/stm32f7xx_hal_tim.o
                0x0000000008003fb8                HAL_TIM_OC_DelayElapsedCallback
 .text.HAL_TIM_IC_CaptureCallback
                0x0000000008003fcc       0x14 ./Drivers/STM32F7xx_HAL_Driver/Src/stm32f7xx_hal_tim.o
                0x0000000008003fcc                HAL_TIM_IC_CaptureCallback
 .text.HAL_TIM_PWM_PulseFinishedCallback
                0x0000000008003fe0       0x14 ./Drivers/STM32F7xx_HAL_Driver/Src/stm32f7xx_hal_tim.o
                0x0000000008003fe0                HAL_TIM_PWM_PulseFinishedCallback
 .text.HAL_TIM_TriggerCallback
                0x0000000008003ff4       0x14 ./Drivers/STM32F7xx_HAL_Driver/Src/stm32f7xx_hal_tim.o
                0x0000000008003ff4                HAL_TIM_TriggerCallback
 .text.TIM_Base_SetConfig
                0x0000000008004008      0x140 ./Drivers/STM32F7xx_HAL_Driver/Src/stm32f7xx_hal_tim.o
                0x0000000008004008                TIM_Base_SetConfig
 .text.TIM_OC1_SetConfig
                0x0000000008004148       0xe4 ./Drivers/STM32F7xx_HAL_Driver/Src/stm32f7xx_hal_tim.o
 .text.TIM_OC2_SetConfig
                0x000000000800422c       0xf0 ./Drivers/STM32F7xx_HAL_Driver/Src/stm32f7xx_hal_tim.o
                0x000000000800422c                TIM_OC2_SetConfig
 .text.TIM_OC3_SetConfig
                0x000000000800431c       0xec ./Drivers/STM32F7xx_HAL_Driver/Src/stm32f7xx_hal_tim.o
 .text.TIM_OC4_SetConfig
                0x0000000008004408       0xb0 ./Drivers/STM32F7xx_HAL_Driver/Src/stm32f7xx_hal_tim.o
 .text.TIM_OC5_SetConfig
                0x00000000080044b8       0xa4 ./Drivers/STM32F7xx_HAL_Driver/Src/stm32f7xx_hal_tim.o
 .text.TIM_OC6_SetConfig
                0x000000000800455c       0xa8 ./Drivers/STM32F7xx_HAL_Driver/Src/stm32f7xx_hal_tim.o
 .text.TIM_TI1_ConfigInputStage
                0x0000000008004604       0x5e ./Drivers/STM32F7xx_HAL_Driver/Src/stm32f7xx_hal_tim.o
 .text.TIM_TI2_ConfigInputStage
                0x0000000008004662       0x60 ./Drivers/STM32F7xx_HAL_Driver/Src/stm32f7xx_hal_tim.o
 .text.TIM_ITRx_SetConfig
                0x00000000080046c2       0x36 ./Drivers/STM32F7xx_HAL_Driver/Src/stm32f7xx_hal_tim.o
 .text.TIM_ETR_SetConfig
                0x00000000080046f8       0x40 ./Drivers/STM32F7xx_HAL_Driver/Src/stm32f7xx_hal_tim.o
                0x00000000080046f8                TIM_ETR_SetConfig
 .text.TIM_CCxChannelCmd
                0x0000000008004738       0x4a ./Drivers/STM32F7xx_HAL_Driver/Src/stm32f7xx_hal_tim.o
                0x0000000008004738                TIM_CCxChannelCmd
 *fill*         0x0000000008004782        0x2 
 .text.HAL_TIMEx_MasterConfigSynchronization
                0x0000000008004784      0x11c ./Drivers/STM32F7xx_HAL_Driver/Src/stm32f7xx_hal_tim_ex.o
                0x0000000008004784                HAL_TIMEx_MasterConfigSynchronization
 .text.HAL_TIMEx_ConfigBreakDeadTime
                0x00000000080048a0       0xfc ./Drivers/STM32F7xx_HAL_Driver/Src/stm32f7xx_hal_tim_ex.o
                0x00000000080048a0                HAL_TIMEx_ConfigBreakDeadTime
 .text.HAL_TIMEx_CommutCallback
                0x000000000800499c       0x14 ./Drivers/STM32F7xx_HAL_Driver/Src/stm32f7xx_hal_tim_ex.o
                0x000000000800499c                HAL_TIMEx_CommutCallback
 .text.HAL_TIMEx_BreakCallback
                0x00000000080049b0       0x14 ./Drivers/STM32F7xx_HAL_Driver/Src/stm32f7xx_hal_tim_ex.o
                0x00000000080049b0                HAL_TIMEx_BreakCallback
 .text.HAL_TIMEx_Break2Callback
                0x00000000080049c4       0x14 ./Drivers/STM32F7xx_HAL_Driver/Src/stm32f7xx_hal_tim_ex.o
                0x00000000080049c4                HAL_TIMEx_Break2Callback
 .text.HAL_UART_Init
                0x00000000080049d8       0x9c ./Drivers/STM32F7xx_HAL_Driver/Src/stm32f7xx_hal_uart.o
                0x00000000080049d8                HAL_UART_Init
 .text.UART_SetConfig
                0x0000000008004a74      0x4c4 ./Drivers/STM32F7xx_HAL_Driver/Src/stm32f7xx_hal_uart.o
                0x0000000008004a74                UART_SetConfig
 .text.UART_AdvFeatureConfig
                0x0000000008004f38      0x144 ./Drivers/STM32F7xx_HAL_Driver/Src/stm32f7xx_hal_uart.o
                0x0000000008004f38                UART_AdvFeatureConfig
 .text.UART_CheckIdleState
                0x000000000800507c       0x66 ./Drivers/STM32F7xx_HAL_Driver/Src/stm32f7xx_hal_uart.o
                0x000000000800507c                UART_CheckIdleState
 .text.UART_WaitOnFlagUntilTimeout
                0x00000000080050e2      0x188 ./Drivers/STM32F7xx_HAL_Driver/Src/stm32f7xx_hal_uart.o
                0x00000000080050e2                UART_WaitOnFlagUntilTimeout
 *fill*         0x000000000800526a        0x2 
 .text.USB_CoreInit
                0x000000000800526c       0xb0 ./Drivers/STM32F7xx_HAL_Driver/Src/stm32f7xx_ll_usb.o
                0x000000000800526c                USB_CoreInit
 .text.USB_DisableGlobalInt
                0x000000000800531c       0x22 ./Drivers/STM32F7xx_HAL_Driver/Src/stm32f7xx_ll_usb.o
                0x000000000800531c                USB_DisableGlobalInt
 .text.USB_SetCurrentMode
                0x000000000800533e       0x98 ./Drivers/STM32F7xx_HAL_Driver/Src/stm32f7xx_ll_usb.o
                0x000000000800533e                USB_SetCurrentMode
 *fill*         0x00000000080053d6        0x2 
 .text.USB_DevInit
                0x00000000080053d8      0x2bc ./Drivers/STM32F7xx_HAL_Driver/Src/stm32f7xx_ll_usb.o
                0x00000000080053d8                USB_DevInit
 .text.USB_FlushTxFifo
                0x0000000008005694       0x64 ./Drivers/STM32F7xx_HAL_Driver/Src/stm32f7xx_ll_usb.o
                0x0000000008005694                USB_FlushTxFifo
 .text.USB_FlushRxFifo
                0x00000000080056f8       0x5c ./Drivers/STM32F7xx_HAL_Driver/Src/stm32f7xx_ll_usb.o
                0x00000000080056f8                USB_FlushRxFifo
 .text.USB_SetDevSpeed
                0x0000000008005754       0x32 ./Drivers/STM32F7xx_HAL_Driver/Src/stm32f7xx_ll_usb.o
                0x0000000008005754                USB_SetDevSpeed
 .text.USB_DevDisconnect
                0x0000000008005786       0x42 ./Drivers/STM32F7xx_HAL_Driver/Src/stm32f7xx_ll_usb.o
                0x0000000008005786                USB_DevDisconnect
 .text.USB_GetMode
                0x00000000080057c8       0x1c ./Drivers/STM32F7xx_HAL_Driver/Src/stm32f7xx_ll_usb.o
                0x00000000080057c8                USB_GetMode
 .text.USB_CoreReset
                0x00000000080057e4       0x64 ./Drivers/STM32F7xx_HAL_Driver/Src/stm32f7xx_ll_usb.o
 .text.__libc_init_array
                0x0000000008005848       0x48 g:/cubeide/stm32cubeide_1.6.1/stm32cubeide/plugins/com.st.stm32cube.ide.mcu.externaltools.gnu-tools-for-stm32.9-2020-q2-update.win32_2.0.0.202105311346/tools/bin/../lib/gcc/arm-none-eabi/9.3.1/../../../../arm-none-eabi/lib/thumb/v7e-m+fp/hard\libc_nano.a(lib_a-init.o)
                0x0000000008005848                __libc_init_array
 .text.memset   0x0000000008005890       0x10 g:/cubeide/stm32cubeide_1.6.1/stm32cubeide/plugins/com.st.stm32cube.ide.mcu.externaltools.gnu-tools-for-stm32.9-2020-q2-update.win32_2.0.0.202105311346/tools/bin/../lib/gcc/arm-none-eabi/9.3.1/../../../../arm-none-eabi/lib/thumb/v7e-m+fp/hard\libc_nano.a(lib_a-memset.o)
                0x0000000008005890                memset
 *(.glue_7)
 .glue_7        0x00000000080058a0        0x0 linker stubs
 *(.glue_7t)
 .glue_7t       0x00000000080058a0        0x0 linker stubs
 *(.eh_frame)
 .eh_frame      0x00000000080058a0        0x0 g:/cubeide/stm32cubeide_1.6.1/stm32cubeide/plugins/com.st.stm32cube.ide.mcu.externaltools.gnu-tools-for-stm32.9-2020-q2-update.win32_2.0.0.202105311346/tools/bin/../lib/gcc/arm-none-eabi/9.3.1/thumb/v7e-m+fp/hard/crtbegin.o
 *(.init)
 .init          0x00000000080058a0        0x4 g:/cubeide/stm32cubeide_1.6.1/stm32cubeide/plugins/com.st.stm32cube.ide.mcu.externaltools.gnu-tools-for-stm32.9-2020-q2-update.win32_2.0.0.202105311346/tools/bin/../lib/gcc/arm-none-eabi/9.3.1/thumb/v7e-m+fp/hard/crti.o
                0x00000000080058a0                _init
 .init          0x00000000080058a4        0x8 g:/cubeide/stm32cubeide_1.6.1/stm32cubeide/plugins/com.st.stm32cube.ide.mcu.externaltools.gnu-tools-for-stm32.9-2020-q2-update.win32_2.0.0.202105311346/tools/bin/../lib/gcc/arm-none-eabi/9.3.1/thumb/v7e-m+fp/hard/crtn.o
 *(.fini)
 .fini          0x00000000080058ac        0x4 g:/cubeide/stm32cubeide_1.6.1/stm32cubeide/plugins/com.st.stm32cube.ide.mcu.externaltools.gnu-tools-for-stm32.9-2020-q2-update.win32_2.0.0.202105311346/tools/bin/../lib/gcc/arm-none-eabi/9.3.1/thumb/v7e-m+fp/hard/crti.o
                0x00000000080058ac                _fini
 .fini          0x00000000080058b0        0x8 g:/cubeide/stm32cubeide_1.6.1/stm32cubeide/plugins/com.st.stm32cube.ide.mcu.externaltools.gnu-tools-for-stm32.9-2020-q2-update.win32_2.0.0.202105311346/tools/bin/../lib/gcc/arm-none-eabi/9.3.1/thumb/v7e-m+fp/hard/crtn.o
                0x00000000080058b8                . = ALIGN (0x4)
                0x00000000080058b8                _etext = .

.vfp11_veneer   0x00000000080058b8        0x0
 .vfp11_veneer  0x00000000080058b8        0x0 linker stubs

.v4_bx          0x00000000080058b8        0x0
 .v4_bx         0x00000000080058b8        0x0 linker stubs

.iplt           0x00000000080058b8        0x0
 .iplt          0x00000000080058b8        0x0 g:/cubeide/stm32cubeide_1.6.1/stm32cubeide/plugins/com.st.stm32cube.ide.mcu.externaltools.gnu-tools-for-stm32.9-2020-q2-update.win32_2.0.0.202105311346/tools/bin/../lib/gcc/arm-none-eabi/9.3.1/thumb/v7e-m+fp/hard/crtbegin.o

.rodata         0x00000000080058b8       0x18
                0x00000000080058b8                . = ALIGN (0x4)
 *(.rodata)
 *(.rodata*)
 .rodata.AHBPrescTable
                0x00000000080058b8       0x10 ./Core/Src/system_stm32f7xx.o
                0x00000000080058b8                AHBPrescTable
 .rodata.APBPrescTable
                0x00000000080058c8        0x8 ./Core/Src/system_stm32f7xx.o
                0x00000000080058c8                APBPrescTable
                0x00000000080058d0                . = ALIGN (0x4)

.ARM.extab      0x00000000080058d0        0x0
                0x00000000080058d0                . = ALIGN (0x4)
 *(.ARM.extab* .gnu.linkonce.armextab.*)
                0x00000000080058d0                . = ALIGN (0x4)

.ARM            0x00000000080058d0        0x8
                0x00000000080058d0                . = ALIGN (0x4)
                0x00000000080058d0                __exidx_start = .
 *(.ARM.exidx*)
 .ARM.exidx     0x00000000080058d0        0x8 g:/cubeide/stm32cubeide_1.6.1/stm32cubeide/plugins/com.st.stm32cube.ide.mcu.externaltools.gnu-tools-for-stm32.9-2020-q2-update.win32_2.0.0.202105311346/tools/bin/../lib/gcc/arm-none-eabi/9.3.1/thumb/v7e-m+fp/hard\libgcc.a(_udivmoddi4.o)
                0x00000000080058d8                __exidx_end = .
                0x00000000080058d8                . = ALIGN (0x4)

.rel.dyn        0x00000000080058d8        0x0
 .rel.iplt      0x00000000080058d8        0x0 g:/cubeide/stm32cubeide_1.6.1/stm32cubeide/plugins/com.st.stm32cube.ide.mcu.externaltools.gnu-tools-for-stm32.9-2020-q2-update.win32_2.0.0.202105311346/tools/bin/../lib/gcc/arm-none-eabi/9.3.1/thumb/v7e-m+fp/hard/crtbegin.o

.preinit_array  0x00000000080058d8        0x0
                0x00000000080058d8                . = ALIGN (0x4)
                0x00000000080058d8                PROVIDE (__preinit_array_start = .)
 *(.preinit_array*)
                0x00000000080058d8                PROVIDE (__preinit_array_end = .)
                0x00000000080058d8                . = ALIGN (0x4)

.init_array     0x00000000080058d8        0x4
                0x00000000080058d8                . = ALIGN (0x4)
                0x00000000080058d8                PROVIDE (__init_array_start = .)
 *(SORT_BY_NAME(.init_array.*))
 *(.init_array*)
 .init_array    0x00000000080058d8        0x4 g:/cubeide/stm32cubeide_1.6.1/stm32cubeide/plugins/com.st.stm32cube.ide.mcu.externaltools.gnu-tools-for-stm32.9-2020-q2-update.win32_2.0.0.202105311346/tools/bin/../lib/gcc/arm-none-eabi/9.3.1/thumb/v7e-m+fp/hard/crtbegin.o
                0x00000000080058dc                PROVIDE (__init_array_end = .)
                0x00000000080058dc                . = ALIGN (0x4)

.fini_array     0x00000000080058dc        0x4
                0x00000000080058dc                . = ALIGN (0x4)
                [!provide]                        PROVIDE (__fini_array_start = .)
 *(SORT_BY_NAME(.fini_array.*))
 *(.fini_array*)
 .fini_array    0x00000000080058dc        0x4 g:/cubeide/stm32cubeide_1.6.1/stm32cubeide/plugins/com.st.stm32cube.ide.mcu.externaltools.gnu-tools-for-stm32.9-2020-q2-update.win32_2.0.0.202105311346/tools/bin/../lib/gcc/arm-none-eabi/9.3.1/thumb/v7e-m+fp/hard/crtbegin.o
                [!provide]                        PROVIDE (__fini_array_end = .)
                0x00000000080058e0                . = ALIGN (0x4)
                0x00000000080058e0                _sidata = LOADADDR (.data)

.data           0x0000000020000000        0xc load address 0x00000000080058e0
                0x0000000020000000                . = ALIGN (0x4)
                0x0000000020000000                _sdata = .
 *(.data)
 *(.data*)
 .data.SystemCoreClock
                0x0000000020000000        0x4 ./Core/Src/system_stm32f7xx.o
                0x0000000020000000                SystemCoreClock
 .data.uwTickPrio
                0x0000000020000004        0x4 ./Drivers/STM32F7xx_HAL_Driver/Src/stm32f7xx_hal.o
                0x0000000020000004                uwTickPrio
 .data.uwTickFreq
                0x0000000020000008        0x1 ./Drivers/STM32F7xx_HAL_Driver/Src/stm32f7xx_hal.o
                0x0000000020000008                uwTickFreq
 *(.RamFunc)
 *(.RamFunc*)
                0x000000002000000c                . = ALIGN (0x4)
 *fill*         0x0000000020000009        0x3 
                0x000000002000000c                _edata = .

.igot.plt       0x000000002000000c        0x0 load address 0x00000000080058ec
 .igot.plt      0x000000002000000c        0x0 g:/cubeide/stm32cubeide_1.6.1/stm32cubeide/plugins/com.st.stm32cube.ide.mcu.externaltools.gnu-tools-for-stm32.9-2020-q2-update.win32_2.0.0.202105311346/tools/bin/../lib/gcc/arm-none-eabi/9.3.1/thumb/v7e-m+fp/hard/crtbegin.o
                0x000000002000000c                . = ALIGN (0x4)

.bss            0x0000000020000010      0x640 load address 0x00000000080058ec
                0x0000000020000010                _sbss = .
                0x0000000020000010                __bss_start__ = _sbss
 *(.bss)
 .bss           0x0000000020000010       0x1c g:/cubeide/stm32cubeide_1.6.1/stm32cubeide/plugins/com.st.stm32cube.ide.mcu.externaltools.gnu-tools-for-stm32.9-2020-q2-update.win32_2.0.0.202105311346/tools/bin/../lib/gcc/arm-none-eabi/9.3.1/thumb/v7e-m+fp/hard/crtbegin.o
 *(.bss*)
 .bss.ADC_Value
                0x000000002000002c        0x4 ./Core/Src/adc.o
                0x000000002000002c                ADC_Value
 .bss.pulseWidth
                0x0000000020000030        0x4 ./Core/Src/tim.o
                0x0000000020000030                pulseWidth
 .bss.encoderValue
                0x0000000020000034        0x2 ./Core/Src/tim.o
                0x0000000020000034                encoderValue
 *(COMMON)
 *fill*         0x0000000020000036        0x2 
 COMMON         0x0000000020000038       0x48 ./Core/Src/adc.o
                0x0000000020000038                hadc1
 COMMON         0x0000000020000080       0x60 ./Core/Src/pid.o
                0x0000000020000080                pidController
                0x00000000200000b8                measurmentsVector
 COMMON         0x00000000200000e0       0xe4 ./Core/Src/tim.o
                0x00000000200000e0                htim4
                0x000000002000012c                htim3
                0x0000000020000178                htim1
 COMMON         0x00000000200001c4       0x84 ./Core/Src/usart.o
                0x00000000200001c4                huart3
 COMMON         0x0000000020000248      0x404 ./Core/Src/usb_otg.o
                0x0000000020000248                hpcd_USB_OTG_FS
 COMMON         0x000000002000064c        0x4 ./Drivers/STM32F7xx_HAL_Driver/Src/stm32f7xx_hal.o
                0x000000002000064c                uwTick
                0x0000000020000650                . = ALIGN (0x4)
                0x0000000020000650                _ebss = .
                0x0000000020000650                __bss_end__ = _ebss

._user_heap_stack
                0x0000000020000650      0x600 load address 0x00000000080058ec
                0x0000000020000650                . = ALIGN (0x8)
                [!provide]                        PROVIDE (end = .)
                0x0000000020000650                PROVIDE (_end = .)
                0x0000000020000850                . = (. + _Min_Heap_Size)
 *fill*         0x0000000020000650      0x200 
                0x0000000020000c50                . = (. + _Min_Stack_Size)
 *fill*         0x0000000020000850      0x400 
                0x0000000020000c50                . = ALIGN (0x8)

/DISCARD/
 libc.a(*)
 libm.a(*)
 libgcc.a(*)

.ARM.attributes
                0x0000000000000000       0x30
 *(.ARM.attributes)
 .ARM.attributes
                0x0000000000000000       0x1e g:/cubeide/stm32cubeide_1.6.1/stm32cubeide/plugins/com.st.stm32cube.ide.mcu.externaltools.gnu-tools-for-stm32.9-2020-q2-update.win32_2.0.0.202105311346/tools/bin/../lib/gcc/arm-none-eabi/9.3.1/thumb/v7e-m+fp/hard/crti.o
 .ARM.attributes
                0x000000000000001e       0x34 g:/cubeide/stm32cubeide_1.6.1/stm32cubeide/plugins/com.st.stm32cube.ide.mcu.externaltools.gnu-tools-for-stm32.9-2020-q2-update.win32_2.0.0.202105311346/tools/bin/../lib/gcc/arm-none-eabi/9.3.1/thumb/v7e-m+fp/hard/crtbegin.o
 .ARM.attributes
                0x0000000000000052       0x34 ./Core/Src/adc.o
 .ARM.attributes
                0x0000000000000086       0x34 ./Core/Src/gpio.o
 .ARM.attributes
                0x00000000000000ba       0x34 ./Core/Src/main.o
 .ARM.attributes
                0x00000000000000ee       0x34 ./Core/Src/pid.o
 .ARM.attributes
                0x0000000000000122       0x34 ./Core/Src/stm32f7xx_hal_msp.o
 .ARM.attributes
                0x0000000000000156       0x34 ./Core/Src/stm32f7xx_it.o
 .ARM.attributes
                0x000000000000018a       0x34 ./Core/Src/system_stm32f7xx.o
 .ARM.attributes
                0x00000000000001be       0x34 ./Core/Src/tim.o
 .ARM.attributes
                0x00000000000001f2       0x34 ./Core/Src/usart.o
 .ARM.attributes
                0x0000000000000226       0x34 ./Core/Src/usb_otg.o
 .ARM.attributes
                0x000000000000025a       0x21 ./Core/Startup/startup_stm32f746zgtx.o
 .ARM.attributes
                0x000000000000027b       0x34 ./Drivers/STM32F7xx_HAL_Driver/Src/stm32f7xx_hal.o
 .ARM.attributes
                0x00000000000002af       0x34 ./Drivers/STM32F7xx_HAL_Driver/Src/stm32f7xx_hal_adc.o
 .ARM.attributes
                0x00000000000002e3       0x34 ./Drivers/STM32F7xx_HAL_Driver/Src/stm32f7xx_hal_cortex.o
 .ARM.attributes
                0x0000000000000317       0x34 ./Drivers/STM32F7xx_HAL_Driver/Src/stm32f7xx_hal_gpio.o
 .ARM.attributes
                0x000000000000034b       0x34 ./Drivers/STM32F7xx_HAL_Driver/Src/stm32f7xx_hal_pcd.o
 .ARM.attributes
                0x000000000000037f       0x34 ./Drivers/STM32F7xx_HAL_Driver/Src/stm32f7xx_hal_pcd_ex.o
 .ARM.attributes
                0x00000000000003b3       0x34 ./Drivers/STM32F7xx_HAL_Driver/Src/stm32f7xx_hal_pwr.o
 .ARM.attributes
                0x00000000000003e7       0x34 ./Drivers/STM32F7xx_HAL_Driver/Src/stm32f7xx_hal_rcc.o
 .ARM.attributes
                0x000000000000041b       0x34 ./Drivers/STM32F7xx_HAL_Driver/Src/stm32f7xx_hal_rcc_ex.o
 .ARM.attributes
                0x000000000000044f       0x34 ./Drivers/STM32F7xx_HAL_Driver/Src/stm32f7xx_hal_tim.o
 .ARM.attributes
                0x0000000000000483       0x34 ./Drivers/STM32F7xx_HAL_Driver/Src/stm32f7xx_hal_tim_ex.o
 .ARM.attributes
                0x00000000000004b7       0x34 ./Drivers/STM32F7xx_HAL_Driver/Src/stm32f7xx_hal_uart.o
 .ARM.attributes
                0x00000000000004eb       0x34 ./Drivers/STM32F7xx_HAL_Driver/Src/stm32f7xx_ll_usb.o
 .ARM.attributes
                0x000000000000051f       0x34 g:/cubeide/stm32cubeide_1.6.1/stm32cubeide/plugins/com.st.stm32cube.ide.mcu.externaltools.gnu-tools-for-stm32.9-2020-q2-update.win32_2.0.0.202105311346/tools/bin/../lib/gcc/arm-none-eabi/9.3.1/../../../../arm-none-eabi/lib/thumb/v7e-m+fp/hard\libc_nano.a(lib_a-init.o)
 .ARM.attributes
                0x0000000000000553       0x34 g:/cubeide/stm32cubeide_1.6.1/stm32cubeide/plugins/com.st.stm32cube.ide.mcu.externaltools.gnu-tools-for-stm32.9-2020-q2-update.win32_2.0.0.202105311346/tools/bin/../lib/gcc/arm-none-eabi/9.3.1/../../../../arm-none-eabi/lib/thumb/v7e-m+fp/hard\libc_nano.a(lib_a-memset.o)
 .ARM.attributes
                0x0000000000000587       0x1e g:/cubeide/stm32cubeide_1.6.1/stm32cubeide/plugins/com.st.stm32cube.ide.mcu.externaltools.gnu-tools-for-stm32.9-2020-q2-update.win32_2.0.0.202105311346/tools/bin/../lib/gcc/arm-none-eabi/9.3.1/thumb/v7e-m+fp/hard\libgcc.a(_aeabi_uldivmod.o)
 .ARM.attributes
                0x00000000000005a5       0x34 g:/cubeide/stm32cubeide_1.6.1/stm32cubeide/plugins/com.st.stm32cube.ide.mcu.externaltools.gnu-tools-for-stm32.9-2020-q2-update.win32_2.0.0.202105311346/tools/bin/../lib/gcc/arm-none-eabi/9.3.1/thumb/v7e-m+fp/hard\libgcc.a(_udivmoddi4.o)
 .ARM.attributes
                0x00000000000005d9       0x1e g:/cubeide/stm32cubeide_1.6.1/stm32cubeide/plugins/com.st.stm32cube.ide.mcu.externaltools.gnu-tools-for-stm32.9-2020-q2-update.win32_2.0.0.202105311346/tools/bin/../lib/gcc/arm-none-eabi/9.3.1/thumb/v7e-m+fp/hard\libgcc.a(_dvmd_tls.o)
 .ARM.attributes
                0x00000000000005f7       0x1e g:/cubeide/stm32cubeide_1.6.1/stm32cubeide/plugins/com.st.stm32cube.ide.mcu.externaltools.gnu-tools-for-stm32.9-2020-q2-update.win32_2.0.0.202105311346/tools/bin/../lib/gcc/arm-none-eabi/9.3.1/thumb/v7e-m+fp/hard/crtn.o
OUTPUT(Projekt_Cube.elf elf32-littlearm)
LOAD linker stubs
LOAD g:/cubeide/stm32cubeide_1.6.1/stm32cubeide/plugins/com.st.stm32cube.ide.mcu.externaltools.gnu-tools-for-stm32.9-2020-q2-update.win32_2.0.0.202105311346/tools/bin/../lib/gcc/arm-none-eabi/9.3.1/../../../../arm-none-eabi/lib/thumb/v7e-m+fp/hard\libc.a
LOAD g:/cubeide/stm32cubeide_1.6.1/stm32cubeide/plugins/com.st.stm32cube.ide.mcu.externaltools.gnu-tools-for-stm32.9-2020-q2-update.win32_2.0.0.202105311346/tools/bin/../lib/gcc/arm-none-eabi/9.3.1/../../../../arm-none-eabi/lib/thumb/v7e-m+fp/hard\libm.a
LOAD g:/cubeide/stm32cubeide_1.6.1/stm32cubeide/plugins/com.st.stm32cube.ide.mcu.externaltools.gnu-tools-for-stm32.9-2020-q2-update.win32_2.0.0.202105311346/tools/bin/../lib/gcc/arm-none-eabi/9.3.1/thumb/v7e-m+fp/hard\libgcc.a

.debug_info     0x0000000000000000    0x16f80
 .debug_info    0x0000000000000000      0xad2 ./Core/Src/adc.o
 .debug_info    0x0000000000000ad2      0x593 ./Core/Src/gpio.o
 .debug_info    0x0000000000001065     0x18a1 ./Core/Src/main.o
 .debug_info    0x0000000000002906      0x1e3 ./Core/Src/pid.o
 .debug_info    0x0000000000002ae9      0x3be ./Core/Src/stm32f7xx_hal_msp.o
 .debug_info    0x0000000000002ea7      0x84c ./Core/Src/stm32f7xx_it.o
 .debug_info    0x00000000000036f3      0x7ad ./Core/Src/system_stm32f7xx.o
 .debug_info    0x0000000000003ea0     0x15ea ./Core/Src/tim.o
 .debug_info    0x000000000000548a      0xb20 ./Core/Src/usart.o
 .debug_info    0x0000000000005faa      0xa76 ./Core/Src/usb_otg.o
 .debug_info    0x0000000000006a20       0x22 ./Core/Startup/startup_stm32f746zgtx.o
 .debug_info    0x0000000000006a42      0xa42 ./Drivers/STM32F7xx_HAL_Driver/Src/stm32f7xx_hal.o
 .debug_info    0x0000000000007484      0xd86 ./Drivers/STM32F7xx_HAL_Driver/Src/stm32f7xx_hal_adc.o
 .debug_info    0x000000000000820a     0x1116 ./Drivers/STM32F7xx_HAL_Driver/Src/stm32f7xx_hal_cortex.o
 .debug_info    0x0000000000009320      0x868 ./Drivers/STM32F7xx_HAL_Driver/Src/stm32f7xx_hal_gpio.o
 .debug_info    0x0000000000009b88     0x134f ./Drivers/STM32F7xx_HAL_Driver/Src/stm32f7xx_hal_pcd.o
 .debug_info    0x000000000000aed7      0x88b ./Drivers/STM32F7xx_HAL_Driver/Src/stm32f7xx_hal_pcd_ex.o
 .debug_info    0x000000000000b762      0xa4c ./Drivers/STM32F7xx_HAL_Driver/Src/stm32f7xx_hal_pwr.o
 .debug_info    0x000000000000c1ae      0x9cc ./Drivers/STM32F7xx_HAL_Driver/Src/stm32f7xx_hal_rcc.o
 .debug_info    0x000000000000cb7a      0x82c ./Drivers/STM32F7xx_HAL_Driver/Src/stm32f7xx_hal_rcc_ex.o
 .debug_info    0x000000000000d3a6     0x2d3e ./Drivers/STM32F7xx_HAL_Driver/Src/stm32f7xx_hal_tim.o
 .debug_info    0x00000000000100e4     0x1688 ./Drivers/STM32F7xx_HAL_Driver/Src/stm32f7xx_hal_tim_ex.o
 .debug_info    0x000000000001176c     0x3cd4 ./Drivers/STM32F7xx_HAL_Driver/Src/stm32f7xx_hal_uart.o
 .debug_info    0x0000000000015440     0x1b40 ./Drivers/STM32F7xx_HAL_Driver/Src/stm32f7xx_ll_usb.o

.debug_abbrev   0x0000000000000000     0x2e25
 .debug_abbrev  0x0000000000000000      0x1bb ./Core/Src/adc.o
 .debug_abbrev  0x00000000000001bb      0x14e ./Core/Src/gpio.o
 .debug_abbrev  0x0000000000000309      0x22e ./Core/Src/main.o
 .debug_abbrev  0x0000000000000537      0x11c ./Core/Src/pid.o
 .debug_abbrev  0x0000000000000653      0x11d ./Core/Src/stm32f7xx_hal_msp.o
 .debug_abbrev  0x0000000000000770      0x176 ./Core/Src/stm32f7xx_it.o
 .debug_abbrev  0x00000000000008e6      0x165 ./Core/Src/system_stm32f7xx.o
 .debug_abbrev  0x0000000000000a4b      0x26b ./Core/Src/tim.o
 .debug_abbrev  0x0000000000000cb6      0x1bb ./Core/Src/usart.o
 .debug_abbrev  0x0000000000000e71      0x1da ./Core/Src/usb_otg.o
 .debug_abbrev  0x000000000000104b       0x12 ./Core/Startup/startup_stm32f746zgtx.o
 .debug_abbrev  0x000000000000105d      0x1ed ./Drivers/STM32F7xx_HAL_Driver/Src/stm32f7xx_hal.o
 .debug_abbrev  0x000000000000124a      0x22f ./Drivers/STM32F7xx_HAL_Driver/Src/stm32f7xx_hal_adc.o
 .debug_abbrev  0x0000000000001479      0x33c ./Drivers/STM32F7xx_HAL_Driver/Src/stm32f7xx_hal_cortex.o
 .debug_abbrev  0x00000000000017b5      0x1f1 ./Drivers/STM32F7xx_HAL_Driver/Src/stm32f7xx_hal_gpio.o
 .debug_abbrev  0x00000000000019a6      0x2a0 ./Drivers/STM32F7xx_HAL_Driver/Src/stm32f7xx_hal_pcd.o
 .debug_abbrev  0x0000000000001c46      0x1ea ./Drivers/STM32F7xx_HAL_Driver/Src/stm32f7xx_hal_pcd_ex.o
 .debug_abbrev  0x0000000000001e30      0x1de ./Drivers/STM32F7xx_HAL_Driver/Src/stm32f7xx_hal_pwr.o
 .debug_abbrev  0x000000000000200e      0x246 ./Drivers/STM32F7xx_HAL_Driver/Src/stm32f7xx_hal_rcc.o
 .debug_abbrev  0x0000000000002254      0x1d1 ./Drivers/STM32F7xx_HAL_Driver/Src/stm32f7xx_hal_rcc_ex.o
 .debug_abbrev  0x0000000000002425      0x25e ./Drivers/STM32F7xx_HAL_Driver/Src/stm32f7xx_hal_tim.o
 .debug_abbrev  0x0000000000002683      0x266 ./Drivers/STM32F7xx_HAL_Driver/Src/stm32f7xx_hal_tim_ex.o
 .debug_abbrev  0x00000000000028e9      0x2b3 ./Drivers/STM32F7xx_HAL_Driver/Src/stm32f7xx_hal_uart.o
 .debug_abbrev  0x0000000000002b9c      0x289 ./Drivers/STM32F7xx_HAL_Driver/Src/stm32f7xx_ll_usb.o

.debug_aranges  0x0000000000000000     0x11c0
 .debug_aranges
                0x0000000000000000       0x30 ./Core/Src/adc.o
 .debug_aranges
                0x0000000000000030       0x20 ./Core/Src/gpio.o
 .debug_aranges
                0x0000000000000050       0x30 ./Core/Src/main.o
 .debug_aranges
                0x0000000000000080       0x28 ./Core/Src/pid.o
 .debug_aranges
                0x00000000000000a8       0x20 ./Core/Src/stm32f7xx_hal_msp.o
 .debug_aranges
                0x00000000000000c8       0x68 ./Core/Src/stm32f7xx_it.o
 .debug_aranges
                0x0000000000000130       0x28 ./Core/Src/system_stm32f7xx.o
 .debug_aranges
                0x0000000000000158       0x70 ./Core/Src/tim.o
 .debug_aranges
                0x00000000000001c8       0x30 ./Core/Src/usart.o
 .debug_aranges
                0x00000000000001f8       0x30 ./Core/Src/usb_otg.o
 .debug_aranges
                0x0000000000000228       0x28 ./Core/Startup/startup_stm32f746zgtx.o
 .debug_aranges
                0x0000000000000250      0x100 ./Drivers/STM32F7xx_HAL_Driver/Src/stm32f7xx_hal.o
 .debug_aranges
                0x0000000000000350       0xe8 ./Drivers/STM32F7xx_HAL_Driver/Src/stm32f7xx_hal_adc.o
 .debug_aranges
                0x0000000000000438      0x118 ./Drivers/STM32F7xx_HAL_Driver/Src/stm32f7xx_hal_cortex.o
 .debug_aranges
                0x0000000000000550       0x58 ./Drivers/STM32F7xx_HAL_Driver/Src/stm32f7xx_hal_gpio.o
 .debug_aranges
                0x00000000000005a8      0x140 ./Drivers/STM32F7xx_HAL_Driver/Src/stm32f7xx_hal_pcd.o
 .debug_aranges
                0x00000000000006e8       0x48 ./Drivers/STM32F7xx_HAL_Driver/Src/stm32f7xx_hal_pcd_ex.o
 .debug_aranges
                0x0000000000000730       0xa0 ./Drivers/STM32F7xx_HAL_Driver/Src/stm32f7xx_hal_pwr.o
 .debug_aranges
                0x00000000000007d0       0x88 ./Drivers/STM32F7xx_HAL_Driver/Src/stm32f7xx_hal_rcc.o
 .debug_aranges
                0x0000000000000858       0x50 ./Drivers/STM32F7xx_HAL_Driver/Src/stm32f7xx_hal_rcc_ex.o
 .debug_aranges
                0x00000000000008a8      0x3e0 ./Drivers/STM32F7xx_HAL_Driver/Src/stm32f7xx_hal_tim.o
 .debug_aranges
                0x0000000000000c88      0x178 ./Drivers/STM32F7xx_HAL_Driver/Src/stm32f7xx_hal_tim_ex.o
 .debug_aranges
                0x0000000000000e00      0x228 ./Drivers/STM32F7xx_HAL_Driver/Src/stm32f7xx_hal_uart.o
 .debug_aranges
                0x0000000000001028      0x198 ./Drivers/STM32F7xx_HAL_Driver/Src/stm32f7xx_ll_usb.o

.debug_ranges   0x0000000000000000     0x1078
 .debug_ranges  0x0000000000000000       0x20 ./Core/Src/adc.o
 .debug_ranges  0x0000000000000020       0x10 ./Core/Src/gpio.o
 .debug_ranges  0x0000000000000030       0x20 ./Core/Src/main.o
 .debug_ranges  0x0000000000000050       0x18 ./Core/Src/pid.o
 .debug_ranges  0x0000000000000068       0x10 ./Core/Src/stm32f7xx_hal_msp.o
 .debug_ranges  0x0000000000000078       0x58 ./Core/Src/stm32f7xx_it.o
 .debug_ranges  0x00000000000000d0       0x18 ./Core/Src/system_stm32f7xx.o
 .debug_ranges  0x00000000000000e8       0x60 ./Core/Src/tim.o
 .debug_ranges  0x0000000000000148       0x20 ./Core/Src/usart.o
 .debug_ranges  0x0000000000000168       0x20 ./Core/Src/usb_otg.o
 .debug_ranges  0x0000000000000188       0x20 ./Core/Startup/startup_stm32f746zgtx.o
 .debug_ranges  0x00000000000001a8       0xf0 ./Drivers/STM32F7xx_HAL_Driver/Src/stm32f7xx_hal.o
 .debug_ranges  0x0000000000000298       0xd8 ./Drivers/STM32F7xx_HAL_Driver/Src/stm32f7xx_hal_adc.o
 .debug_ranges  0x0000000000000370      0x108 ./Drivers/STM32F7xx_HAL_Driver/Src/stm32f7xx_hal_cortex.o
 .debug_ranges  0x0000000000000478       0x48 ./Drivers/STM32F7xx_HAL_Driver/Src/stm32f7xx_hal_gpio.o
 .debug_ranges  0x00000000000004c0      0x130 ./Drivers/STM32F7xx_HAL_Driver/Src/stm32f7xx_hal_pcd.o
 .debug_ranges  0x00000000000005f0       0x38 ./Drivers/STM32F7xx_HAL_Driver/Src/stm32f7xx_hal_pcd_ex.o
 .debug_ranges  0x0000000000000628       0x90 ./Drivers/STM32F7xx_HAL_Driver/Src/stm32f7xx_hal_pwr.o
 .debug_ranges  0x00000000000006b8       0x78 ./Drivers/STM32F7xx_HAL_Driver/Src/stm32f7xx_hal_rcc.o
 .debug_ranges  0x0000000000000730       0x40 ./Drivers/STM32F7xx_HAL_Driver/Src/stm32f7xx_hal_rcc_ex.o
 .debug_ranges  0x0000000000000770      0x3d0 ./Drivers/STM32F7xx_HAL_Driver/Src/stm32f7xx_hal_tim.o
 .debug_ranges  0x0000000000000b40      0x168 ./Drivers/STM32F7xx_HAL_Driver/Src/stm32f7xx_hal_tim_ex.o
 .debug_ranges  0x0000000000000ca8      0x248 ./Drivers/STM32F7xx_HAL_Driver/Src/stm32f7xx_hal_uart.o
 .debug_ranges  0x0000000000000ef0      0x188 ./Drivers/STM32F7xx_HAL_Driver/Src/stm32f7xx_ll_usb.o

.debug_macro    0x0000000000000000    0x27292
 .debug_macro   0x0000000000000000      0x238 ./Core/Src/adc.o
 .debug_macro   0x0000000000000238      0xaa8 ./Core/Src/adc.o
 .debug_macro   0x0000000000000ce0      0x29f ./Core/Src/adc.o
 .debug_macro   0x0000000000000f7f       0x2e ./Core/Src/adc.o
 .debug_macro   0x0000000000000fad       0x3b ./Core/Src/adc.o
 .debug_macro   0x0000000000000fe8       0x22 ./Core/Src/adc.o
 .debug_macro   0x000000000000100a       0x8e ./Core/Src/adc.o
 .debug_macro   0x0000000000001098       0x51 ./Core/Src/adc.o
 .debug_macro   0x00000000000010e9      0x103 ./Core/Src/adc.o
 .debug_macro   0x00000000000011ec       0x6a ./Core/Src/adc.o
 .debug_macro   0x0000000000001256      0x1df ./Core/Src/adc.o
 .debug_macro   0x0000000000001435       0x1c ./Core/Src/adc.o
 .debug_macro   0x0000000000001451       0x22 ./Core/Src/adc.o
 .debug_macro   0x0000000000001473       0xdf ./Core/Src/adc.o
 .debug_macro   0x0000000000001552     0x12cd ./Core/Src/adc.o
 .debug_macro   0x000000000000281f      0x11f ./Core/Src/adc.o
 .debug_macro   0x000000000000293e       0x19 ./Core/Src/adc.o
 .debug_macro   0x0000000000002957    0x191da ./Core/Src/adc.o
 .debug_macro   0x000000000001bb31       0x6d ./Core/Src/adc.o
 .debug_macro   0x000000000001bb9e     0x3714 ./Core/Src/adc.o
 .debug_macro   0x000000000001f2b2      0x174 ./Core/Src/adc.o
 .debug_macro   0x000000000001f426       0x63 ./Core/Src/adc.o
 .debug_macro   0x000000000001f489     0x18ad ./Core/Src/adc.o
 .debug_macro   0x0000000000020d36      0x6c4 ./Core/Src/adc.o
 .debug_macro   0x00000000000213fa      0x185 ./Core/Src/adc.o
 .debug_macro   0x000000000002157f      0x115 ./Core/Src/adc.o
 .debug_macro   0x0000000000021694      0x1fd ./Core/Src/adc.o
 .debug_macro   0x0000000000021891       0xa5 ./Core/Src/adc.o
 .debug_macro   0x0000000000021936      0x24f ./Core/Src/adc.o
 .debug_macro   0x0000000000021b85       0x41 ./Core/Src/adc.o
 .debug_macro   0x0000000000021bc6       0x58 ./Core/Src/adc.o
 .debug_macro   0x0000000000021c1e      0x236 ./Core/Src/adc.o
 .debug_macro   0x0000000000021e54      0x416 ./Core/Src/adc.o
 .debug_macro   0x000000000002226a      0x153 ./Core/Src/adc.o
 .debug_macro   0x00000000000223bd      0x107 ./Core/Src/adc.o
 .debug_macro   0x00000000000224c4      0x14e ./Core/Src/adc.o
 .debug_macro   0x0000000000022612      0x25a ./Core/Src/adc.o
 .debug_macro   0x000000000002286c       0x12 ./Core/Src/adc.o
 .debug_macro   0x000000000002287e      0x22c ./Core/Src/adc.o
 .debug_macro   0x0000000000022aaa       0x61 ./Core/Src/adc.o
 .debug_macro   0x0000000000022b0b       0xa5 ./Core/Src/adc.o
 .debug_macro   0x0000000000022bb0      0x12e ./Core/Src/adc.o
 .debug_macro   0x0000000000022cde      0x108 ./Core/Src/adc.o
 .debug_macro   0x0000000000022de6       0x35 ./Core/Src/adc.o
 .debug_macro   0x0000000000022e1b      0xa60 ./Core/Src/adc.o
 .debug_macro   0x000000000002387b       0x59 ./Core/Src/adc.o
 .debug_macro   0x00000000000238d4      0x558 ./Core/Src/adc.o
 .debug_macro   0x0000000000023e2c       0x44 ./Core/Src/adc.o
 .debug_macro   0x0000000000023e70      0x256 ./Core/Src/adc.o
 .debug_macro   0x00000000000240c6       0xba ./Core/Src/adc.o
 .debug_macro   0x0000000000024180      0x14d ./Core/Src/adc.o
 .debug_macro   0x00000000000242cd      0x13c ./Core/Src/adc.o
 .debug_macro   0x0000000000024409      0x238 ./Core/Src/gpio.o
 .debug_macro   0x0000000000024641      0x264 ./Core/Src/main.o
 .debug_macro   0x00000000000248a5       0x73 ./Core/Src/pid.o
 .debug_macro   0x0000000000024918      0x22e ./Core/Src/stm32f7xx_hal_msp.o
 .debug_macro   0x0000000000024b46      0x238 ./Core/Src/stm32f7xx_it.o
 .debug_macro   0x0000000000024d7e      0x21f ./Core/Src/system_stm32f7xx.o
 .debug_macro   0x0000000000024f9d      0x24b ./Core/Src/tim.o
 .debug_macro   0x00000000000251e8       0x10 ./Core/Src/tim.o
 .debug_macro   0x00000000000251f8      0x238 ./Core/Src/usart.o
 .debug_macro   0x0000000000025430      0x238 ./Core/Src/usb_otg.o
 .debug_macro   0x0000000000025668      0x243 ./Drivers/STM32F7xx_HAL_Driver/Src/stm32f7xx_hal.o
 .debug_macro   0x00000000000258ab      0x220 ./Drivers/STM32F7xx_HAL_Driver/Src/stm32f7xx_hal_adc.o
 .debug_macro   0x0000000000025acb      0x21f ./Drivers/STM32F7xx_HAL_Driver/Src/stm32f7xx_hal_cortex.o
 .debug_macro   0x0000000000025cea      0x225 ./Drivers/STM32F7xx_HAL_Driver/Src/stm32f7xx_hal_gpio.o
 .debug_macro   0x0000000000025f0f      0x22b ./Drivers/STM32F7xx_HAL_Driver/Src/stm32f7xx_hal_pcd.o
 .debug_macro   0x000000000002613a      0x21f ./Drivers/STM32F7xx_HAL_Driver/Src/stm32f7xx_hal_pcd_ex.o
 .debug_macro   0x0000000000026359      0x23d ./Drivers/STM32F7xx_HAL_Driver/Src/stm32f7xx_hal_pwr.o
 .debug_macro   0x0000000000026596      0x243 ./Drivers/STM32F7xx_HAL_Driver/Src/stm32f7xx_hal_rcc.o
 .debug_macro   0x00000000000267d9      0x21f ./Drivers/STM32F7xx_HAL_Driver/Src/stm32f7xx_hal_rcc_ex.o
 .debug_macro   0x00000000000269f8      0x220 ./Drivers/STM32F7xx_HAL_Driver/Src/stm32f7xx_hal_tim.o
 .debug_macro   0x0000000000026c18      0x21f ./Drivers/STM32F7xx_HAL_Driver/Src/stm32f7xx_hal_tim_ex.o
 .debug_macro   0x0000000000026e37      0x23c ./Drivers/STM32F7xx_HAL_Driver/Src/stm32f7xx_hal_uart.o
 .debug_macro   0x0000000000027073      0x21f ./Drivers/STM32F7xx_HAL_Driver/Src/stm32f7xx_ll_usb.o

.debug_line     0x0000000000000000    0x16cfe
 .debug_line    0x0000000000000000      0x7fd ./Core/Src/adc.o
 .debug_line    0x00000000000007fd      0x7f2 ./Core/Src/gpio.o
 .debug_line    0x0000000000000fef      0x83b ./Core/Src/main.o
 .debug_line    0x000000000000182a      0x447 ./Core/Src/pid.o
 .debug_line    0x0000000000001c71      0x77e ./Core/Src/stm32f7xx_hal_msp.o
 .debug_line    0x00000000000023ef      0x858 ./Core/Src/stm32f7xx_it.o
 .debug_line    0x0000000000002c47      0x7fd ./Core/Src/system_stm32f7xx.o
 .debug_line    0x0000000000003444      0xa16 ./Core/Src/tim.o
 .debug_line    0x0000000000003e5a      0x7ed ./Core/Src/usart.o
 .debug_line    0x0000000000004647      0x7fa ./Core/Src/usb_otg.o
 .debug_line    0x0000000000004e41       0x88 ./Core/Startup/startup_stm32f746zgtx.o
 .debug_line    0x0000000000004ec9      0xa8e ./Drivers/STM32F7xx_HAL_Driver/Src/stm32f7xx_hal.o
 .debug_line    0x0000000000005957     0x12c6 ./Drivers/STM32F7xx_HAL_Driver/Src/stm32f7xx_hal_adc.o
 .debug_line    0x0000000000006c1d      0xd14 ./Drivers/STM32F7xx_HAL_Driver/Src/stm32f7xx_hal_cortex.o
 .debug_line    0x0000000000007931      0xc02 ./Drivers/STM32F7xx_HAL_Driver/Src/stm32f7xx_hal_gpio.o
 .debug_line    0x0000000000008533     0x13aa ./Drivers/STM32F7xx_HAL_Driver/Src/stm32f7xx_hal_pcd.o
 .debug_line    0x00000000000098dd      0x88f ./Drivers/STM32F7xx_HAL_Driver/Src/stm32f7xx_hal_pcd_ex.o
 .debug_line    0x000000000000a16c      0x992 ./Drivers/STM32F7xx_HAL_Driver/Src/stm32f7xx_hal_pwr.o
 .debug_line    0x000000000000aafe      0xed1 ./Drivers/STM32F7xx_HAL_Driver/Src/stm32f7xx_hal_rcc.o
 .debug_line    0x000000000000b9cf      0xe8a ./Drivers/STM32F7xx_HAL_Driver/Src/stm32f7xx_hal_rcc_ex.o
 .debug_line    0x000000000000c859     0x3c7f ./Drivers/STM32F7xx_HAL_Driver/Src/stm32f7xx_hal_tim.o
 .debug_line    0x00000000000104d8     0x1b84 ./Drivers/STM32F7xx_HAL_Driver/Src/stm32f7xx_hal_tim_ex.o
 .debug_line    0x000000000001205c     0x3258 ./Drivers/STM32F7xx_HAL_Driver/Src/stm32f7xx_hal_uart.o
 .debug_line    0x00000000000152b4     0x1a4a ./Drivers/STM32F7xx_HAL_Driver/Src/stm32f7xx_ll_usb.o

.debug_str      0x0000000000000000    0xf3b19
 .debug_str     0x0000000000000000    0xee8fb ./Core/Src/adc.o
                                      0xef040 (size before relaxing)
 .debug_str     0x00000000000ee8fb       0x48 ./Core/Src/gpio.o
                                      0xeebf7 (size before relaxing)
 .debug_str     0x00000000000ee943      0xbda ./Core/Src/main.o
                                      0xefc18 (size before relaxing)
 .debug_str     0x00000000000ef51d       0xb5 ./Core/Src/pid.o
                                       0x3d95 (size before relaxing)
 .debug_str     0x00000000000ef5d2       0x2c ./Core/Src/stm32f7xx_hal_msp.o
                                      0xeeb5a (size before relaxing)
 .debug_str     0x00000000000ef5fe       0xcd ./Core/Src/stm32f7xx_it.o
                                      0xef044 (size before relaxing)
 .debug_str     0x00000000000ef6cb      0x178 ./Core/Src/system_stm32f7xx.o
                                      0xee7ad (size before relaxing)
 .debug_str     0x00000000000ef843      0x8f7 ./Core/Src/tim.o
                                      0xefcbe (size before relaxing)
 .debug_str     0x00000000000f013a       0x57 ./Core/Src/usart.o
                                      0xef088 (size before relaxing)
 .debug_str     0x00000000000f0191       0x59 ./Core/Src/usb_otg.o
                                      0xeeffb (size before relaxing)
 .debug_str     0x00000000000f01ea       0x36 ./Core/Startup/startup_stm32f746zgtx.o
                                         0x69 (size before relaxing)
 .debug_str     0x00000000000f0220      0x38c ./Drivers/STM32F7xx_HAL_Driver/Src/stm32f7xx_hal.o
                                      0xef074 (size before relaxing)
 .debug_str     0x00000000000f05ac      0x29d ./Drivers/STM32F7xx_HAL_Driver/Src/stm32f7xx_hal_adc.o
                                      0xeec74 (size before relaxing)
 .debug_str     0x00000000000f0849      0x388 ./Drivers/STM32F7xx_HAL_Driver/Src/stm32f7xx_hal_cortex.o
                                      0xef11b (size before relaxing)
 .debug_str     0x00000000000f0bd1      0x143 ./Drivers/STM32F7xx_HAL_Driver/Src/stm32f7xx_hal_gpio.o
                                      0xee897 (size before relaxing)
 .debug_str     0x00000000000f0d14      0x56a ./Drivers/STM32F7xx_HAL_Driver/Src/stm32f7xx_hal_pcd.o
                                      0xeeef9 (size before relaxing)
 .debug_str     0x00000000000f127e      0x172 ./Drivers/STM32F7xx_HAL_Driver/Src/stm32f7xx_hal_pcd_ex.o
                                      0xeeacf (size before relaxing)
 .debug_str     0x00000000000f13f0      0x2c5 ./Drivers/STM32F7xx_HAL_Driver/Src/stm32f7xx_hal_pwr.o
                                      0xeea7a (size before relaxing)
 .debug_str     0x00000000000f16b5      0x278 ./Drivers/STM32F7xx_HAL_Driver/Src/stm32f7xx_hal_rcc.o
                                      0xeeadd (size before relaxing)
 .debug_str     0x00000000000f192d      0x169 ./Drivers/STM32F7xx_HAL_Driver/Src/stm32f7xx_hal_rcc_ex.o
                                      0xeea67 (size before relaxing)
 .debug_str     0x00000000000f1a96      0xcd3 ./Drivers/STM32F7xx_HAL_Driver/Src/stm32f7xx_hal_tim.o
                                      0xefa5c (size before relaxing)
 .debug_str     0x00000000000f2769      0x494 ./Drivers/STM32F7xx_HAL_Driver/Src/stm32f7xx_hal_tim_ex.o
                                      0xef260 (size before relaxing)
 .debug_str     0x00000000000f2bfd      0x879 ./Drivers/STM32F7xx_HAL_Driver/Src/stm32f7xx_hal_uart.o
                                      0xef3d1 (size before relaxing)
 .debug_str     0x00000000000f3476      0x6a3 ./Drivers/STM32F7xx_HAL_Driver/Src/stm32f7xx_ll_usb.o
                                      0xef02b (size before relaxing)

.comment        0x0000000000000000       0x53
 .comment       0x0000000000000000       0x53 ./Core/Src/adc.o
                                         0x54 (size before relaxing)
 .comment       0x0000000000000053       0x54 ./Core/Src/gpio.o
 .comment       0x0000000000000053       0x54 ./Core/Src/main.o
 .comment       0x0000000000000053       0x54 ./Core/Src/pid.o
 .comment       0x0000000000000053       0x54 ./Core/Src/stm32f7xx_hal_msp.o
 .comment       0x0000000000000053       0x54 ./Core/Src/stm32f7xx_it.o
 .comment       0x0000000000000053       0x54 ./Core/Src/system_stm32f7xx.o
 .comment       0x0000000000000053       0x54 ./Core/Src/tim.o
 .comment       0x0000000000000053       0x54 ./Core/Src/usart.o
 .comment       0x0000000000000053       0x54 ./Core/Src/usb_otg.o
 .comment       0x0000000000000053       0x54 ./Drivers/STM32F7xx_HAL_Driver/Src/stm32f7xx_hal.o
 .comment       0x0000000000000053       0x54 ./Drivers/STM32F7xx_HAL_Driver/Src/stm32f7xx_hal_adc.o
 .comment       0x0000000000000053       0x54 ./Drivers/STM32F7xx_HAL_Driver/Src/stm32f7xx_hal_cortex.o
 .comment       0x0000000000000053       0x54 ./Drivers/STM32F7xx_HAL_Driver/Src/stm32f7xx_hal_gpio.o
 .comment       0x0000000000000053       0x54 ./Drivers/STM32F7xx_HAL_Driver/Src/stm32f7xx_hal_pcd.o
 .comment       0x0000000000000053       0x54 ./Drivers/STM32F7xx_HAL_Driver/Src/stm32f7xx_hal_pcd_ex.o
 .comment       0x0000000000000053       0x54 ./Drivers/STM32F7xx_HAL_Driver/Src/stm32f7xx_hal_pwr.o
 .comment       0x0000000000000053       0x54 ./Drivers/STM32F7xx_HAL_Driver/Src/stm32f7xx_hal_rcc.o
 .comment       0x0000000000000053       0x54 ./Drivers/STM32F7xx_HAL_Driver/Src/stm32f7xx_hal_rcc_ex.o
 .comment       0x0000000000000053       0x54 ./Drivers/STM32F7xx_HAL_Driver/Src/stm32f7xx_hal_tim.o
 .comment       0x0000000000000053       0x54 ./Drivers/STM32F7xx_HAL_Driver/Src/stm32f7xx_hal_tim_ex.o
 .comment       0x0000000000000053       0x54 ./Drivers/STM32F7xx_HAL_Driver/Src/stm32f7xx_hal_uart.o
 .comment       0x0000000000000053       0x54 ./Drivers/STM32F7xx_HAL_Driver/Src/stm32f7xx_ll_usb.o

.debug_frame    0x0000000000000000     0x4a18
 .debug_frame   0x0000000000000000       0x7c ./Core/Src/adc.o
 .debug_frame   0x000000000000007c       0x34 ./Core/Src/gpio.o
 .debug_frame   0x00000000000000b0       0x6c ./Core/Src/main.o
 .debug_frame   0x000000000000011c       0x68 ./Core/Src/pid.o
 .debug_frame   0x0000000000000184       0x38 ./Core/Src/stm32f7xx_hal_msp.o
 .debug_frame   0x00000000000001bc      0x120 ./Core/Src/stm32f7xx_it.o
 .debug_frame   0x00000000000002dc       0x58 ./Core/Src/system_stm32f7xx.o
 .debug_frame   0x0000000000000334      0x1a0 ./Core/Src/tim.o
 .debug_frame   0x00000000000004d4       0x74 ./Core/Src/usart.o
 .debug_frame   0x0000000000000548       0x74 ./Core/Src/usb_otg.o
 .debug_frame   0x00000000000005bc      0x3b4 ./Drivers/STM32F7xx_HAL_Driver/Src/stm32f7xx_hal.o
 .debug_frame   0x0000000000000970      0x3fc ./Drivers/STM32F7xx_HAL_Driver/Src/stm32f7xx_hal_adc.o
 .debug_frame   0x0000000000000d6c      0x498 ./Drivers/STM32F7xx_HAL_Driver/Src/stm32f7xx_hal_cortex.o
 .debug_frame   0x0000000000001204      0x14c ./Drivers/STM32F7xx_HAL_Driver/Src/stm32f7xx_hal_gpio.o
 .debug_frame   0x0000000000001350      0x59c ./Drivers/STM32F7xx_HAL_Driver/Src/stm32f7xx_hal_pcd.o
 .debug_frame   0x00000000000018ec      0x100 ./Drivers/STM32F7xx_HAL_Driver/Src/stm32f7xx_hal_pcd_ex.o
 .debug_frame   0x00000000000019ec      0x254 ./Drivers/STM32F7xx_HAL_Driver/Src/stm32f7xx_hal_pwr.o
 .debug_frame   0x0000000000001c40      0x1f4 ./Drivers/STM32F7xx_HAL_Driver/Src/stm32f7xx_hal_rcc.o
 .debug_frame   0x0000000000001e34      0x118 ./Drivers/STM32F7xx_HAL_Driver/Src/stm32f7xx_hal_rcc_ex.o
 .debug_frame   0x0000000000001f4c     0x121c ./Drivers/STM32F7xx_HAL_Driver/Src/stm32f7xx_hal_tim.o
 .debug_frame   0x0000000000003168      0x688 ./Drivers/STM32F7xx_HAL_Driver/Src/stm32f7xx_hal_tim_ex.o
 .debug_frame   0x00000000000037f0      0x9e4 ./Drivers/STM32F7xx_HAL_Driver/Src/stm32f7xx_hal_uart.o
 .debug_frame   0x00000000000041d4      0x798 ./Drivers/STM32F7xx_HAL_Driver/Src/stm32f7xx_ll_usb.o
 .debug_frame   0x000000000000496c       0x2c g:/cubeide/stm32cubeide_1.6.1/stm32cubeide/plugins/com.st.stm32cube.ide.mcu.externaltools.gnu-tools-for-stm32.9-2020-q2-update.win32_2.0.0.202105311346/tools/bin/../lib/gcc/arm-none-eabi/9.3.1/../../../../arm-none-eabi/lib/thumb/v7e-m+fp/hard\libc_nano.a(lib_a-init.o)
 .debug_frame   0x0000000000004998       0x20 g:/cubeide/stm32cubeide_1.6.1/stm32cubeide/plugins/com.st.stm32cube.ide.mcu.externaltools.gnu-tools-for-stm32.9-2020-q2-update.win32_2.0.0.202105311346/tools/bin/../lib/gcc/arm-none-eabi/9.3.1/../../../../arm-none-eabi/lib/thumb/v7e-m+fp/hard\libc_nano.a(lib_a-memset.o)
 .debug_frame   0x00000000000049b8       0x2c g:/cubeide/stm32cubeide_1.6.1/stm32cubeide/plugins/com.st.stm32cube.ide.mcu.externaltools.gnu-tools-for-stm32.9-2020-q2-update.win32_2.0.0.202105311346/tools/bin/../lib/gcc/arm-none-eabi/9.3.1/thumb/v7e-m+fp/hard\libgcc.a(_aeabi_uldivmod.o)
 .debug_frame   0x00000000000049e4       0x34 g:/cubeide/stm32cubeide_1.6.1/stm32cubeide/plugins/com.st.stm32cube.ide.mcu.externaltools.gnu-tools-for-stm32.9-2020-q2-update.win32_2.0.0.202105311346/tools/bin/../lib/gcc/arm-none-eabi/9.3.1/thumb/v7e-m+fp/hard\libgcc.a(_udivmoddi4.o)
