tim.c:58:6:MX_TIM1_Init	112	static
tim.c:133:6:MX_TIM3_Init	56	static
tim.c:177:6:MX_TIM4_Init	40	static
tim.c:217:6:MX_TIM9_Init	24	static
tim.c:250:6:HAL_TIM_Base_MspInit	32	static
tim.c:300:6:HAL_TIM_Encoder_MspInit	48	static
tim.c:337:6:HAL_TIM_MspPostInit	40	static
tim.c:365:6:HAL_TIM_Base_MspDeInit	16	static
tim.c:426:6:HAL_TIM_Encoder_MspDeInit	16	static
tim.c:452:6:SetPwmValue	8	static
tim.c:462:6:HAL_TIM_PeriodElapsedCallback	40	static
tim.c:498:8:GetEncoderValue	24	static
tim.c:511:6:ReadADC	8	static
tim.c:517:6:UpdatePid	56	static
