tim.c:57:6:MX_TIM1_Init	112	static
tim.c:132:6:MX_TIM3_Init	56	static
tim.c:176:6:MX_TIM4_Init	40	static
tim.c:216:6:MX_TIM9_Init	24	static
tim.c:249:6:HAL_TIM_Base_MspInit	32	static
tim.c:299:6:HAL_TIM_Encoder_MspInit	48	static
tim.c:336:6:HAL_TIM_MspPostInit	40	static
tim.c:364:6:HAL_TIM_Base_MspDeInit	16	static
tim.c:425:6:HAL_TIM_Encoder_MspDeInit	16	static
tim.c:451:6:SetPwmValue	8	static
tim.c:459:6:HAL_TIM_PeriodElapsedCallback	40	static
tim.c:496:8:GetEncoderValue	24	static
tim.c:509:6:ReadADC	8	static
tim.c:515:6:UpdatePid	40	static
